******************************************************************************
              TMS320C55x Linker PC v4.3.8                      
******************************************************************************
>> Linked Mon May 04 15:49:30 2020

OUTPUT FILE NAME:   <VC5505_FFT_Filter_Demo.out>
ENTRY POINT SYMBOL: "reset_isr"  address: 000171ae


MEMORY CONFIGURATION

         name            origin    length      used     unused   attr    fill
                        (bytes)   (bytes)    (bytes)   (bytes)
----------------------  --------  ---------  --------  --------  ----  --------
  MMR                   00000000   000000c0  00000000  000000c0  RW  
  DARAM_0               000000c0   00001f40  00001da8  00000198  RW  
  DARAM_1               00002000   00002000  00002000  00000000  RW  
  DARAM_2               00004000   00002000  00002000  00000000  RW  
  DARAM_3               00006000   00002000  00002000  00000000  RW  
  DARAM_4               00008000   00002000  00002000  00000000  RW  
  DARAM_5               0000a000   00002000  00001a38  000005c8  RW  
  DARAM_6               0000c000   00002000  00001010  00000ff0  RW  
  DARAM_7               0000e000   00002000  00001010  00000ff0  RW  
  SARAM                 00010000   00020000  0000db1e  000124e2  RW  
  SARAM_2               00030000   0001c000  00000000  0001c000  RW  
  SARAM_3               0004c000   00001000  00000000  00001000  RWIX
  SARAM_4               0004d000   00001000  00000000  00001000  RWIX
  SARAM_5               0004e000   00001000  00000000  00001000  RW  
  SARAM_6               0004f000   00001000  00000000  00001000  RW  
  EMIF_CS0              00050000   007b0000  00000000  007b0000  RW  
  EMIF_CS2              00800000   00400000  00000000  00400000  RW  
  EMIF_CS3              00c00000   00200000  00000000  00200000  RW  
  EMIF_CS4              00e00000   00100000  00000000  00100000  RW  
  EMIF_CS5              00f00000   000e0000  00000000  000e0000  RW  
  SAROM_0               00fe0000   00008000  00000000  00008000  R  X
  SAROM_1               00fe8000   00008000  00000000  00008000  R  X
  SAROM_2               00ff0000   00008000  00000000  00008000  R  X
  SAROM_3               00ff8000   00007f00  00000000  00007f00  R  X
  VECS                  00ffff00   00000100  00000000  00000100  R  X


SECTION ALLOCATION MAP
(Addresses surrounded by []'s are displayed for convenience only!)

output                                                          attributes/
section   page  orgn(bytes) orgn(words) len(bytes) len(words)   input sections
--------  ----  ----------- ----------- ---------- ----------   --------------
.stack       0   [ 000000c0 ]  00000060          *   000001f4   UNINITIALIZED
                 [ 000000c0 ]  00000060          *   000001f4   --HOLE--

.sysstack 
*            0   [ 000004a8 ]  00000254          *   000001f4   UNINITIALIZED
                 [ 000004a8 ]  00000254          *   000001f4   --HOLE--

vector       0     00000900  [ 00000480 ] 00000100          *   
                   00000900  [ 00000480 ] 00000100          *   vector.obj (vector)

.const       0   [ 00000a00 ]  00000500          *   00000604   
                 [ 00000a00 ]  00000500          *   00000236   pll.obj (.const:.string)
                 [ 00000e6c ]  00000736          *   00000174   aic3204_init.obj (.const:.string)
                 [ 00001154 ]  000008aa          *   00000101   rts55h.lib : ctype.obj (.const:__ctypes_)
                 [ 00001356 ]  000009ab          *   00000001   --HOLE-- [fill = 0]
                 [ 00001358 ]  000009ac          *   00000099   main.obj (.const:.string)
                 [ 0000148a ]  00000a45          *   00000001   --HOLE-- [fill = 0]
                 [ 0000148c ]  00000a46          *   00000055   MMA8451.obj (.const:.string)
                 [ 00001536 ]  00000a9b          *   00000001   --HOLE-- [fill = 0]
                 [ 00001538 ]  00000a9c          *   00000024   rts55h.lib : _printfi.obj (.const:.string)
                 [ 00001580 ]  00000ac0          *   0000000c              : _printfi.obj (.const)
                 [ 00001598 ]  00000acc          *   0000000a              : ldexp.obj (.const)
                 [ 000015ac ]  00000ad6          *   0000000a              : sqrt.obj (.const)
                 [ 000015c0 ]  00000ae0          *   00000008              : divd.obj (.const:_initial_approx$1)
                 [ 000015d0 ]  00000ae8          *   00000008              : frexp.obj (.const)
                 [ 000015e0 ]  00000af0          *   00000002              : fputs.obj (.const:.string)
                 [ 000015e4 ]  00000af2          *   00000002   MMA8451.obj (.const:_$P$T0$1)
                 [ 000015e8 ]  00000af4          *   00000002   MMA8451.obj (.const:_$P$T1$2)
                 [ 000015ec ]  00000af6          *   00000002   MMA8451.obj (.const:_$P$T2$3)
                 [ 000015f0 ]  00000af8          *   00000002   MMA8451.obj (.const:_$P$T3$4)
                 [ 000015f4 ]  00000afa          *   00000002   MMA8451.obj (.const:_$P$T4$5)
                 [ 000015f8 ]  00000afc          *   00000002   MMA8451.obj (.const:_$P$T5$6)
                 [ 000015fc ]  00000afe          *   00000002   MMA8451.obj (.const:_$P$T6$7)
                 [ 00001600 ]  00000b00          *   00000002   rts55h.lib : divd.obj (.const)
                 [ 00001604 ]  00000b02          *   00000002              : fltlid.obj (.const)

.sysmem      0   [ 00001608 ]  00000b04          *   000003e8   UNINITIALIZED
                 [ 00001608 ]  00000b04          *   000003e8   --HOLE--

vectors      0     00001dd8  [ 00000eec ] 00000100          *   NOLOAD SECTION
                   00001dd8  [ 00000eec ] 00000100          *   rts55h.lib : vectors.obj (vectors)

data_br_buf 
*            0   [ 00002000 ]  00001000          *   00000800   UNINITIALIZED
                 [ 00002000 ]  00001000          *   00000800   main.obj (data_br_buf)

scratch_buf 
*            0   [ 00003000 ]  00001800          *   00000800   UNINITIALIZED
                 [ 00003000 ]  00001800          *   00000800   main.obj (scratch_buf)

coeffs_fft_buf 
*            0   [ 00004000 ]  00002000          *   00000800   UNINITIALIZED
                 [ 00004000 ]  00002000          *   00000800   configuration.obj (coeffs_fft_buf)

convolved_buf 
*            0   [ 00005000 ]  00002800          *   00000800   UNINITIALIZED
                 [ 00005000 ]  00002800          *   00000800   configuration.obj (convolved_buf)

RcvL1        0   [ 00006000 ]  00003000          *   00000800   UNINITIALIZED
                 [ 00006000 ]  00003000          *   00000800   configuration.obj (RcvL1)

RcvL2        0   [ 00007000 ]  00003800          *   00000800   UNINITIALIZED
                 [ 00007000 ]  00003800          *   00000800   configuration.obj (RcvL2)

RcvR1        0   [ 00008000 ]  00004000          *   00000800   UNINITIALIZED
                 [ 00008000 ]  00004000          *   00000800   configuration.obj (RcvR1)

RcvR2        0   [ 00009000 ]  00004800          *   00000800   UNINITIALIZED
                 [ 00009000 ]  00004800          *   00000800   configuration.obj (RcvR2)

FilterOut 
*            0   [ 0000a000 ]  00005000          *   00000800   UNINITIALIZED
                 [ 0000a000 ]  00005000          *   00000800   configuration.obj (FilterOut)

OverlapL     0   [ 0000b000 ]  00005800          *   000001fe   UNINITIALIZED
                 [ 0000b000 ]  00005800          *   000001fe   configuration.obj (OverlapL)

OverlapR     0   [ 0000b3fc ]  000059fe          *   000001fe   UNINITIALIZED
                 [ 0000b3fc ]  000059fe          *   000001fe   configuration.obj (OverlapR)

.cio         0   [ 0000b7f8 ]  00005bfc          *   00000120   UNINITIALIZED
                 [ 0000b7f8 ]  00005bfc          *   00000120   rts55h.lib : trgmsg.obj (.cio)

XmitL1       0   [ 0000c000 ]  00006000          *   00000404   UNINITIALIZED
                 [ 0000c000 ]  00006000          *   00000404   configuration.obj (XmitL1)

XmitL2       0   [ 0000c808 ]  00006404          *   00000404   UNINITIALIZED
                 [ 0000c808 ]  00006404          *   00000404   configuration.obj (XmitL2)

XmitR1       0   [ 0000e000 ]  00007000          *   00000404   UNINITIALIZED
                 [ 0000e000 ]  00007000          *   00000404   configuration.obj (XmitR1)

XmitR2       0   [ 0000e808 ]  00007404          *   00000404   UNINITIALIZED
                 [ 0000e808 ]  00007404          *   00000404   configuration.obj (XmitR2)

.text        0     00010000  [ 00008000 ] 000079f0          *   
                   00010000  [ 00008000 ] 00001526          *   rts55h.lib : _printfi.obj (.text)
                   00011526  [ 00008a93 ] 00000fe7          *   hwafft.obj (.text)
                   0001250d  [ 00009286+] 0000053a          *   aic3204_init.obj (.text)
                   00012a47  [ 00009523+] 00000538          *   rts55h.lib : trgdrv.obj (.text)
                   00012f7f  [ 000097bf+] 0000052a          *              : memory.obj (.text)
                   000134a9  [ 00009a54+] 00000518          *              : lowlev.obj (.text)
                   000139c1  [ 00009ce0+] 000004d1          *   main.obj (.text)
                   00013e92  [ 00009f49 ] 00000493          *   filter_routines.obj (.text)
                   00014325  [ 0000a192+] 00000492          *   dma_routines.obj (.text)
                   000147b7  [ 0000a3db+] 00000367          *   rts55h.lib : divd.obj (.text)
                   00014b1e  [ 0000a58f ] 00000340          *   pll.obj (.text)
                   00014e5e  [ 0000a72f ] 000002ef          *   codec_routines.obj (.text)
                   0001514d  [ 0000a8a6+] 000002ad          *   CSLc55x5h.lib : csl_pll.obj (.text)
                   000153fa  [ 0000a9fd ] 00000298          *   i2s_register.obj (.text)
                   00015692  [ 0000ab49 ] 0000026c          *   rts55h.lib : fopen.obj (.text)
                   000158fe  [ 0000ac7f ] 0000025c          *              : llmpy.obj (.text)
                   00015b5a  [ 0000adad ] 00000257          *              : addd.obj (.text)
                   00015db1  [ 0000aed8+] 000001ea          *              : cmpd.obj (.text)
                   00015f9b  [ 0000afcd+] 000001bd          *   MMA8451.obj (.text)
                   00016158  [ 0000b0ac ] 0000019f          *   ezdsp5535_i2c.obj (.text)
                   000162f7  [ 0000b17b+] 0000018a          *   aic3204.obj (.text)
                   00016481  [ 0000b240+] 0000017b          *   rts55h.lib : fputs.obj (.text)
                   000165fc  [ 0000b2fe ] 0000016b          *   ezdsp5535_gpio.obj (.text)
                   00016767  [ 0000b3b3+] 0000014b          *   rts55h.lib : mpyd.obj (.text)
                   000168b2  [ 0000b459 ] 00000118          *              : sqrt.obj (.text)
                   000169ca  [ 0000b4e5 ] 000000f3          *              : setvbuf.obj (.text)
                   00016abd  [ 0000b55e+] 000000ee          *              : ldexp.obj (.text)
                   00016bab  [ 0000b5d5+] 000000dc          *   rtc_routines.obj (.text)
                   00016c87  [ 0000b643+] 000000da          *   rts55h.lib : _io_perm.obj (.text)
                   00016d61  [ 0000b6b0+] 000000cb          *              : frexp.obj (.text)
                   00016e2c  [ 0000b716 ] 000000c8          *              : frcmpyd_div.obj (.text)
                   00016ef4  [ 0000b77a ] 000000be          *              : trgmsg.obj (.text:CIO_breakpoint)
                   00016fb2  [ 0000b7d9 ] 000000ba          *              : fflush.obj (.text)
                   0001706c  [ 0000b836 ] 000000a2          *              : fputc.obj (.text)
                   0001710e  [ 0000b887 ] 000000a0          *              : divul.obj (.text)
                   000171ae  [ 0000b8d7 ] 0000007b          *   vector.obj (.text)
                   00017229  [ 0000b914+] 00000079          *   rts55h.lib : ltoa.obj (.text)
                   000172a2  [ 0000b951 ] 00000076          *              : fclose.obj (.text)
                   00017318  [ 0000b98c ] 00000076          *              : frcmpyd.obj (.text)
                   0001738e  [ 0000b9c7 ] 00000070          *              : remul.obj (.text)
                   000173fe  [ 0000b9ff ] 0000006e          *              : fixdli.obj (.text)
                   0001746c  [ 0000ba36 ] 0000006b          *              : trgmsg.obj (.text)
                   000174d7  [ 0000ba6b+] 00000068          *              : fseek.obj (.text)
                   0001753f  [ 0000ba9f+] 00000067          *              : fltlid.obj (.text)
                   000175a6  [ 0000bad3 ] 00000059          *              : atoi.obj (.text)
                   000175ff  [ 0000baff+] 00000056          *              : memcpy.obj (.text)
                   00017655  [ 0000bb2a+] 00000054          *   ezdsp5535.obj (.text)
                   000176a9  [ 0000bb54+] 00000051          *   i2s_routines.obj (.text)
                   000176fa  [ 0000bb7d ] 0000004e          *   rts55h.lib : printf.obj (.text)
                   00017748  [ 0000bba4 ] 0000004d          *              : autoinit.obj (.text)
                   00017795  [ 0000bbca+] 0000004b          *              : remli.obj (.text)
                   000177e0  [ 0000bbf0 ] 00000049          *              : args_main.obj (.text)
                   00017829  [ 0000bc14+] 00000048          *              : divli.obj (.text)
                   00017871  [ 0000bc38+] 0000003e          *              : exit.obj (.text)
                   000178af  [ 0000bc57+] 00000034          *              : boot.obj (.text)
                   000178e3  [ 0000bc71+] 0000002a          *              : fixdi.obj (.text)
                   0001790d  [ 0000bc86+] 0000002a          *              : udiv.obj (.text)
                   00017937  [ 0000bc9b+] 00000022          *              : memccpy.obj (.text)
                   00017959  [ 0000bcac+] 0000001f          *   ezdsp5535_led.obj (.text)
                   00017978  [ 0000bcbc ] 0000001b          *   rts55h.lib : isinf.obj (.text)
                   00017993  [ 0000bcc9+] 00000014          *              : subd.obj (.text)
                   000179a7  [ 0000bcd3+] 00000013          *              : lmpy.obj (.text)
                   000179ba  [ 0000bcdd ] 00000012          *              : _lock.obj (.text)
                   000179cc  [ 0000bce6 ] 00000010          *              : negd.obj (.text)
                   000179dc  [ 0000bcee ] 0000000a          *              : remove.obj (.text)
                   000179e6  [ 0000bcf3 ] 00000007          *              : exit.obj (.text:CIO_breakpoint)
                   000179ed  [ 0000bcf6+] 00000002          *              : vectors.obj (.text)
                   000179ef  [ 0000bcf7 ] 00000001          *   --HOLE-- [fill = 20]

.bss         0   [ 000179f0 ]  0000bcf8          *   00000d22   UNINITIALIZED
                 [ 000179f0 ]  0000bcf8          *   00000806   main.obj (.bss)
                 [ 000189fc ]  0000c4fe          *   0000025f   configuration.obj (.bss)
                 [ 00018eba ]  0000c75d          *   00000001   ezdsp5535_i2c.obj (.bss)
                 [ 00018ebc ]  0000c75e          *   00000119   rts55h.lib : defs.obj (.bss)
                 [ 000190ee ]  0000c877          *   000000d0              : trgdrv.obj (.bss)
                 [ 0001928e ]  0000c947          *   00000001   rtc_routines.obj (.bss)
                 [ 00019290 ]  0000c948          *   00000071   rts55h.lib : lowlev.obj (.bss)
                 [ 00019372 ]  0000c9b9          *   00000001              : errno.obj (.bss)
                 [ 00019374 ]  0000c9ba          *   00000036   pll.obj (.bss)
                 [ 000193e0 ]  0000c9f0          *   00000016   dma_routines.obj (.bss)
                 [ 0001940c ]  0000ca06          *   00000007   rts55h.lib : memory.obj (.bss)
                 [ 0001941a ]  0000ca0d          *   00000001              : fopen.obj (.bss)
                 [ 0001941c ]  0000ca0e          *   00000004              : _lock.obj (.bss)
                 [ 00019424 ]  0000ca12          *   00000004              : exit.obj (.bss)
                 [ 0001942c ]  0000ca16          *   00000002   aic3204.obj (.bss)
                 [ 00019430 ]  0000ca18          *   00000002   filter_routines.obj (.bss)

RcvL1_copy 
*            0   [ 00019434 ]  0000ca1a          *   00000800   UNINITIALIZED
                 [ 00019434 ]  0000ca1a          *   00000800   configuration.obj (RcvL1_copy)

RcvL2_copy 
*            0   [ 0001a434 ]  0000d21a          *   00000800   UNINITIALIZED
                 [ 0001a434 ]  0000d21a          *   00000800   configuration.obj (RcvL2_copy)

RcvR1_copy 
*            0   [ 0001b434 ]  0000da1a          *   00000800   UNINITIALIZED
                 [ 0001b434 ]  0000da1a          *   00000800   configuration.obj (RcvR1_copy)

RcvR2_copy 
*            0   [ 0001c434 ]  0000e21a          *   00000800   UNINITIALIZED
                 [ 0001c434 ]  0000e21a          *   00000800   configuration.obj (RcvR2_copy)

.cinit       0   [ 0001d434 ]  0000ea1a          *   00000375   
                 [ 0001d434 ]  0000ea1a          *   00000286   configuration.obj (.cinit)
                 [ 0001d940 ]  0000eca0          *   00000046   pll.obj (.cinit)
                 [ 0001d9cc ]  0000ece6          *   0000002d   rts55h.lib : lowlev.obj (.cinit)
                 [ 0001da26 ]  0000ed13          *   0000002a              : defs.obj (.cinit)
                 [ 0001da7a ]  0000ed3d          *   00000018   dma_routines.obj (.cinit)
                 [ 0001daaa ]  0000ed55          *   0000000c   main.obj (.cinit)
                 [ 0001dac2 ]  0000ed61          *   0000000a   rts55h.lib : _lock.obj (.cinit)
                 [ 0001dad6 ]  0000ed6b          *   0000000a              : exit.obj (.cinit)
                 [ 0001daea ]  0000ed75          *   00000005   filter_routines.obj (.cinit)
                 [ 0001daf4 ]  0000ed7a          *   00000004   ezdsp5535_i2c.obj (.cinit)
                 [ 0001dafc ]  0000ed7e          *   00000004   rtc_routines.obj (.cinit)
                 [ 0001db04 ]  0000ed82          *   00000004   rts55h.lib : errno.obj (.cinit)
                 [ 0001db0c ]  0000ed86          *   00000004              : fopen.obj (.cinit)
                 [ 0001db14 ]  0000ed8a          *   00000004              : memory.obj (.cinit)
                 [ 0001db1c ]  0000ed8e          *   00000001   --HOLE-- [fill = 0]


GLOBAL SYMBOLS: SORTED ALPHABETICALLY BY Name 

abs. value/
byte addr   word addr   name
---------   ---------   ----
00000002                $TI_capability$C5500$CallingConvention
00000008                $TI_capability$C5500$MemoryModel
00000001                $TI_capability_requires_rev3
            0000bcf8    .bss
00010000                .text
000179e7                C$$EXIT
00016fad                C$$IO$$
000179a7                I$$LMPY
0001790d                I$$UDIV
00017922                I$$UMOD
00014e5e                _AIC3204_init
000162f7                _AIC3204_rget
00016342                _AIC3204_rset
0001416e                _COLA_Output
0001423d                _CPLX_Mul
00013f61                _Clear_COLA_Overlaps
00013e32                _ConfigPort
            0000c947    _Count_RTC
            0000ca00    _CurrentRxL_DMAChannel
            0000ca01    _CurrentRxR_DMAChannel
            0000ca02    _CurrentTxL_DMAChannel
            0000ca03    _CurrentTxR_DMAChannel
00014602                _DMA_Isr
00013fa8                _FFT_Coeffs
0001407a                _FFT_Filter
            00005000    _FilterOut
00012f21                _HOSTclock
00012eb6                _HOSTclose
00012e01                _HOSTlseek
00012d60                _HOSTopen
00012cd5                _HOSTread
00012c1c                _HOSTrename
00012bbe                _HOSTtime
00012b52                _HOSTunlink
00012ac7                _HOSTwrite
            0000ca18    _Hwafft_Func
00013dcc                _InitSystem
00015fc9                _MMAbegin
00016089                _MMAread
            00005800    _OverlapL
            000059fe    _OverlapR
00013d9a                _PLL_98MHz
0001533f                _PLL_bypass
000151af                _PLL_config
000152d8                _PLL_enable
00015177                _PLL_init
0001538e                _PLL_reset
00000900                _RST
00016c05                _RTC_Isr
            00003000    _RcvL1
            0000ca1a    _RcvL1_copy
            00003800    _RcvL2
            0000d21a    _RcvL2_copy
            00004000    _RcvR1
            0000da1a    _RcvR1_copy
            00004800    _RcvR2
            0000e21a    _RcvR2_copy
00001dd8                _Reset
            0000ca04    _RunFilterForL
            0000ca05    _RunFilterForR
            0000c9f0    _RxL1_DMA_address
            0000c9f2    _RxL2_DMA_address
            0000c9f4    _RxR1_DMA_address
            0000c9f6    _RxR2_DMA_address
            0000c6fd    _Simulation
            0000c9f8    _TxL1_DMA_address
            0000c9fa    _TxL2_DMA_address
            0000c9fc    _TxR1_DMA_address
            0000c9fe    _TxR2_DMA_address
            00006000    _XmitL1
            00006404    _XmitL2
            00007000    _XmitR1
            00007404    _XmitR2
00013e92                _Zero_Pad_Inputs
            00005bfc    __CIOBUF_
            00000254    __STACK_END
000003e8                __STACK_SIZE
000007d0                __SYSMEM_SIZE
000003e8                __SYSSTACK_SIZE
ffffffff                ___binit__
            0000bcf8    ___bss__
ffffffff                ___c_args__
            0000ea1a    ___cinit__
            0000ca1a    ___end__
000179f0                ___etext__
00017978                ___isinf
ffffffff                ___pinit__
00010000                ___text__
00015b5a                __addd
000177e0                __args_main
000157a7                __cleanup
            0000ca12    __cleanup_ptr
00015f43                __cmpd
            000008aa    __ctypes_
000147d9                __divd
00017829                __divli
00015b26                __divlli
0001790d                __divu
0001710e                __divul
00015a32                __divull
00016fb2                __doflush
            0000ca14    __dtors_ptr
00015f0f                __eqld
000178e3                __fixdi
000173fe                __fixdli
0001753f                __fltlid
00017318                __frcmpyd
00016e2c                __frcmpyd_div
            0000c876    __ft_end
            0000c75e    __ftable
00015ec5                __geqd
00015e7a                __gtrd
00015e2d                __leqd
            0000ca0e    __lock
00015de5                __lssd
00016767                __mpyd
000179a7                __mpyli
0001597b                __mpylli
000179cc                __negd
00015db1                __neqd
000179ca                __nop
00011308                __printfi
00016d04                __rd_ok
000179c2                __register_lock
000179ba                __register_unlock
00017795                __remli
0001594c                __remlli
00017922                __remu
0001738e                __remul
000158fe                __remull
            00000060    __stack
00017993                __subd
            00000b04    __sys_memory
            00000254    __sysstack
            0000c7d6    __tmpnams
            0000ca10    __unlock
00016c87                __wrt_ok
000179e6                _abort
            0000bcfc    _absolute_value
000138d9                _add_device
000163b0                _aic3204_codec_read
000163f6                _aic3204_codec_read_MONO
00016445                _aic3204_codec_write
00016394                _aic3204_disable
00016364                _aic3204_hardware_init
0001250d                _aic3204_init
000175a6                _atoi
00017748                _auto_init
000142a5                _buff_copy16
000142de                _buff_copy32
000178af                _c_int00
00013afd                _calculate_abs
0001345d                _calloc
00013455                _chkheap
            0000bcfa    _clearOverlaps
00013869                _close
00013b4a                _codecRead
            0000c4fe    _coeffs
            00002000    _coeffs_fft_buf
            00002800    _convolved_buf
            0000ca16    _counter1
            0000ca17    _counter2
            00001000    _data_br_buf
0001565a                _disable_i2s0
00015668                _disable_i2s1
00015676                _disable_i2s2
00015684                _disable_i2s3
            0000bcfb    _dummy1
000145f5                _enable_dma_int
00015622                _enable_i2s0
00015630                _enable_i2s1
0001563e                _enable_i2s2
0001564c                _enable_i2s3
00016bab                _enable_rtc_second_int
            0000c9b9    _errno
00017871                _exit
00016708                _ezdsp5535_GPIO_getInput
000165fc                _ezdsp5535_GPIO_init
00016600                _ezdsp5535_GPIO_setDirection
0001668b                _ezdsp5535_GPIO_setOutput
00016177                _ezdsp5535_I2C_close
00016158                _ezdsp5535_I2C_init
0001627e                _ezdsp5535_I2C_read
00016180                _ezdsp5535_I2C_reset
0001618e                _ezdsp5535_I2C_write
00016209                _ezdsp5535_I2C_write_SR
0001796d                _ezdsp5535_LED_init
00017963                _ezdsp5535_LED_off
00017959                _ezdsp5535_LED_on
0001769b                _ezdsp5535_init
00017655                _ezdsp5535_wait
00017689                _ezdsp5535_waitusec
            0000bcf9    _fBypassOn
            0000bcf8    _fFilterOn
000172a2                _fclose
00017014                _fflush
000139c1                _fft_create_datapoint_array
00013a12                _fft_fft
00013860                _find_registered_device
000158c5                _fopen
            0000c4fc    _fp
0001706c                _fputc
00016481                _fputs
00012f7f                _free
000133ee                _free_memory
000157ff                _freopen
00016d61                _frexp
000174d7                _fseek
00012a47                _getenv
            0000c9c4    _hPll
000122a6                _hwafft_1024pts
00011c1d                _hwafft_128pts
00011629                _hwafft_16pts
00011e2e                _hwafft_256pts
0001177f                _hwafft_32pts
0001202c                _hwafft_512pts
00011a88                _hwafft_64pts
0001153a                _hwafft_8pts
00011526                _hwafft_br
000153fa                _i2s0_read_CR
00015442                _i2s0_read_INTR
00015448                _i2s0_read_INT_MASK
00015454                _i2s0_read_RXL_LSW
00015460                _i2s0_read_RXL_MSW
0001546c                _i2s0_read_RXR_LSW
00015478                _i2s0_read_RXR_MSW
00015406                _i2s0_read_SRGR
00015412                _i2s0_read_TXL_LSW
0001541e                _i2s0_read_TXL_MSW
0001542a                _i2s0_read_TXR_LSW
00015436                _i2s0_read_TXR_MSW
00015400                _i2s0_write_CR
0001544e                _i2s0_write_INT_MASK
0001545a                _i2s0_write_RXL_LSW
00015466                _i2s0_write_RXL_MSW
00015472                _i2s0_write_RXR_LSW
0001547e                _i2s0_write_RXR_MSW
0001540c                _i2s0_write_SRGR
00015418                _i2s0_write_TXL_LSW
00015424                _i2s0_write_TXL_MSW
00015430                _i2s0_write_TXR_LSW
0001543c                _i2s0_write_TXR_MSW
00015484                _i2s1_read_CR
000154cc                _i2s1_read_INTR
000154d2                _i2s1_read_INT_MASK
000154de                _i2s1_read_RXL_LSW
000154ea                _i2s1_read_RXL_MSW
000154f6                _i2s1_read_RXR_LSW
00015502                _i2s1_read_RXR_MSW
00015490                _i2s1_read_SRGR
0001549c                _i2s1_read_TXL_LSW
000154a8                _i2s1_read_TXL_MSW
000154b4                _i2s1_read_TXR_LSW
000154c0                _i2s1_read_TXR_MSW
0001548a                _i2s1_write_CR
000154d8                _i2s1_write_INT_MASK
000154e4                _i2s1_write_RXL_LSW
000154f0                _i2s1_write_RXL_MSW
000154fc                _i2s1_write_RXR_LSW
00015508                _i2s1_write_RXR_MSW
00015496                _i2s1_write_SRGR
000154a2                _i2s1_write_TXL_LSW
000154ae                _i2s1_write_TXL_MSW
000154ba                _i2s1_write_TXR_LSW
000154c6                _i2s1_write_TXR_MSW
0001550e                _i2s2_read_CR
00015556                _i2s2_read_INTR
0001555c                _i2s2_read_INT_MASK
00015568                _i2s2_read_RXL_LSW
00015574                _i2s2_read_RXL_MSW
00015580                _i2s2_read_RXR_LSW
0001558c                _i2s2_read_RXR_MSW
0001551a                _i2s2_read_SRGR
00015526                _i2s2_read_TXL_LSW
00015532                _i2s2_read_TXL_MSW
0001553e                _i2s2_read_TXR_LSW
0001554a                _i2s2_read_TXR_MSW
00015514                _i2s2_write_CR
00015562                _i2s2_write_INT_MASK
0001556e                _i2s2_write_RXL_LSW
0001557a                _i2s2_write_RXL_MSW
00015586                _i2s2_write_RXR_LSW
00015592                _i2s2_write_RXR_MSW
00015520                _i2s2_write_SRGR
0001552c                _i2s2_write_TXL_LSW
00015538                _i2s2_write_TXL_MSW
00015544                _i2s2_write_TXR_LSW
00015550                _i2s2_write_TXR_MSW
00015598                _i2s3_read_CR
000155e0                _i2s3_read_INTR
000155e6                _i2s3_read_INT_MASK
000155f2                _i2s3_read_RXL_LSW
000155fe                _i2s3_read_RXL_MSW
0001560a                _i2s3_read_RXR_LSW
00015616                _i2s3_read_RXR_MSW
000155a4                _i2s3_read_SRGR
000155b0                _i2s3_read_TXL_LSW
000155bc                _i2s3_read_TXL_MSW
000155c8                _i2s3_read_TXR_LSW
000155d4                _i2s3_read_TXR_MSW
0001559e                _i2s3_write_CR
000155ec                _i2s3_write_INT_MASK
000155f8                _i2s3_write_RXL_LSW
00015604                _i2s3_write_RXL_MSW
00015610                _i2s3_write_RXR_LSW
0001561c                _i2s3_write_RXR_MSW
000155aa                _i2s3_write_SRGR
000155b6                _i2s3_write_TXL_LSW
000155c2                _i2s3_write_TXL_MSW
000155ce                _i2s3_write_TXR_LSW
000155da                _i2s3_write_TXR_MSW
00015f9b                _inits
00016abd                _ldexp
000137fc                _lseek
00017229                _ltoa
00013b8e                _main
000130c3                _malloc
00013384                _max_free
00017937                _memccpy
000175ff                _memcpy
00013051                _minit
0001373f                _open
            0000c9ee    _pConfigInfo
            0000c9c0    _pllCfg1
            0000c9e6    _pllCfg_100MHz
            0000c9ea    _pllCfg_120MHz
            0000c9ce    _pllCfg_12MHz
            0000c9d2    _pllCfg_12p288MHz
            0000c9c6    _pllCfg_1MHz
            0000c9ca    _pllCfg_2MHz
            0000c9d6    _pllCfg_40MHz
            0000c9da    _pllCfg_60MHz
            0000c9de    _pllCfg_75MHz
            0000c9e2    _pllCfg_98MHz
            0000c9ba    _pllObj
00014b99                _pll_frequency_setup
000176fa                _printf
0001706c                _putc
000170ff                _putchar
000165d0                _puts
00013695                _read
0001746c                _readmsg
000131be                _realloc
000179dc                _remove
00013661                _remove_device
0001360a                _rename
00016bb7                _reset_RTC
            00001800    _scratch_buf
00014325                _setDMA_address
00014485                _set_dma0_ch0_i2s0_Lout
0001442d                _set_dma0_ch0_stop
000144e1                _set_dma0_ch1_i2s0_Rout
00014443                _set_dma0_ch1_stop
0001453d                _set_dma0_ch2_i2s0_Lin
00014459                _set_dma0_ch2_stop
00014599                _set_dma0_ch3_i2s0_Rin
0001446f                _set_dma0_ch3_stop
000176a9                _set_i2s0_master
000176da                _set_i2s0_slave
000126eb                _set_sampling_frequency_and_gain
000169ca                _setvbuf
000168b2                _sqrt
00013e75                _turnOffLED
00013e58                _turnOnLED
000135d6                _unlink
000134a9                _write
00016ef4                _writemsg
ffffffff                binit
            0000ea1a    cinit
            0000ca1a    end
000179f0                etext
ffffffff                pinit
000171ae                reset_isr


GLOBAL SYMBOLS: SORTED BY Symbol Address 

abs. value/
byte addr   word addr   name
---------   ---------   ----
00000001                $TI_capability_requires_rev3
00000002                $TI_capability$C5500$CallingConvention
00000008                $TI_capability$C5500$MemoryModel
            00000060    __stack
000003e8                __STACK_SIZE
000003e8                __SYSSTACK_SIZE
            00000254    __STACK_END
            00000254    __sysstack
000007d0                __SYSMEM_SIZE
00000900                _RST
            000008aa    __ctypes_
            00000b04    __sys_memory
00001dd8                _Reset
            00001000    _data_br_buf
            00001800    _scratch_buf
            00002000    _coeffs_fft_buf
            00002800    _convolved_buf
            00003000    _RcvL1
            00003800    _RcvL2
            00004000    _RcvR1
            00004800    _RcvR2
            00005000    _FilterOut
            00005800    _OverlapL
            000059fe    _OverlapR
            00005bfc    __CIOBUF_
            00006000    _XmitL1
            00006404    _XmitL2
            00007000    _XmitR1
            00007404    _XmitR2
00010000                .text
00010000                ___text__
00011308                __printfi
00011526                _hwafft_br
0001153a                _hwafft_8pts
00011629                _hwafft_16pts
0001177f                _hwafft_32pts
00011a88                _hwafft_64pts
00011c1d                _hwafft_128pts
00011e2e                _hwafft_256pts
0001202c                _hwafft_512pts
000122a6                _hwafft_1024pts
0001250d                _aic3204_init
000126eb                _set_sampling_frequency_and_gain
00012a47                _getenv
00012ac7                _HOSTwrite
00012b52                _HOSTunlink
00012bbe                _HOSTtime
00012c1c                _HOSTrename
00012cd5                _HOSTread
00012d60                _HOSTopen
00012e01                _HOSTlseek
00012eb6                _HOSTclose
00012f21                _HOSTclock
00012f7f                _free
00013051                _minit
000130c3                _malloc
000131be                _realloc
00013384                _max_free
000133ee                _free_memory
00013455                _chkheap
0001345d                _calloc
000134a9                _write
000135d6                _unlink
0001360a                _rename
00013661                _remove_device
00013695                _read
0001373f                _open
000137fc                _lseek
00013860                _find_registered_device
00013869                _close
000138d9                _add_device
000139c1                _fft_create_datapoint_array
00013a12                _fft_fft
00013afd                _calculate_abs
00013b4a                _codecRead
00013b8e                _main
00013d9a                _PLL_98MHz
00013dcc                _InitSystem
00013e32                _ConfigPort
00013e58                _turnOnLED
00013e75                _turnOffLED
00013e92                _Zero_Pad_Inputs
00013f61                _Clear_COLA_Overlaps
00013fa8                _FFT_Coeffs
0001407a                _FFT_Filter
0001416e                _COLA_Output
0001423d                _CPLX_Mul
000142a5                _buff_copy16
000142de                _buff_copy32
00014325                _setDMA_address
0001442d                _set_dma0_ch0_stop
00014443                _set_dma0_ch1_stop
00014459                _set_dma0_ch2_stop
0001446f                _set_dma0_ch3_stop
00014485                _set_dma0_ch0_i2s0_Lout
000144e1                _set_dma0_ch1_i2s0_Rout
0001453d                _set_dma0_ch2_i2s0_Lin
00014599                _set_dma0_ch3_i2s0_Rin
000145f5                _enable_dma_int
00014602                _DMA_Isr
000147d9                __divd
00014b99                _pll_frequency_setup
00014e5e                _AIC3204_init
00015177                _PLL_init
000151af                _PLL_config
000152d8                _PLL_enable
0001533f                _PLL_bypass
0001538e                _PLL_reset
000153fa                _i2s0_read_CR
00015400                _i2s0_write_CR
00015406                _i2s0_read_SRGR
0001540c                _i2s0_write_SRGR
00015412                _i2s0_read_TXL_LSW
00015418                _i2s0_write_TXL_LSW
0001541e                _i2s0_read_TXL_MSW
00015424                _i2s0_write_TXL_MSW
0001542a                _i2s0_read_TXR_LSW
00015430                _i2s0_write_TXR_LSW
00015436                _i2s0_read_TXR_MSW
0001543c                _i2s0_write_TXR_MSW
00015442                _i2s0_read_INTR
00015448                _i2s0_read_INT_MASK
0001544e                _i2s0_write_INT_MASK
00015454                _i2s0_read_RXL_LSW
0001545a                _i2s0_write_RXL_LSW
00015460                _i2s0_read_RXL_MSW
00015466                _i2s0_write_RXL_MSW
0001546c                _i2s0_read_RXR_LSW
00015472                _i2s0_write_RXR_LSW
00015478                _i2s0_read_RXR_MSW
0001547e                _i2s0_write_RXR_MSW
00015484                _i2s1_read_CR
0001548a                _i2s1_write_CR
00015490                _i2s1_read_SRGR
00015496                _i2s1_write_SRGR
0001549c                _i2s1_read_TXL_LSW
000154a2                _i2s1_write_TXL_LSW
000154a8                _i2s1_read_TXL_MSW
000154ae                _i2s1_write_TXL_MSW
000154b4                _i2s1_read_TXR_LSW
000154ba                _i2s1_write_TXR_LSW
000154c0                _i2s1_read_TXR_MSW
000154c6                _i2s1_write_TXR_MSW
000154cc                _i2s1_read_INTR
000154d2                _i2s1_read_INT_MASK
000154d8                _i2s1_write_INT_MASK
000154de                _i2s1_read_RXL_LSW
000154e4                _i2s1_write_RXL_LSW
000154ea                _i2s1_read_RXL_MSW
000154f0                _i2s1_write_RXL_MSW
000154f6                _i2s1_read_RXR_LSW
000154fc                _i2s1_write_RXR_LSW
00015502                _i2s1_read_RXR_MSW
00015508                _i2s1_write_RXR_MSW
0001550e                _i2s2_read_CR
00015514                _i2s2_write_CR
0001551a                _i2s2_read_SRGR
00015520                _i2s2_write_SRGR
00015526                _i2s2_read_TXL_LSW
0001552c                _i2s2_write_TXL_LSW
00015532                _i2s2_read_TXL_MSW
00015538                _i2s2_write_TXL_MSW
0001553e                _i2s2_read_TXR_LSW
00015544                _i2s2_write_TXR_LSW
0001554a                _i2s2_read_TXR_MSW
00015550                _i2s2_write_TXR_MSW
00015556                _i2s2_read_INTR
0001555c                _i2s2_read_INT_MASK
00015562                _i2s2_write_INT_MASK
00015568                _i2s2_read_RXL_LSW
0001556e                _i2s2_write_RXL_LSW
00015574                _i2s2_read_RXL_MSW
0001557a                _i2s2_write_RXL_MSW
00015580                _i2s2_read_RXR_LSW
00015586                _i2s2_write_RXR_LSW
0001558c                _i2s2_read_RXR_MSW
00015592                _i2s2_write_RXR_MSW
00015598                _i2s3_read_CR
0001559e                _i2s3_write_CR
000155a4                _i2s3_read_SRGR
000155aa                _i2s3_write_SRGR
000155b0                _i2s3_read_TXL_LSW
000155b6                _i2s3_write_TXL_LSW
000155bc                _i2s3_read_TXL_MSW
000155c2                _i2s3_write_TXL_MSW
000155c8                _i2s3_read_TXR_LSW
000155ce                _i2s3_write_TXR_LSW
000155d4                _i2s3_read_TXR_MSW
000155da                _i2s3_write_TXR_MSW
000155e0                _i2s3_read_INTR
000155e6                _i2s3_read_INT_MASK
000155ec                _i2s3_write_INT_MASK
000155f2                _i2s3_read_RXL_LSW
000155f8                _i2s3_write_RXL_LSW
000155fe                _i2s3_read_RXL_MSW
00015604                _i2s3_write_RXL_MSW
0001560a                _i2s3_read_RXR_LSW
00015610                _i2s3_write_RXR_LSW
00015616                _i2s3_read_RXR_MSW
0001561c                _i2s3_write_RXR_MSW
00015622                _enable_i2s0
00015630                _enable_i2s1
0001563e                _enable_i2s2
0001564c                _enable_i2s3
0001565a                _disable_i2s0
00015668                _disable_i2s1
00015676                _disable_i2s2
00015684                _disable_i2s3
000157a7                __cleanup
000157ff                _freopen
000158c5                _fopen
000158fe                __remull
0001594c                __remlli
0001597b                __mpylli
00015a32                __divull
00015b26                __divlli
00015b5a                __addd
00015db1                __neqd
00015de5                __lssd
00015e2d                __leqd
00015e7a                __gtrd
00015ec5                __geqd
00015f0f                __eqld
00015f43                __cmpd
00015f9b                _inits
00015fc9                _MMAbegin
00016089                _MMAread
00016158                _ezdsp5535_I2C_init
00016177                _ezdsp5535_I2C_close
00016180                _ezdsp5535_I2C_reset
0001618e                _ezdsp5535_I2C_write
00016209                _ezdsp5535_I2C_write_SR
0001627e                _ezdsp5535_I2C_read
000162f7                _AIC3204_rget
00016342                _AIC3204_rset
00016364                _aic3204_hardware_init
00016394                _aic3204_disable
000163b0                _aic3204_codec_read
000163f6                _aic3204_codec_read_MONO
00016445                _aic3204_codec_write
00016481                _fputs
000165d0                _puts
000165fc                _ezdsp5535_GPIO_init
00016600                _ezdsp5535_GPIO_setDirection
0001668b                _ezdsp5535_GPIO_setOutput
00016708                _ezdsp5535_GPIO_getInput
00016767                __mpyd
000168b2                _sqrt
000169ca                _setvbuf
00016abd                _ldexp
00016bab                _enable_rtc_second_int
00016bb7                _reset_RTC
00016c05                _RTC_Isr
00016c87                __wrt_ok
00016d04                __rd_ok
00016d61                _frexp
00016e2c                __frcmpyd_div
00016ef4                _writemsg
00016fad                C$$IO$$
00016fb2                __doflush
00017014                _fflush
0001706c                _fputc
0001706c                _putc
000170ff                _putchar
0001710e                __divul
000171ae                reset_isr
00017229                _ltoa
000172a2                _fclose
00017318                __frcmpyd
0001738e                __remul
000173fe                __fixdli
0001746c                _readmsg
000174d7                _fseek
0001753f                __fltlid
000175a6                _atoi
000175ff                _memcpy
00017655                _ezdsp5535_wait
00017689                _ezdsp5535_waitusec
0001769b                _ezdsp5535_init
000176a9                _set_i2s0_master
000176da                _set_i2s0_slave
000176fa                _printf
00017748                _auto_init
00017795                __remli
000177e0                __args_main
00017829                __divli
00017871                _exit
000178af                _c_int00
000178e3                __fixdi
0001790d                I$$UDIV
0001790d                __divu
00017922                I$$UMOD
00017922                __remu
00017937                _memccpy
00017959                _ezdsp5535_LED_on
00017963                _ezdsp5535_LED_off
0001796d                _ezdsp5535_LED_init
00017978                ___isinf
00017993                __subd
000179a7                I$$LMPY
000179a7                __mpyli
000179ba                __register_unlock
000179c2                __register_lock
000179ca                __nop
000179cc                __negd
000179dc                _remove
000179e6                _abort
000179e7                C$$EXIT
            0000bcf8    .bss
            0000bcf8    ___bss__
000179f0                ___etext__
            0000bcf8    _fFilterOn
000179f0                etext
            0000bcf9    _fBypassOn
            0000bcfa    _clearOverlaps
            0000bcfb    _dummy1
            0000bcfc    _absolute_value
            0000c4fc    _fp
            0000c4fe    _coeffs
            0000c6fd    _Simulation
            0000c75e    __ftable
            0000c7d6    __tmpnams
            0000c876    __ft_end
            0000c947    _Count_RTC
            0000c9b9    _errno
            0000c9ba    _pllObj
            0000c9c0    _pllCfg1
            0000c9c4    _hPll
            0000c9c6    _pllCfg_1MHz
            0000c9ca    _pllCfg_2MHz
            0000c9ce    _pllCfg_12MHz
            0000c9d2    _pllCfg_12p288MHz
            0000c9d6    _pllCfg_40MHz
            0000c9da    _pllCfg_60MHz
            0000c9de    _pllCfg_75MHz
            0000c9e2    _pllCfg_98MHz
            0000c9e6    _pllCfg_100MHz
            0000c9ea    _pllCfg_120MHz
            0000c9ee    _pConfigInfo
            0000c9f0    _RxL1_DMA_address
            0000c9f2    _RxL2_DMA_address
            0000c9f4    _RxR1_DMA_address
            0000c9f6    _RxR2_DMA_address
            0000c9f8    _TxL1_DMA_address
            0000c9fa    _TxL2_DMA_address
            0000c9fc    _TxR1_DMA_address
            0000c9fe    _TxR2_DMA_address
            0000ca00    _CurrentRxL_DMAChannel
            0000ca01    _CurrentRxR_DMAChannel
            0000ca02    _CurrentTxL_DMAChannel
            0000ca03    _CurrentTxR_DMAChannel
            0000ca04    _RunFilterForL
            0000ca05    _RunFilterForR
            0000ca0e    __lock
            0000ca10    __unlock
            0000ca12    __cleanup_ptr
            0000ca14    __dtors_ptr
            0000ca16    _counter1
            0000ca17    _counter2
            0000ca18    _Hwafft_Func
            0000ca1a    _RcvL1_copy
            0000ca1a    ___end__
            0000ca1a    end
            0000d21a    _RcvL2_copy
            0000da1a    _RcvR1_copy
            0000e21a    _RcvR2_copy
            0000ea1a    ___cinit__
            0000ea1a    cinit
ffffffff                ___binit__
ffffffff                ___c_args__
ffffffff                ___pinit__
ffffffff                binit
ffffffff                pinit

[373 symbols]
