******************************************************************************
              TMS320C55x Linker PC v4.3.8                      
******************************************************************************
>> Linked Tue May 05 09:53:49 2020

OUTPUT FILE NAME:   <VC5505_FFT_Filter_Demo.out>
ENTRY POINT SYMBOL: "reset_isr"  address: 0001725e


MEMORY CONFIGURATION

         name            origin    length      used     unused   attr    fill
                        (bytes)   (bytes)    (bytes)   (bytes)
----------------------  --------  ---------  --------  --------  ----  --------
  MMR                   00000000   000000c0  00000000  000000c0  RW  
  DARAM_0               000000c0   00001f40  00001e88  000000b8  RW  
  DARAM_1               00002000   00002000  00002000  00000000  RW  
  DARAM_2               00004000   00002000  00002000  00000000  RW  
  DARAM_3               00006000   00002000  00002000  00000000  RW  
  DARAM_4               00008000   00002000  00002000  00000000  RW  
  DARAM_5               0000a000   00002000  000018f8  00000708  RW  
  DARAM_6               0000c000   00002000  00001010  00000ff0  RW  
  DARAM_7               0000e000   00002000  00001010  00000ff0  RW  
  SARAM                 00010000   00020000  0000ddb6  0001224a  RW  
  SARAM_2               00030000   0001c000  00000000  0001c000  RW  
  SARAM_3               0004c000   00001000  00000000  00001000  RWIX
  SARAM_4               0004d000   00001000  00000000  00001000  RWIX
  SARAM_5               0004e000   00001000  00000000  00001000  RW  
  SARAM_6               0004f000   00001000  00000000  00001000  RW  
  EMIF_CS0              00050000   007b0000  00000000  007b0000  RW  
  EMIF_CS2              00800000   00400000  00000000  00400000  RW  
  EMIF_CS3              00c00000   00200000  00000000  00200000  RW  
  EMIF_CS4              00e00000   00100000  00000000  00100000  RW  
  EMIF_CS5              00f00000   000e0000  00000000  000e0000  RW  
  SAROM_0               00fe0000   00008000  00000000  00008000  R  X
  SAROM_1               00fe8000   00008000  00000000  00008000  R  X
  SAROM_2               00ff0000   00008000  00000000  00008000  R  X
  SAROM_3               00ff8000   00007f00  00000000  00007f00  R  X
  VECS                  00ffff00   00000100  00000000  00000100  R  X


SECTION ALLOCATION MAP
(Addresses surrounded by []'s are displayed for convenience only!)

output                                                          attributes/
section   page  orgn(bytes) orgn(words) len(bytes) len(words)   input sections
--------  ----  ----------- ----------- ---------- ----------   --------------
.stack       0   [ 000000c0 ]  00000060          *   000001f4   UNINITIALIZED
                 [ 000000c0 ]  00000060          *   000001f4   --HOLE--

.sysstack 
*            0   [ 000004a8 ]  00000254          *   000001f4   UNINITIALIZED
                 [ 000004a8 ]  00000254          *   000001f4   --HOLE--

vector       0     00000900  [ 00000480 ] 00000100          *   
                   00000900  [ 00000480 ] 00000100          *   vector.obj (vector)

.const       0   [ 00000a00 ]  00000500          *   000005d4   
                 [ 00000a00 ]  00000500          *   00000236   pll.obj (.const:.string)
                 [ 00000e6c ]  00000736          *   00000174   aic3204_init.obj (.const:.string)
                 [ 00001154 ]  000008aa          *   00000101   rts55h.lib : ctype.obj (.const:__ctypes_)
                 [ 00001356 ]  000009ab          *   00000001   --HOLE-- [fill = 0]
                 [ 00001358 ]  000009ac          *   00000069   main.obj (.const:.string)
                 [ 0000142a ]  00000a15          *   00000001   --HOLE-- [fill = 0]
                 [ 0000142c ]  00000a16          *   00000055   MMA8451.obj (.const:.string)
                 [ 000014d6 ]  00000a6b          *   00000001   --HOLE-- [fill = 0]
                 [ 000014d8 ]  00000a6c          *   00000024   rts55h.lib : _printfi.obj (.const:.string)
                 [ 00001520 ]  00000a90          *   0000000c              : _printfi.obj (.const)
                 [ 00001538 ]  00000a9c          *   0000000a              : ldexp.obj (.const)
                 [ 0000154c ]  00000aa6          *   0000000a              : sqrt.obj (.const)
                 [ 00001560 ]  00000ab0          *   00000008              : divd.obj (.const:_initial_approx$1)
                 [ 00001570 ]  00000ab8          *   00000008              : frexp.obj (.const)
                 [ 00001580 ]  00000ac0          *   00000002              : fputs.obj (.const:.string)
                 [ 00001584 ]  00000ac2          *   00000002   MMA8451.obj (.const:_$P$T0$1)
                 [ 00001588 ]  00000ac4          *   00000002   MMA8451.obj (.const:_$P$T1$2)
                 [ 0000158c ]  00000ac6          *   00000002   MMA8451.obj (.const:_$P$T2$3)
                 [ 00001590 ]  00000ac8          *   00000002   MMA8451.obj (.const:_$P$T3$4)
                 [ 00001594 ]  00000aca          *   00000002   MMA8451.obj (.const:_$P$T4$5)
                 [ 00001598 ]  00000acc          *   00000002   MMA8451.obj (.const:_$P$T5$6)
                 [ 0000159c ]  00000ace          *   00000002   MMA8451.obj (.const:_$P$T6$7)
                 [ 000015a0 ]  00000ad0          *   00000002   rts55h.lib : divd.obj (.const)
                 [ 000015a4 ]  00000ad2          *   00000002              : fltlid.obj (.const)

.sysmem      0   [ 000015a8 ]  00000ad4          *   000003e8   UNINITIALIZED
                 [ 000015a8 ]  00000ad4          *   000003e8   --HOLE--

.cio         0   [ 00001d78 ]  00000ebc          *   00000120   UNINITIALIZED
                 [ 00001d78 ]  00000ebc          *   00000120   rts55h.lib : trgmsg.obj (.cio)

data_br_buf 
*            0   [ 00002000 ]  00001000          *   00000800   UNINITIALIZED
                 [ 00002000 ]  00001000          *   00000800   main.obj (data_br_buf)

scratch_buf 
*            0   [ 00003000 ]  00001800          *   00000800   UNINITIALIZED
                 [ 00003000 ]  00001800          *   00000800   main.obj (scratch_buf)

coeffs_fft_buf 
*            0   [ 00004000 ]  00002000          *   00000800   UNINITIALIZED
                 [ 00004000 ]  00002000          *   00000800   configuration.obj (coeffs_fft_buf)

convolved_buf 
*            0   [ 00005000 ]  00002800          *   00000800   UNINITIALIZED
                 [ 00005000 ]  00002800          *   00000800   configuration.obj (convolved_buf)

RcvL1        0   [ 00006000 ]  00003000          *   00000800   UNINITIALIZED
                 [ 00006000 ]  00003000          *   00000800   configuration.obj (RcvL1)

RcvL2        0   [ 00007000 ]  00003800          *   00000800   UNINITIALIZED
                 [ 00007000 ]  00003800          *   00000800   configuration.obj (RcvL2)

RcvR1        0   [ 00008000 ]  00004000          *   00000800   UNINITIALIZED
                 [ 00008000 ]  00004000          *   00000800   configuration.obj (RcvR1)

RcvR2        0   [ 00009000 ]  00004800          *   00000800   UNINITIALIZED
                 [ 00009000 ]  00004800          *   00000800   configuration.obj (RcvR2)

FilterOut 
*            0   [ 0000a000 ]  00005000          *   00000800   UNINITIALIZED
                 [ 0000a000 ]  00005000          *   00000800   configuration.obj (FilterOut)

OverlapL     0   [ 0000b000 ]  00005800          *   000001fe   UNINITIALIZED
                 [ 0000b000 ]  00005800          *   000001fe   configuration.obj (OverlapL)

OverlapR     0   [ 0000b3fc ]  000059fe          *   000001fe   UNINITIALIZED
                 [ 0000b3fc ]  000059fe          *   000001fe   configuration.obj (OverlapR)

vectors      0     0000b7f8  [ 00005bfc ] 00000100          *   NOLOAD SECTION
                   0000b7f8  [ 00005bfc ] 00000100          *   rts55h.lib : vectors.obj (vectors)

XmitL1       0   [ 0000c000 ]  00006000          *   00000404   UNINITIALIZED
                 [ 0000c000 ]  00006000          *   00000404   configuration.obj (XmitL1)

XmitL2       0   [ 0000c808 ]  00006404          *   00000404   UNINITIALIZED
                 [ 0000c808 ]  00006404          *   00000404   configuration.obj (XmitL2)

XmitR1       0   [ 0000e000 ]  00007000          *   00000404   UNINITIALIZED
                 [ 0000e000 ]  00007000          *   00000404   configuration.obj (XmitR1)

XmitR2       0   [ 0000e808 ]  00007404          *   00000404   UNINITIALIZED
                 [ 0000e808 ]  00007404          *   00000404   configuration.obj (XmitR2)

.text        0     00010000  [ 00008000 ] 00007aa0          *   
                   00010000  [ 00008000 ] 00001526          *   rts55h.lib : _printfi.obj (.text)
                   00011526  [ 00008a93 ] 00000fe7          *   hwafft.obj (.text)
                   0001250d  [ 00009286+] 0000053a          *   aic3204_init.obj (.text)
                   00012a47  [ 00009523+] 00000538          *   rts55h.lib : trgdrv.obj (.text)
                   00012f7f  [ 000097bf+] 0000052a          *              : memory.obj (.text)
                   000134a9  [ 00009a54+] 00000518          *              : lowlev.obj (.text)
                   000139c1  [ 00009ce0+] 000004f5          *   main.obj (.text)
                   00013eb6  [ 00009f5b ] 00000493          *   filter_routines.obj (.text)
                   00014349  [ 0000a1a4+] 00000492          *   dma_routines.obj (.text)
                   000147db  [ 0000a3ed+] 00000367          *   rts55h.lib : divd.obj (.text)
                   00014b42  [ 0000a5a1 ] 00000340          *   pll.obj (.text)
                   00014e82  [ 0000a741 ] 000002ef          *   codec_routines.obj (.text)
                   00015171  [ 0000a8b8+] 000002ad          *   CSLc55x5h.lib : csl_pll.obj (.text)
                   0001541e  [ 0000aa0f ] 00000298          *   i2s_register.obj (.text)
                   000156b6  [ 0000ab5b ] 0000026c          *   rts55h.lib : fopen.obj (.text)
                   00015922  [ 0000ac91 ] 0000025c          *              : llmpy.obj (.text)
                   00015b7e  [ 0000adbf ] 00000257          *              : addd.obj (.text)
                   00015dd5  [ 0000aeea+] 000001ea          *              : cmpd.obj (.text)
                   00015fbf  [ 0000afdf+] 000001bd          *   MMA8451.obj (.text)
                   0001617c  [ 0000b0be ] 0000019f          *   ezdsp5535_i2c.obj (.text)
                   0001631b  [ 0000b18d+] 0000018a          *   aic3204.obj (.text)
                   000164a5  [ 0000b252+] 0000017b          *   rts55h.lib : fputs.obj (.text)
                   00016620  [ 0000b310 ] 0000016b          *   ezdsp5535_gpio.obj (.text)
                   0001678b  [ 0000b3c5+] 0000014b          *   rts55h.lib : mpyd.obj (.text)
                   000168d6  [ 0000b46b ] 00000118          *              : sqrt.obj (.text)
                   000169ee  [ 0000b4f7 ] 000000f3          *              : setvbuf.obj (.text)
                   00016ae1  [ 0000b570+] 000000ee          *              : ldexp.obj (.text)
                   00016bcf  [ 0000b5e7+] 000000dc          *   rtc_routines.obj (.text)
                   00016cab  [ 0000b655+] 000000da          *   rts55h.lib : _io_perm.obj (.text)
                   00016d85  [ 0000b6c2+] 000000cb          *              : frexp.obj (.text)
                   00016e50  [ 0000b728 ] 000000c8          *              : frcmpyd_div.obj (.text)
                   00016f18  [ 0000b78c ] 000000be          *              : trgmsg.obj (.text:CIO_breakpoint)
                   00016fd6  [ 0000b7eb ] 000000ba          *              : fflush.obj (.text)
                   00017090  [ 0000b848 ] 000000a2          *              : fputc.obj (.text)
                   00017132  [ 0000b899 ] 000000a0          *              : divul.obj (.text)
                   000171d2  [ 0000b8e9 ] 0000008b          *   55xdsph.lib : fir2.obj (.text)
                   0001725d  [ 0000b92e ] 00000001          *   --HOLE-- [fill = 20]
                   0001725e  [ 0000b92f ] 0000007b          *   vector.obj (.text)
                   000172d9  [ 0000b96c+] 00000079          *   rts55h.lib : ltoa.obj (.text)
                   00017352  [ 0000b9a9 ] 00000076          *              : fclose.obj (.text)
                   000173c8  [ 0000b9e4 ] 00000076          *              : frcmpyd.obj (.text)
                   0001743e  [ 0000ba1f ] 00000070          *              : remul.obj (.text)
                   000174ae  [ 0000ba57 ] 0000006e          *              : fixdli.obj (.text)
                   0001751c  [ 0000ba8e ] 0000006b          *              : trgmsg.obj (.text)
                   00017587  [ 0000bac3+] 00000068          *              : fseek.obj (.text)
                   000175ef  [ 0000baf7+] 00000067          *              : fltlid.obj (.text)
                   00017656  [ 0000bb2b ] 00000059          *              : atoi.obj (.text)
                   000176af  [ 0000bb57+] 00000056          *              : memcpy.obj (.text)
                   00017705  [ 0000bb82+] 00000054          *   ezdsp5535.obj (.text)
                   00017759  [ 0000bbac+] 00000051          *   i2s_routines.obj (.text)
                   000177aa  [ 0000bbd5 ] 0000004e          *   rts55h.lib : printf.obj (.text)
                   000177f8  [ 0000bbfc ] 0000004d          *              : autoinit.obj (.text)
                   00017845  [ 0000bc22+] 0000004b          *              : remli.obj (.text)
                   00017890  [ 0000bc48 ] 00000049          *              : args_main.obj (.text)
                   000178d9  [ 0000bc6c+] 00000048          *              : divli.obj (.text)
                   00017921  [ 0000bc90+] 0000003e          *              : exit.obj (.text)
                   0001795f  [ 0000bcaf+] 00000034          *              : boot.obj (.text)
                   00017993  [ 0000bcc9+] 0000002a          *              : fixdi.obj (.text)
                   000179bd  [ 0000bcde+] 0000002a          *              : udiv.obj (.text)
                   000179e7  [ 0000bcf3+] 00000022          *              : memccpy.obj (.text)
                   00017a09  [ 0000bd04+] 0000001f          *   ezdsp5535_led.obj (.text)
                   00017a28  [ 0000bd14 ] 0000001b          *   rts55h.lib : isinf.obj (.text)
                   00017a43  [ 0000bd21+] 00000014          *              : subd.obj (.text)
                   00017a57  [ 0000bd2b+] 00000013          *              : lmpy.obj (.text)
                   00017a6a  [ 0000bd35 ] 00000012          *              : _lock.obj (.text)
                   00017a7c  [ 0000bd3e ] 00000010          *              : negd.obj (.text)
                   00017a8c  [ 0000bd46 ] 0000000a          *              : remove.obj (.text)
                   00017a96  [ 0000bd4b ] 00000007          *              : exit.obj (.text:CIO_breakpoint)
                   00017a9d  [ 0000bd4e+] 00000002          *              : vectors.obj (.text)
                   00017a9f  [ 0000bd4f ] 00000001          *   --HOLE-- [fill = 20]

.bss         0   [ 00017aa0 ]  0000bd50          *   00000d9a   UNINITIALIZED
                 [ 00017aa0 ]  0000bd50          *   0000087e   main.obj (.bss)
                 [ 00018b9c ]  0000c5ce          *   0000025f   configuration.obj (.bss)
                 [ 0001905a ]  0000c82d          *   00000001   ezdsp5535_i2c.obj (.bss)
                 [ 0001905c ]  0000c82e          *   00000119   rts55h.lib : defs.obj (.bss)
                 [ 0001928e ]  0000c947          *   000000d0              : trgdrv.obj (.bss)
                 [ 0001942e ]  0000ca17          *   00000001   rtc_routines.obj (.bss)
                 [ 00019430 ]  0000ca18          *   00000071   rts55h.lib : lowlev.obj (.bss)
                 [ 00019512 ]  0000ca89          *   00000001              : errno.obj (.bss)
                 [ 00019514 ]  0000ca8a          *   00000036   pll.obj (.bss)
                 [ 00019580 ]  0000cac0          *   00000016   dma_routines.obj (.bss)
                 [ 000195ac ]  0000cad6          *   00000007   rts55h.lib : memory.obj (.bss)
                 [ 000195ba ]  0000cadd          *   00000001              : fopen.obj (.bss)
                 [ 000195bc ]  0000cade          *   00000004              : _lock.obj (.bss)
                 [ 000195c4 ]  0000cae2          *   00000004              : exit.obj (.bss)
                 [ 000195cc ]  0000cae6          *   00000002   aic3204.obj (.bss)
                 [ 000195d0 ]  0000cae8          *   00000002   filter_routines.obj (.bss)

RcvL1_copy 
*            0   [ 000195d4 ]  0000caea          *   00000800   UNINITIALIZED
                 [ 000195d4 ]  0000caea          *   00000800   configuration.obj (RcvL1_copy)

RcvL2_copy 
*            0   [ 0001a5d4 ]  0000d2ea          *   00000800   UNINITIALIZED
                 [ 0001a5d4 ]  0000d2ea          *   00000800   configuration.obj (RcvL2_copy)

RcvR1_copy 
*            0   [ 0001b5d4 ]  0000daea          *   00000800   UNINITIALIZED
                 [ 0001b5d4 ]  0000daea          *   00000800   configuration.obj (RcvR1_copy)

RcvR2_copy 
*            0   [ 0001c5d4 ]  0000e2ea          *   00000800   UNINITIALIZED
                 [ 0001c5d4 ]  0000e2ea          *   00000800   configuration.obj (RcvR2_copy)

.cinit       0   [ 0001d5d4 ]  0000eaea          *   000003f1   
                 [ 0001d5d4 ]  0000eaea          *   00000286   configuration.obj (.cinit)
                 [ 0001dae0 ]  0000ed70          *   00000088   main.obj (.cinit)
                 [ 0001dbf0 ]  0000edf8          *   00000046   pll.obj (.cinit)
                 [ 0001dc7c ]  0000ee3e          *   0000002d   rts55h.lib : lowlev.obj (.cinit)
                 [ 0001dcd6 ]  0000ee6b          *   0000002a              : defs.obj (.cinit)
                 [ 0001dd2a ]  0000ee95          *   00000018   dma_routines.obj (.cinit)
                 [ 0001dd5a ]  0000eead          *   0000000a   rts55h.lib : _lock.obj (.cinit)
                 [ 0001dd6e ]  0000eeb7          *   0000000a              : exit.obj (.cinit)
                 [ 0001dd82 ]  0000eec1          *   00000005   filter_routines.obj (.cinit)
                 [ 0001dd8c ]  0000eec6          *   00000004   ezdsp5535_i2c.obj (.cinit)
                 [ 0001dd94 ]  0000eeca          *   00000004   rtc_routines.obj (.cinit)
                 [ 0001dd9c ]  0000eece          *   00000004   rts55h.lib : errno.obj (.cinit)
                 [ 0001dda4 ]  0000eed2          *   00000004              : fopen.obj (.cinit)
                 [ 0001ddac ]  0000eed6          *   00000004              : memory.obj (.cinit)
                 [ 0001ddb4 ]  0000eeda          *   00000001   --HOLE-- [fill = 0]


GLOBAL SYMBOLS: SORTED ALPHABETICALLY BY Name 

abs. value/
byte addr   word addr   name
---------   ---------   ----
00000002                $TI_capability$C5500$CallingConvention
00000008                $TI_capability$C5500$MemoryModel
00000001                $TI_capability_requires_rev3
            0000bd50    .bss
00010000                .text
00017a97                C$$EXIT
00016fd1                C$$IO$$
00017a57                I$$LMPY
000179bd                I$$UDIV
000179d2                I$$UMOD
00014e82                _AIC3204_init
0001631b                _AIC3204_rget
00016366                _AIC3204_rset
00014192                _COLA_Output
00014261                _CPLX_Mul
00013f85                _Clear_COLA_Overlaps
00013e56                _ConfigPort
            0000ca17    _Count_RTC
            0000cad0    _CurrentRxL_DMAChannel
            0000cad1    _CurrentRxR_DMAChannel
            0000cad2    _CurrentTxL_DMAChannel
            0000cad3    _CurrentTxR_DMAChannel
00014626                _DMA_Isr
00013fcc                _FFT_Coeffs
0001409e                _FFT_Filter
            0000bd50    _FIR_HP_1000Hz
            00005000    _FilterOut
00012f21                _HOSTclock
00012eb6                _HOSTclose
00012e01                _HOSTlseek
00012d60                _HOSTopen
00012cd5                _HOSTread
00012c1c                _HOSTrename
00012bbe                _HOSTtime
00012b52                _HOSTunlink
00012ac7                _HOSTwrite
            0000cae8    _Hwafft_Func
00013df0                _InitSystem
00015fed                _MMAbegin
000160ad                _MMAread
            00005800    _OverlapL
            000059fe    _OverlapR
00013dbe                _PLL_98MHz
00015363                _PLL_bypass
000151d3                _PLL_config
000152fc                _PLL_enable
0001519b                _PLL_init
000153b2                _PLL_reset
00000900                _RST
00016c29                _RTC_Isr
            00003000    _RcvL1
            0000caea    _RcvL1_copy
            00003800    _RcvL2
            0000d2ea    _RcvL2_copy
            00004000    _RcvR1
            0000daea    _RcvR1_copy
            00004800    _RcvR2
            0000e2ea    _RcvR2_copy
0000b7f8                _Reset
            0000cad4    _RunFilterForL
            0000cad5    _RunFilterForR
            0000cac0    _RxL1_DMA_address
            0000cac2    _RxL2_DMA_address
            0000cac4    _RxR1_DMA_address
            0000cac6    _RxR2_DMA_address
            0000c7cd    _Simulation
            0000cac8    _TxL1_DMA_address
            0000caca    _TxL2_DMA_address
            0000cacc    _TxR1_DMA_address
            0000cace    _TxR2_DMA_address
            00006000    _XmitL1
            00006404    _XmitL2
            00007000    _XmitR1
            00007404    _XmitR2
00013eb6                _Zero_Pad_Inputs
            00000ebc    __CIOBUF_
            00000254    __STACK_END
000003e8                __STACK_SIZE
000007d0                __SYSMEM_SIZE
000003e8                __SYSSTACK_SIZE
ffffffff                ___binit__
            0000bd50    ___bss__
ffffffff                ___c_args__
            0000eaea    ___cinit__
            0000caea    ___end__
00017aa0                ___etext__
00017a28                ___isinf
ffffffff                ___pinit__
00010000                ___text__
00015b7e                __addd
00017890                __args_main
000157cb                __cleanup
            0000cae2    __cleanup_ptr
00015f67                __cmpd
            000008aa    __ctypes_
000147fd                __divd
000178d9                __divli
00015b4a                __divlli
000179bd                __divu
00017132                __divul
00015a56                __divull
00016fd6                __doflush
            0000cae4    __dtors_ptr
00015f33                __eqld
00017993                __fixdi
000174ae                __fixdli
000175ef                __fltlid
000173c8                __frcmpyd
00016e50                __frcmpyd_div
            0000c946    __ft_end
            0000c82e    __ftable
00015ee9                __geqd
00015e9e                __gtrd
00015e51                __leqd
            0000cade    __lock
00015e09                __lssd
0001678b                __mpyd
00017a57                __mpyli
0001599f                __mpylli
00017a7c                __negd
00015dd5                __neqd
00017a7a                __nop
00011308                __printfi
00016d28                __rd_ok
00017a72                __register_lock
00017a6a                __register_unlock
00017845                __remli
00015970                __remlli
000179d2                __remu
0001743e                __remul
00015922                __remull
            00000060    __stack
00017a43                __subd
            00000ad4    __sys_memory
            00000254    __sysstack
            0000c8a6    __tmpnams
            0000cae0    __unlock
00016cab                __wrt_ok
00017a96                _abort
            0000bdce    _absolute_value
000138d9                _add_device
000163d4                _aic3204_codec_read
0001641a                _aic3204_codec_read_MONO
00016469                _aic3204_codec_write
000163b8                _aic3204_disable
00016388                _aic3204_hardware_init
0001250d                _aic3204_init
00017656                _atoi
000177f8                _auto_init
000142c9                _buff_copy16
00014302                _buff_copy32
0001795f                _c_int00
00013afd                _calculate_abs
0001345d                _calloc
00013455                _chkheap
            0000bdcb    _clearOverlaps
00013869                _close
00013b4a                _codecRead
            0000c5ce    _coeffs
            00002000    _coeffs_fft_buf
            00002800    _convolved_buf
            0000cae6    _counter1
            0000cae7    _counter2
            00001000    _data_br_buf
0001567e                _disable_i2s0
0001568c                _disable_i2s1
0001569a                _disable_i2s2
000156a8                _disable_i2s3
            0000bdcc    _dummy1
00014619                _enable_dma_int
00015646                _enable_i2s0
00015654                _enable_i2s1
00015662                _enable_i2s2
00015670                _enable_i2s3
00016bcf                _enable_rtc_second_int
            0000ca89    _errno
00017921                _exit
0001672c                _ezdsp5535_GPIO_getInput
00016620                _ezdsp5535_GPIO_init
00016624                _ezdsp5535_GPIO_setDirection
000166af                _ezdsp5535_GPIO_setOutput
0001619b                _ezdsp5535_I2C_close
0001617c                _ezdsp5535_I2C_init
000162a2                _ezdsp5535_I2C_read
000161a4                _ezdsp5535_I2C_reset
000161b2                _ezdsp5535_I2C_write
0001622d                _ezdsp5535_I2C_write_SR
00017a1d                _ezdsp5535_LED_init
00017a13                _ezdsp5535_LED_off
00017a09                _ezdsp5535_LED_on
0001774b                _ezdsp5535_init
00017705                _ezdsp5535_wait
00017739                _ezdsp5535_waitusec
            0000bdca    _fBypassOn
            0000bdc9    _fFilterOn
00017352                _fclose
00017038                _fflush
000139c1                _fft_create_datapoint_array
00013a12                _fft_fft
00013860                _find_registered_device
000171d2                _fir2
000158e9                _fopen
00017090                _fputc
000164a5                _fputs
00012f7f                _free
000133ee                _free_memory
00015823                _freopen
00016d85                _frexp
00017587                _fseek
00012a47                _getenv
            0000ca94    _hPll
000122a6                _hwafft_1024pts
00011c1d                _hwafft_128pts
00011629                _hwafft_16pts
00011e2e                _hwafft_256pts
0001177f                _hwafft_32pts
0001202c                _hwafft_512pts
00011a88                _hwafft_64pts
0001153a                _hwafft_8pts
00011526                _hwafft_br
0001541e                _i2s0_read_CR
00015466                _i2s0_read_INTR
0001546c                _i2s0_read_INT_MASK
00015478                _i2s0_read_RXL_LSW
00015484                _i2s0_read_RXL_MSW
00015490                _i2s0_read_RXR_LSW
0001549c                _i2s0_read_RXR_MSW
0001542a                _i2s0_read_SRGR
00015436                _i2s0_read_TXL_LSW
00015442                _i2s0_read_TXL_MSW
0001544e                _i2s0_read_TXR_LSW
0001545a                _i2s0_read_TXR_MSW
00015424                _i2s0_write_CR
00015472                _i2s0_write_INT_MASK
0001547e                _i2s0_write_RXL_LSW
0001548a                _i2s0_write_RXL_MSW
00015496                _i2s0_write_RXR_LSW
000154a2                _i2s0_write_RXR_MSW
00015430                _i2s0_write_SRGR
0001543c                _i2s0_write_TXL_LSW
00015448                _i2s0_write_TXL_MSW
00015454                _i2s0_write_TXR_LSW
00015460                _i2s0_write_TXR_MSW
000154a8                _i2s1_read_CR
000154f0                _i2s1_read_INTR
000154f6                _i2s1_read_INT_MASK
00015502                _i2s1_read_RXL_LSW
0001550e                _i2s1_read_RXL_MSW
0001551a                _i2s1_read_RXR_LSW
00015526                _i2s1_read_RXR_MSW
000154b4                _i2s1_read_SRGR
000154c0                _i2s1_read_TXL_LSW
000154cc                _i2s1_read_TXL_MSW
000154d8                _i2s1_read_TXR_LSW
000154e4                _i2s1_read_TXR_MSW
000154ae                _i2s1_write_CR
000154fc                _i2s1_write_INT_MASK
00015508                _i2s1_write_RXL_LSW
00015514                _i2s1_write_RXL_MSW
00015520                _i2s1_write_RXR_LSW
0001552c                _i2s1_write_RXR_MSW
000154ba                _i2s1_write_SRGR
000154c6                _i2s1_write_TXL_LSW
000154d2                _i2s1_write_TXL_MSW
000154de                _i2s1_write_TXR_LSW
000154ea                _i2s1_write_TXR_MSW
00015532                _i2s2_read_CR
0001557a                _i2s2_read_INTR
00015580                _i2s2_read_INT_MASK
0001558c                _i2s2_read_RXL_LSW
00015598                _i2s2_read_RXL_MSW
000155a4                _i2s2_read_RXR_LSW
000155b0                _i2s2_read_RXR_MSW
0001553e                _i2s2_read_SRGR
0001554a                _i2s2_read_TXL_LSW
00015556                _i2s2_read_TXL_MSW
00015562                _i2s2_read_TXR_LSW
0001556e                _i2s2_read_TXR_MSW
00015538                _i2s2_write_CR
00015586                _i2s2_write_INT_MASK
00015592                _i2s2_write_RXL_LSW
0001559e                _i2s2_write_RXL_MSW
000155aa                _i2s2_write_RXR_LSW
000155b6                _i2s2_write_RXR_MSW
00015544                _i2s2_write_SRGR
00015550                _i2s2_write_TXL_LSW
0001555c                _i2s2_write_TXL_MSW
00015568                _i2s2_write_TXR_LSW
00015574                _i2s2_write_TXR_MSW
000155bc                _i2s3_read_CR
00015604                _i2s3_read_INTR
0001560a                _i2s3_read_INT_MASK
00015616                _i2s3_read_RXL_LSW
00015622                _i2s3_read_RXL_MSW
0001562e                _i2s3_read_RXR_LSW
0001563a                _i2s3_read_RXR_MSW
000155c8                _i2s3_read_SRGR
000155d4                _i2s3_read_TXL_LSW
000155e0                _i2s3_read_TXL_MSW
000155ec                _i2s3_read_TXR_LSW
000155f8                _i2s3_read_TXR_MSW
000155c2                _i2s3_write_CR
00015610                _i2s3_write_INT_MASK
0001561c                _i2s3_write_RXL_LSW
00015628                _i2s3_write_RXL_MSW
00015634                _i2s3_write_RXR_LSW
00015640                _i2s3_write_RXR_MSW
000155ce                _i2s3_write_SRGR
000155da                _i2s3_write_TXL_LSW
000155e6                _i2s3_write_TXL_MSW
000155f2                _i2s3_write_TXR_LSW
000155fe                _i2s3_write_TXR_MSW
00015fbf                _inits
00016ae1                _ldexp
000137fc                _lseek
000172d9                _ltoa
00013b8e                _main
000130c3                _malloc
00013384                _max_free
000179e7                _memccpy
000176af                _memcpy
00013051                _minit
0001373f                _open
            0000cabe    _pConfigInfo
            0000ca90    _pllCfg1
            0000cab6    _pllCfg_100MHz
            0000caba    _pllCfg_120MHz
            0000ca9e    _pllCfg_12MHz
            0000caa2    _pllCfg_12p288MHz
            0000ca96    _pllCfg_1MHz
            0000ca9a    _pllCfg_2MHz
            0000caa6    _pllCfg_40MHz
            0000caaa    _pllCfg_60MHz
            0000caae    _pllCfg_75MHz
            0000cab2    _pllCfg_98MHz
            0000ca8a    _pllObj
00014bbd                _pll_frequency_setup
000177aa                _printf
00017090                _putc
00017123                _putchar
000165f4                _puts
00013695                _read
0001751c                _readmsg
000131be                _realloc
00017a8c                _remove
00013661                _remove_device
0001360a                _rename
00016bdb                _reset_RTC
            00001800    _scratch_buf
00014349                _setDMA_address
000144a9                _set_dma0_ch0_i2s0_Lout
00014451                _set_dma0_ch0_stop
00014505                _set_dma0_ch1_i2s0_Rout
00014467                _set_dma0_ch1_stop
00014561                _set_dma0_ch2_i2s0_Lin
0001447d                _set_dma0_ch2_stop
000145bd                _set_dma0_ch3_i2s0_Rin
00014493                _set_dma0_ch3_stop
00017759                _set_i2s0_master
0001778a                _set_i2s0_slave
000126eb                _set_sampling_frequency_and_gain
000169ee                _setvbuf
000168d6                _sqrt
00013e99                _turnOffLED
00013e7c                _turnOnLED
000135d6                _unlink
000134a9                _write
00016f18                _writemsg
ffffffff                binit
            0000eaea    cinit
            0000caea    end
00017aa0                etext
ffffffff                pinit
0001725e                reset_isr


GLOBAL SYMBOLS: SORTED BY Symbol Address 

abs. value/
byte addr   word addr   name
---------   ---------   ----
00000001                $TI_capability_requires_rev3
00000002                $TI_capability$C5500$CallingConvention
00000008                $TI_capability$C5500$MemoryModel
            00000060    __stack
000003e8                __STACK_SIZE
000003e8                __SYSSTACK_SIZE
            00000254    __STACK_END
            00000254    __sysstack
000007d0                __SYSMEM_SIZE
00000900                _RST
            000008aa    __ctypes_
            00000ad4    __sys_memory
            00000ebc    __CIOBUF_
            00001000    _data_br_buf
            00001800    _scratch_buf
            00002000    _coeffs_fft_buf
            00002800    _convolved_buf
            00003000    _RcvL1
            00003800    _RcvL2
            00004000    _RcvR1
            00004800    _RcvR2
            00005000    _FilterOut
            00005800    _OverlapL
            000059fe    _OverlapR
0000b7f8                _Reset
            00006000    _XmitL1
            00006404    _XmitL2
            00007000    _XmitR1
            00007404    _XmitR2
00010000                .text
00010000                ___text__
00011308                __printfi
00011526                _hwafft_br
0001153a                _hwafft_8pts
00011629                _hwafft_16pts
0001177f                _hwafft_32pts
00011a88                _hwafft_64pts
00011c1d                _hwafft_128pts
00011e2e                _hwafft_256pts
0001202c                _hwafft_512pts
000122a6                _hwafft_1024pts
0001250d                _aic3204_init
000126eb                _set_sampling_frequency_and_gain
00012a47                _getenv
00012ac7                _HOSTwrite
00012b52                _HOSTunlink
00012bbe                _HOSTtime
00012c1c                _HOSTrename
00012cd5                _HOSTread
00012d60                _HOSTopen
00012e01                _HOSTlseek
00012eb6                _HOSTclose
00012f21                _HOSTclock
00012f7f                _free
00013051                _minit
000130c3                _malloc
000131be                _realloc
00013384                _max_free
000133ee                _free_memory
00013455                _chkheap
0001345d                _calloc
000134a9                _write
000135d6                _unlink
0001360a                _rename
00013661                _remove_device
00013695                _read
0001373f                _open
000137fc                _lseek
00013860                _find_registered_device
00013869                _close
000138d9                _add_device
000139c1                _fft_create_datapoint_array
00013a12                _fft_fft
00013afd                _calculate_abs
00013b4a                _codecRead
00013b8e                _main
00013dbe                _PLL_98MHz
00013df0                _InitSystem
00013e56                _ConfigPort
00013e7c                _turnOnLED
00013e99                _turnOffLED
00013eb6                _Zero_Pad_Inputs
00013f85                _Clear_COLA_Overlaps
00013fcc                _FFT_Coeffs
0001409e                _FFT_Filter
00014192                _COLA_Output
00014261                _CPLX_Mul
000142c9                _buff_copy16
00014302                _buff_copy32
00014349                _setDMA_address
00014451                _set_dma0_ch0_stop
00014467                _set_dma0_ch1_stop
0001447d                _set_dma0_ch2_stop
00014493                _set_dma0_ch3_stop
000144a9                _set_dma0_ch0_i2s0_Lout
00014505                _set_dma0_ch1_i2s0_Rout
00014561                _set_dma0_ch2_i2s0_Lin
000145bd                _set_dma0_ch3_i2s0_Rin
00014619                _enable_dma_int
00014626                _DMA_Isr
000147fd                __divd
00014bbd                _pll_frequency_setup
00014e82                _AIC3204_init
0001519b                _PLL_init
000151d3                _PLL_config
000152fc                _PLL_enable
00015363                _PLL_bypass
000153b2                _PLL_reset
0001541e                _i2s0_read_CR
00015424                _i2s0_write_CR
0001542a                _i2s0_read_SRGR
00015430                _i2s0_write_SRGR
00015436                _i2s0_read_TXL_LSW
0001543c                _i2s0_write_TXL_LSW
00015442                _i2s0_read_TXL_MSW
00015448                _i2s0_write_TXL_MSW
0001544e                _i2s0_read_TXR_LSW
00015454                _i2s0_write_TXR_LSW
0001545a                _i2s0_read_TXR_MSW
00015460                _i2s0_write_TXR_MSW
00015466                _i2s0_read_INTR
0001546c                _i2s0_read_INT_MASK
00015472                _i2s0_write_INT_MASK
00015478                _i2s0_read_RXL_LSW
0001547e                _i2s0_write_RXL_LSW
00015484                _i2s0_read_RXL_MSW
0001548a                _i2s0_write_RXL_MSW
00015490                _i2s0_read_RXR_LSW
00015496                _i2s0_write_RXR_LSW
0001549c                _i2s0_read_RXR_MSW
000154a2                _i2s0_write_RXR_MSW
000154a8                _i2s1_read_CR
000154ae                _i2s1_write_CR
000154b4                _i2s1_read_SRGR
000154ba                _i2s1_write_SRGR
000154c0                _i2s1_read_TXL_LSW
000154c6                _i2s1_write_TXL_LSW
000154cc                _i2s1_read_TXL_MSW
000154d2                _i2s1_write_TXL_MSW
000154d8                _i2s1_read_TXR_LSW
000154de                _i2s1_write_TXR_LSW
000154e4                _i2s1_read_TXR_MSW
000154ea                _i2s1_write_TXR_MSW
000154f0                _i2s1_read_INTR
000154f6                _i2s1_read_INT_MASK
000154fc                _i2s1_write_INT_MASK
00015502                _i2s1_read_RXL_LSW
00015508                _i2s1_write_RXL_LSW
0001550e                _i2s1_read_RXL_MSW
00015514                _i2s1_write_RXL_MSW
0001551a                _i2s1_read_RXR_LSW
00015520                _i2s1_write_RXR_LSW
00015526                _i2s1_read_RXR_MSW
0001552c                _i2s1_write_RXR_MSW
00015532                _i2s2_read_CR
00015538                _i2s2_write_CR
0001553e                _i2s2_read_SRGR
00015544                _i2s2_write_SRGR
0001554a                _i2s2_read_TXL_LSW
00015550                _i2s2_write_TXL_LSW
00015556                _i2s2_read_TXL_MSW
0001555c                _i2s2_write_TXL_MSW
00015562                _i2s2_read_TXR_LSW
00015568                _i2s2_write_TXR_LSW
0001556e                _i2s2_read_TXR_MSW
00015574                _i2s2_write_TXR_MSW
0001557a                _i2s2_read_INTR
00015580                _i2s2_read_INT_MASK
00015586                _i2s2_write_INT_MASK
0001558c                _i2s2_read_RXL_LSW
00015592                _i2s2_write_RXL_LSW
00015598                _i2s2_read_RXL_MSW
0001559e                _i2s2_write_RXL_MSW
000155a4                _i2s2_read_RXR_LSW
000155aa                _i2s2_write_RXR_LSW
000155b0                _i2s2_read_RXR_MSW
000155b6                _i2s2_write_RXR_MSW
000155bc                _i2s3_read_CR
000155c2                _i2s3_write_CR
000155c8                _i2s3_read_SRGR
000155ce                _i2s3_write_SRGR
000155d4                _i2s3_read_TXL_LSW
000155da                _i2s3_write_TXL_LSW
000155e0                _i2s3_read_TXL_MSW
000155e6                _i2s3_write_TXL_MSW
000155ec                _i2s3_read_TXR_LSW
000155f2                _i2s3_write_TXR_LSW
000155f8                _i2s3_read_TXR_MSW
000155fe                _i2s3_write_TXR_MSW
00015604                _i2s3_read_INTR
0001560a                _i2s3_read_INT_MASK
00015610                _i2s3_write_INT_MASK
00015616                _i2s3_read_RXL_LSW
0001561c                _i2s3_write_RXL_LSW
00015622                _i2s3_read_RXL_MSW
00015628                _i2s3_write_RXL_MSW
0001562e                _i2s3_read_RXR_LSW
00015634                _i2s3_write_RXR_LSW
0001563a                _i2s3_read_RXR_MSW
00015640                _i2s3_write_RXR_MSW
00015646                _enable_i2s0
00015654                _enable_i2s1
00015662                _enable_i2s2
00015670                _enable_i2s3
0001567e                _disable_i2s0
0001568c                _disable_i2s1
0001569a                _disable_i2s2
000156a8                _disable_i2s3
000157cb                __cleanup
00015823                _freopen
000158e9                _fopen
00015922                __remull
00015970                __remlli
0001599f                __mpylli
00015a56                __divull
00015b4a                __divlli
00015b7e                __addd
00015dd5                __neqd
00015e09                __lssd
00015e51                __leqd
00015e9e                __gtrd
00015ee9                __geqd
00015f33                __eqld
00015f67                __cmpd
00015fbf                _inits
00015fed                _MMAbegin
000160ad                _MMAread
0001617c                _ezdsp5535_I2C_init
0001619b                _ezdsp5535_I2C_close
000161a4                _ezdsp5535_I2C_reset
000161b2                _ezdsp5535_I2C_write
0001622d                _ezdsp5535_I2C_write_SR
000162a2                _ezdsp5535_I2C_read
0001631b                _AIC3204_rget
00016366                _AIC3204_rset
00016388                _aic3204_hardware_init
000163b8                _aic3204_disable
000163d4                _aic3204_codec_read
0001641a                _aic3204_codec_read_MONO
00016469                _aic3204_codec_write
000164a5                _fputs
000165f4                _puts
00016620                _ezdsp5535_GPIO_init
00016624                _ezdsp5535_GPIO_setDirection
000166af                _ezdsp5535_GPIO_setOutput
0001672c                _ezdsp5535_GPIO_getInput
0001678b                __mpyd
000168d6                _sqrt
000169ee                _setvbuf
00016ae1                _ldexp
00016bcf                _enable_rtc_second_int
00016bdb                _reset_RTC
00016c29                _RTC_Isr
00016cab                __wrt_ok
00016d28                __rd_ok
00016d85                _frexp
00016e50                __frcmpyd_div
00016f18                _writemsg
00016fd1                C$$IO$$
00016fd6                __doflush
00017038                _fflush
00017090                _fputc
00017090                _putc
00017123                _putchar
00017132                __divul
000171d2                _fir2
0001725e                reset_isr
000172d9                _ltoa
00017352                _fclose
000173c8                __frcmpyd
0001743e                __remul
000174ae                __fixdli
0001751c                _readmsg
00017587                _fseek
000175ef                __fltlid
00017656                _atoi
000176af                _memcpy
00017705                _ezdsp5535_wait
00017739                _ezdsp5535_waitusec
0001774b                _ezdsp5535_init
00017759                _set_i2s0_master
0001778a                _set_i2s0_slave
000177aa                _printf
000177f8                _auto_init
00017845                __remli
00017890                __args_main
000178d9                __divli
00017921                _exit
0001795f                _c_int00
00017993                __fixdi
000179bd                I$$UDIV
000179bd                __divu
000179d2                I$$UMOD
000179d2                __remu
000179e7                _memccpy
00017a09                _ezdsp5535_LED_on
00017a13                _ezdsp5535_LED_off
00017a1d                _ezdsp5535_LED_init
00017a28                ___isinf
00017a43                __subd
00017a57                I$$LMPY
00017a57                __mpyli
00017a6a                __register_unlock
00017a72                __register_lock
00017a7a                __nop
00017a7c                __negd
00017a8c                _remove
00017a96                _abort
00017a97                C$$EXIT
            0000bd50    .bss
            0000bd50    _FIR_HP_1000Hz
            0000bd50    ___bss__
00017aa0                ___etext__
00017aa0                etext
            0000bdc9    _fFilterOn
            0000bdca    _fBypassOn
            0000bdcb    _clearOverlaps
            0000bdcc    _dummy1
            0000bdce    _absolute_value
            0000c5ce    _coeffs
            0000c7cd    _Simulation
            0000c82e    __ftable
            0000c8a6    __tmpnams
            0000c946    __ft_end
            0000ca17    _Count_RTC
            0000ca89    _errno
            0000ca8a    _pllObj
            0000ca90    _pllCfg1
            0000ca94    _hPll
            0000ca96    _pllCfg_1MHz
            0000ca9a    _pllCfg_2MHz
            0000ca9e    _pllCfg_12MHz
            0000caa2    _pllCfg_12p288MHz
            0000caa6    _pllCfg_40MHz
            0000caaa    _pllCfg_60MHz
            0000caae    _pllCfg_75MHz
            0000cab2    _pllCfg_98MHz
            0000cab6    _pllCfg_100MHz
            0000caba    _pllCfg_120MHz
            0000cabe    _pConfigInfo
            0000cac0    _RxL1_DMA_address
            0000cac2    _RxL2_DMA_address
            0000cac4    _RxR1_DMA_address
            0000cac6    _RxR2_DMA_address
            0000cac8    _TxL1_DMA_address
            0000caca    _TxL2_DMA_address
            0000cacc    _TxR1_DMA_address
            0000cace    _TxR2_DMA_address
            0000cad0    _CurrentRxL_DMAChannel
            0000cad1    _CurrentRxR_DMAChannel
            0000cad2    _CurrentTxL_DMAChannel
            0000cad3    _CurrentTxR_DMAChannel
            0000cad4    _RunFilterForL
            0000cad5    _RunFilterForR
            0000cade    __lock
            0000cae0    __unlock
            0000cae2    __cleanup_ptr
            0000cae4    __dtors_ptr
            0000cae6    _counter1
            0000cae7    _counter2
            0000cae8    _Hwafft_Func
            0000caea    _RcvL1_copy
            0000caea    ___end__
            0000caea    end
            0000d2ea    _RcvL2_copy
            0000daea    _RcvR1_copy
            0000e2ea    _RcvR2_copy
            0000eaea    ___cinit__
            0000eaea    cinit
ffffffff                ___binit__
ffffffff                ___c_args__
ffffffff                ___pinit__
ffffffff                binit
ffffffff                pinit

[374 symbols]
