******************************************************************************
              TMS320C55x Linker PC v4.3.8                      
******************************************************************************
>> Linked Fri May 01 08:28:57 2020

OUTPUT FILE NAME:   <codec_sampler.out>
ENTRY POINT SYMBOL: "_c_int00"  address: 00025758


MEMORY CONFIGURATION

         name            origin    length      used     unused   attr    fill
                        (bytes)   (bytes)    (bytes)   (bytes)
----------------------  --------  ---------  --------  --------  ----  --------
PAGE 0:
  MMR                   00000000   000000c0  00000000  000000c0  RWIX
  DARAM0                000000c0   0000ff40  00006a60  000094e0  RWIX
  SARAM0                00010000   00010000  00000000  00010000  RWIX
  SARAM1                00020000   00020000  000058a7  0001a759  RWIX
  SARAM2                00040000   0000fe00  000005ac  0000f854  RWIX
  VECS                  0004fe00   00000200  00000100  00000100  RWIX
  PDROM                 00ff8000   00008000  00000000  00008000  R IX

PAGE 2:
  IOPORT                00000000   00020000  00000000  00020000  RWI 


SECTION ALLOCATION MAP
(Addresses surrounded by []'s are displayed for convenience only!)

output                                                          attributes/
section   page  orgn(bytes) orgn(words) len(bytes) len(words)   input sections
--------  ----  ----------- ----------- ---------- ----------   --------------
.pinit       0   [ 00040000 ]  00020000          *   00000000   UNINITIALIZED

.stack       0   [ 000000c0 ]  00000060          *   00001000   UNINITIALIZED
                 [ 000000c0 ]  00000060          *   00001000   --HOLE--

.data        0   [ 000000c0 ]  00000060          *   00000000   UNINITIALIZED

.sysstack 
*            0   [ 000020c0 ]  00001060          *   00000800   UNINITIALIZED
                 [ 000020c0 ]  00001060          *   00000800   --HOLE--

.sysmem      0   [ 000030c0 ]  00001860          *   00001000   UNINITIALIZED
                 [ 000030c0 ]  00001860          *   00001000   --HOLE--

.bss.1       0   [ 000050c0 ]  00002860          *   0000076d   UNINITIALIZED
                 [ 000050c0 ]  00002860          *   0000040c   main.obj (.bss)
                 [ 000058d8 ]  00002c6c          *   00000119   rts55h.lib : defs.obj (.bss)
                 [ 00005b0a ]  00002d85          *   000000d0              : trgdrv.obj (.bss)
                 [ 00005caa ]  00002e55          *   000000bc   oled.obj (.bss)
                 [ 00005e22 ]  00002f11          *   00000001   ezdsp5535_i2c.obj (.bss)
                 [ 00005e24 ]  00002f12          *   00000071   rts55h.lib : lowlev.obj (.bss)
                 [ 00005f06 ]  00002f83          *   00000001              : fopen.obj (.bss)
                 [ 00005f08 ]  00002f84          *   00000036   ezdsp5535_pll.obj (.bss)
                 [ 00005f74 ]  00002fba          *   0000000c   pushbuttons.obj (.bss)
                 [ 00005f8c ]  00002fc6          *   00000007   rts55h.lib : memory.obj (.bss)

.bss.2       0   [ 00005f9c ]  00002fce          *   0000000a   UNINITIALIZED
                 [ 00005f9c ]  00002fce          *   00000004   rts55h.lib : _lock.obj (.bss)
                 [ 00005fa4 ]  00002fd2          *   00000004              : exit.obj (.bss)
                 [ 00005fac ]  00002fd6          *   00000002   aic3204.obj (.bss)

.const.1     0   [ 00005fb0 ]  00002fd8          *   000004ab   
                 [ 00005fb0 ]  00002fd8          *   00000236   ezdsp5535_pll.obj (.const:.string)
                 [ 0000641c ]  0000320e          *   00000174   aic3204_init.obj (.const:.string)
                 [ 00006704 ]  00003382          *   00000101   rts55h.lib : ctype.obj (.const:__ctypes_)

.const.2     0   [ 00006908 ]  00003484          *   0000010e   
                 [ 00006908 ]  00003484          *   000000d0   main.obj (.const:.string)
                 [ 00006aa8 ]  00003554          *   00000024   rts55h.lib : _printfi.obj (.const:.string)
                 [ 00006af0 ]  00003578          *   0000000c              : _printfi.obj (.const)
                 [ 00006b08 ]  00003584          *   00000008              : divd.obj (.const:_initial_approx$1)
                 [ 00006b18 ]  0000358c          *   00000002              : fputs.obj (.const:.string)
                 [ 00006b1c ]  0000358e          *   00000002              : divd.obj (.const)
                 [ 00006b20 ]  00003590          *   00000002              : fltlid.obj (.const)

.text        0     00020000  [ 00010000 ] 000058a7          *   
                   00020000  [ 00010000 ] 00001526          *   rts55h.lib : _printfi.obj (.text)
                   00021526  [ 00010a93 ] 0000053a          *   aic3204_init.obj (.text)
                   00021a60  [ 00010d30 ] 00000538          *   rts55h.lib : trgdrv.obj (.text)
                   00021f98  [ 00010fcc ] 0000052a          *              : memory.obj (.text)
                   000224c2  [ 00011261 ] 00000518          *              : lowlev.obj (.text)
                   000229da  [ 000114ed ] 00000367          *              : divd.obj (.text)
                   00022d41  [ 000116a0+] 0000034b          *   oled.obj (.text)
                   0002308c  [ 00011846 ] 00000340          *   ezdsp5535_pll.obj (.text)
                   000233cc  [ 000119e6 ] 000002b6          *   pushbuttons.obj (.text)
                   00023682  [ 00011b41 ] 000002ad          *   CSLc55x5h.lib : csl_pll.obj (.text)
                   0002392f  [ 00011c97+] 0000026c          *   rts55h.lib : fopen.obj (.text)
                   00023b9b  [ 00011dcd+] 0000025c          *              : llmpy.obj (.text)
                   00023df7  [ 00011efb+] 00000257          *              : addd.obj (.text)
                   0002404e  [ 00012027 ] 00000226          *              : fwrite.obj (.text)
                   00024274  [ 0001213a ] 000001ea          *              : cmpd.obj (.text)
                   0002445e  [ 0001222f ] 0000017b          *              : fputs.obj (.text)
                   000245d9  [ 000122ec+] 0000016b          *   ezdsp5535_gpio.obj (.text)
                   00024744  [ 000123a2 ] 0000014b          *   rts55h.lib : mpyd.obj (.text)
                   0002488f  [ 00012447+] 0000012a          *   ezdsp5535_i2c.obj (.text)
                   000249b9  [ 000124dc+] 00000113          *   aic3204.obj (.text)
                   00024acc  [ 00012566 ] 00000108          *   main.obj (.text)
                   00024bd4  [ 000125ea ] 000000f3          *   rts55h.lib : setvbuf.obj (.text)
                   00024cc7  [ 00012663+] 000000da          *              : _io_perm.obj (.text)
                   00024da1  [ 000126d0+] 000000c8          *              : frcmpyd_div.obj (.text)
                   00024e69  [ 00012734+] 000000be          *              : trgmsg.obj (.text:CIO_breakpoint)
                   00024f27  [ 00012793+] 000000ba          *              : fflush.obj (.text)
                   00024fe1  [ 000127f0+] 000000a2          *              : fputc.obj (.text)
                   00025083  [ 00012841+] 000000a0          *              : divul.obj (.text)
                   00025123  [ 00012891+] 00000079          *              : ltoa.obj (.text)
                   0002519c  [ 000128ce ] 00000076          *              : fclose.obj (.text)
                   00025212  [ 00012909 ] 00000076          *              : frcmpyd.obj (.text)
                   00025288  [ 00012944 ] 00000070          *              : remul.obj (.text)
                   000252f8  [ 0001297c ] 0000006e          *              : fixdli.obj (.text)
                   00025366  [ 000129b3 ] 0000006b          *              : trgmsg.obj (.text)
                   000253d1  [ 000129e8+] 00000068          *              : fseek.obj (.text)
                   00025439  [ 00012a1c+] 00000067          *              : fltlid.obj (.text)
                   000254a0  [ 00012a50 ] 00000059          *              : atoi.obj (.text)
                   000254f9  [ 00012a7c+] 00000056          *              : memcpy.obj (.text)
                   0002554f  [ 00012aa7+] 00000054          *   ezdsp5535.obj (.text)
                   000255a3  [ 00012ad1+] 0000004e          *   rts55h.lib : printf.obj (.text)
                   000255f1  [ 00012af8+] 0000004d          *              : autoinit.obj (.text)
                   0002563e  [ 00012b1f ] 0000004b          *              : remli.obj (.text)
                   00025689  [ 00012b44+] 00000049          *              : args_main.obj (.text)
                   000256d2  [ 00012b69 ] 00000048          *              : divli.obj (.text)
                   0002571a  [ 00012b8d ] 0000003e          *              : exit.obj (.text)
                   00025758  [ 00012bac ] 00000034          *              : boot.obj (.text)
                   0002578c  [ 00012bc6 ] 0000002d          *   ezdsp5535_led.obj (.text)
                   000257b9  [ 00012bdc+] 0000002a          *   rts55h.lib : fixdi.obj (.text)
                   000257e3  [ 00012bf1+] 0000002a          *              : udiv.obj (.text)
                   0002580d  [ 00012c06+] 00000022          *              : memccpy.obj (.text)
                   0002582f  [ 00012c17+] 0000001b          *              : isinf.obj (.text)
                   0002584a  [ 00012c25 ] 00000014          *              : subd.obj (.text)
                   0002585e  [ 00012c2f ] 00000013          *              : lmpy.obj (.text)
                   00025871  [ 00012c38+] 00000012          *              : _lock.obj (.text)
                   00025883  [ 00012c41+] 00000010          *              : negd.obj (.text)
                   00025893  [ 00012c49+] 0000000a          *              : remove.obj (.text)
                   0002589d  [ 00012c4e+] 00000007          *              : exit.obj (.text:CIO_breakpoint)
                   000258a4  [ 00012c52 ] 00000002          *              : vectors.obj (.text)
                   000258a6  [ 00012c53 ] 00000001          *   --HOLE-- [fill = 20]

.cinit       0   [ 00040000 ]  00020000          *   000001b6   
                 [ 00040000 ]  00020000          *   000000c2   oled.obj (.cinit)
                 [ 00040184 ]  000200c2          *   00000046   ezdsp5535_pll.obj (.cinit)
                 [ 00040210 ]  00020108          *   0000002d   rts55h.lib : lowlev.obj (.cinit)
                 [ 0004026a ]  00020135          *   0000002a              : defs.obj (.cinit)
                 [ 000402be ]  0002015f          *   00000024   pushbuttons.obj (.cinit)
                 [ 00040306 ]  00020183          *   00000012   main.obj (.cinit)
                 [ 0004032a ]  00020195          *   0000000a   rts55h.lib : _lock.obj (.cinit)
                 [ 0004033e ]  0002019f          *   0000000a              : exit.obj (.cinit)
                 [ 00040352 ]  000201a9          *   00000004   ezdsp5535_i2c.obj (.cinit)
                 [ 0004035a ]  000201ad          *   00000004   rts55h.lib : fopen.obj (.cinit)
                 [ 00040362 ]  000201b1          *   00000004              : memory.obj (.cinit)
                 [ 0004036a ]  000201b5          *   00000001   --HOLE-- [fill = 0]

.cio         0   [ 00040370 ]  000201b8          *   00000120   UNINITIALIZED
                 [ 00040370 ]  000201b8          *   00000120   rts55h.lib : trgmsg.obj (.cio)

vectors      0     0004fe00  [ 00027f00 ] 00000100          *   
                   0004fe00  [ 00027f00 ] 00000100          *   rts55h.lib : vectors.obj (vectors)


GLOBAL SYMBOLS: SORTED ALPHABETICALLY BY Name 

abs. value/
byte addr   word addr   name
---------   ---------   ----
00000002                $TI_capability$C5500$CallingConvention
00000008                $TI_capability$C5500$MemoryModel
00000001                $TI_capability_requires_rev3
ffffffff                .bss
ffffffff                .data
ffffffff                .text
0002589e                C$$EXIT
00024f22                C$$IO$$
0002585e                I$$LMPY
000257e3                I$$UDIV
000257f8                I$$UMOD
000249b9                _AIC3204_rget
00024a04                _AIC3204_rset
00021f3a                _HOSTclock
00021ecf                _HOSTclose
00021e1a                _HOSTlseek
00021d79                _HOSTopen
00021cee                _HOSTread
00021c35                _HOSTrename
00021bd7                _HOSTtime
00021b6b                _HOSTunlink
00021ae0                _HOSTwrite
            00002861    _Nyquist_Filter
            00002860    _Nyquist_Filter_NL
00022d61                _OSD9616_multiSend
00022d41                _OSD9616_send
00023874                _PLL_bypass
000236e4                _PLL_config
0002380d                _PLL_enable
000236ac                _PLL_init
000238c3                _PLL_reset
0004fe00                _Reset
000233cc                _SAR_init
            000201b8    __CIOBUF_
            00001060    __STACK_END
00002000                __STACK_SIZE
00002000                __SYSMEM_SIZE
00001000                __SYSSTACK_SIZE
ffffffff                ___binit__
ffffffff                ___bss__
ffffffff                ___c_args__
            00020000    ___cinit__
ffffffff                ___data__
ffffffff                ___edata__
ffffffff                ___end__
ffffffff                ___etext__
0002582f                ___isinf
ffffffff                ___pinit__
ffffffff                ___text__
00023df7                __addd
00025689                __args_main
00023a44                __cleanup
            00002fd2    __cleanup_ptr
00024406                __cmpd
            00003382    __ctypes_
000229fc                __divd
000256d2                __divli
00023dc3                __divlli
000257e3                __divu
00025083                __divul
00023ccf                __divull
00024f27                __doflush
            00002fd4    __dtors_ptr
000243d2                __eqld
000257b9                __fixdi
000252f8                __fixdli
00025439                __fltlid
00025212                __frcmpyd
00024da1                __frcmpyd_div
            00002d84    __ft_end
            00002c6c    __ftable
00024388                __geqd
0002433d                __gtrd
000242f0                __leqd
            00002fce    __lock
000242a8                __lssd
00024744                __mpyd
0002585e                __mpyli
00023c18                __mpylli
00025883                __negd
00024274                __neqd
00025881                __nop
00021308                __printfi
00024d44                __rd_ok
00025879                __register_lock
00025871                __register_unlock
0002563e                __remli
00023be9                __remlli
000257f8                __remu
00025288                __remul
00023b9b                __remull
            00000060    __stack
0002584a                __subd
            00001860    __sys_memory
            00001060    __sysstack
            00002ce4    __tmpnams
            00002fd0    __unlock
00024cc7                __wrt_ok
0002589d                _abort
000228f2                _add_device
00024a4a                _aic3204_codec_read
00024a90                _aic3204_codec_write
00024a38                _aic3204_disable
00024a26                _aic3204_hardware_init
00021526                _aic3204_init
000254a0                _atoi
000255f1                _auto_init
00025758                _c_int00
00022476                _calloc
            0000286c    _ch
            00002e55    _character_set
0002246e                _chkheap
00022882                _close
            00002fd6    _counter1
            00002fd7    _counter2
0002571a                _exit
000246e5                _ezdsp5535_GPIO_getInput
000245d9                _ezdsp5535_GPIO_init
000245dd                _ezdsp5535_GPIO_setDirection
00024668                _ezdsp5535_GPIO_setOutput
000248ae                _ezdsp5535_I2C_close
0002488f                _ezdsp5535_I2C_init
00024940                _ezdsp5535_I2C_read
000248b7                _ezdsp5535_I2C_reset
000248c5                _ezdsp5535_I2C_write
000257ae                _ezdsp5535_LED_init
0002579d                _ezdsp5535_LED_off
0002578c                _ezdsp5535_LED_on
00025595                _ezdsp5535_init
0002554f                _ezdsp5535_wait
00025583                _ezdsp5535_waitusec
0002519c                _fclose
00024f89                _fflush
00022879                _find_registered_device
00023b62                _fopen
00024fe1                _fputc
0002445e                _fputs
00021f98                _free
00022407                _free_memory
00023a9c                _freopen
000253d1                _fseek
0002404e                _fwrite
00021a60                _getenv
            00002f8e    _hPll
            00002868    _i
            00002867    _left_input
00022815                _lseek
00025123                _ltoa
00024acc                _main
000220dc                _malloc
0002239d                _max_free
0002580d                _memccpy
000254f9                _memcpy
0002206a                _minit
            00002ebd    _number_set
00022ffc                _oled_display_message
00022edf                _oled_init
00022758                _open
            00002fb8    _pConfigInfo
            00002f8a    _pllCfg1
            00002fb0    _pllCfg_100MHz
            00002fb4    _pllCfg_120MHz
            00002f98    _pllCfg_12MHz
            00002f9c    _pllCfg_12p288MHz
            00002f90    _pllCfg_1MHz
            00002f94    _pllCfg_2MHz
            00002fa0    _pllCfg_40MHz
            00002fa4    _pllCfg_60MHz
            00002fa8    _pllCfg_75MHz
            00002fac    _pllCfg_98MHz
            00002f84    _pllObj
00023107                _pll_frequency_setup
00022dad                _printCharacter
00022df1                _printMessage
000255a3                _printf
000233e4                _pushbuttons_read
00023562                _pushbuttons_read_raw
00024fe1                _putc
00025074                _putchar
000245ad                _puts
000226ae                _read
00025366                _readmsg
000221d7                _realloc
00025893                _remove
0002267a                _remove_device
00022623                _rename
            0000286a    _right_input
00021704                _set_sampling_frequency_and_gain
00024bd4                _setvbuf
000225ef                _unlink
000224c2                _write
00024e69                _writemsg
            0000286b    _x
ffffffff                binit
            00020000    cinit
ffffffff                edata
ffffffff                end
ffffffff                etext
ffffffff                pinit


GLOBAL SYMBOLS: SORTED BY Symbol Address 

abs. value/
byte addr   word addr   name
---------   ---------   ----
00000001                $TI_capability_requires_rev3
00000002                $TI_capability$C5500$CallingConvention
00000008                $TI_capability$C5500$MemoryModel
            00000060    __stack
00001000                __SYSSTACK_SIZE
00002000                __STACK_SIZE
00002000                __SYSMEM_SIZE
            00001060    __STACK_END
            00001060    __sysstack
            00001860    __sys_memory
            00002860    _Nyquist_Filter_NL
            00002861    _Nyquist_Filter
            00002867    _left_input
            00002868    _i
            0000286a    _right_input
            0000286b    _x
            0000286c    _ch
            00002c6c    __ftable
            00002ce4    __tmpnams
            00002d84    __ft_end
            00002e55    _character_set
            00002ebd    _number_set
            00002f84    _pllObj
            00002f8a    _pllCfg1
            00002f8e    _hPll
            00002f90    _pllCfg_1MHz
            00002f94    _pllCfg_2MHz
            00002f98    _pllCfg_12MHz
            00002f9c    _pllCfg_12p288MHz
            00002fa0    _pllCfg_40MHz
            00002fa4    _pllCfg_60MHz
            00002fa8    _pllCfg_75MHz
            00002fac    _pllCfg_98MHz
            00002fb0    _pllCfg_100MHz
            00002fb4    _pllCfg_120MHz
            00002fb8    _pConfigInfo
            00002fce    __lock
            00002fd0    __unlock
            00002fd2    __cleanup_ptr
            00002fd4    __dtors_ptr
            00002fd6    _counter1
            00002fd7    _counter2
            00003382    __ctypes_
00021308                __printfi
00021526                _aic3204_init
00021704                _set_sampling_frequency_and_gain
00021a60                _getenv
00021ae0                _HOSTwrite
00021b6b                _HOSTunlink
00021bd7                _HOSTtime
00021c35                _HOSTrename
00021cee                _HOSTread
00021d79                _HOSTopen
00021e1a                _HOSTlseek
00021ecf                _HOSTclose
00021f3a                _HOSTclock
00021f98                _free
0002206a                _minit
000220dc                _malloc
000221d7                _realloc
0002239d                _max_free
00022407                _free_memory
0002246e                _chkheap
00022476                _calloc
000224c2                _write
000225ef                _unlink
00022623                _rename
0002267a                _remove_device
000226ae                _read
00022758                _open
00022815                _lseek
00022879                _find_registered_device
00022882                _close
000228f2                _add_device
000229fc                __divd
00022d41                _OSD9616_send
00022d61                _OSD9616_multiSend
00022dad                _printCharacter
00022df1                _printMessage
00022edf                _oled_init
00022ffc                _oled_display_message
00023107                _pll_frequency_setup
000233cc                _SAR_init
000233e4                _pushbuttons_read
00023562                _pushbuttons_read_raw
000236ac                _PLL_init
000236e4                _PLL_config
0002380d                _PLL_enable
00023874                _PLL_bypass
000238c3                _PLL_reset
00023a44                __cleanup
00023a9c                _freopen
00023b62                _fopen
00023b9b                __remull
00023be9                __remlli
00023c18                __mpylli
00023ccf                __divull
00023dc3                __divlli
00023df7                __addd
0002404e                _fwrite
00024274                __neqd
000242a8                __lssd
000242f0                __leqd
0002433d                __gtrd
00024388                __geqd
000243d2                __eqld
00024406                __cmpd
0002445e                _fputs
000245ad                _puts
000245d9                _ezdsp5535_GPIO_init
000245dd                _ezdsp5535_GPIO_setDirection
00024668                _ezdsp5535_GPIO_setOutput
000246e5                _ezdsp5535_GPIO_getInput
00024744                __mpyd
0002488f                _ezdsp5535_I2C_init
000248ae                _ezdsp5535_I2C_close
000248b7                _ezdsp5535_I2C_reset
000248c5                _ezdsp5535_I2C_write
00024940                _ezdsp5535_I2C_read
000249b9                _AIC3204_rget
00024a04                _AIC3204_rset
00024a26                _aic3204_hardware_init
00024a38                _aic3204_disable
00024a4a                _aic3204_codec_read
00024a90                _aic3204_codec_write
00024acc                _main
00024bd4                _setvbuf
00024cc7                __wrt_ok
00024d44                __rd_ok
00024da1                __frcmpyd_div
00024e69                _writemsg
00024f22                C$$IO$$
00024f27                __doflush
00024f89                _fflush
00024fe1                _fputc
00024fe1                _putc
00025074                _putchar
00025083                __divul
00025123                _ltoa
0002519c                _fclose
00025212                __frcmpyd
00025288                __remul
000252f8                __fixdli
00025366                _readmsg
000253d1                _fseek
00025439                __fltlid
000254a0                _atoi
000254f9                _memcpy
0002554f                _ezdsp5535_wait
00025583                _ezdsp5535_waitusec
00025595                _ezdsp5535_init
000255a3                _printf
000255f1                _auto_init
0002563e                __remli
00025689                __args_main
000256d2                __divli
0002571a                _exit
00025758                _c_int00
0002578c                _ezdsp5535_LED_on
0002579d                _ezdsp5535_LED_off
000257ae                _ezdsp5535_LED_init
000257b9                __fixdi
000257e3                I$$UDIV
000257e3                __divu
000257f8                I$$UMOD
000257f8                __remu
0002580d                _memccpy
0002582f                ___isinf
0002584a                __subd
0002585e                I$$LMPY
0002585e                __mpyli
00025871                __register_unlock
00025879                __register_lock
00025881                __nop
00025883                __negd
00025893                _remove
0002589d                _abort
0002589e                C$$EXIT
            00020000    ___cinit__
            00020000    cinit
            000201b8    __CIOBUF_
0004fe00                _Reset
ffffffff                .bss
ffffffff                .data
ffffffff                .text
ffffffff                ___binit__
ffffffff                ___bss__
ffffffff                ___c_args__
ffffffff                ___data__
ffffffff                ___edata__
ffffffff                ___end__
ffffffff                ___etext__
ffffffff                ___pinit__
ffffffff                ___text__
ffffffff                binit
ffffffff                edata
ffffffff                end
ffffffff                etext
ffffffff                pinit

[199 symbols]
