******************************************************************************
              TMS320C55x Linker PC v4.3.8                      
******************************************************************************
>> Linked Tue Apr 14 12:46:37 2020

OUTPUT FILE NAME:   <VibrationAnalyser.out>
ENTRY POINT SYMBOL: "_c_int00"  address: 000255c8


MEMORY CONFIGURATION

         name            origin    length      used     unused   attr    fill
                        (bytes)   (bytes)    (bytes)   (bytes)
----------------------  --------  ---------  --------  --------  ----  --------
PAGE 0:
  MMR                   00000000   000000c0  00000000  000000c0  RWIX
  DARAM0                000000c0   0000ff40  00007218  00008d28  RWIX
  SARAM0                00010000   00010000  00000000  00010000  RWIX
  SARAM1                00020000   00020000  00005717  0001a8e9  RWIX
  SARAM2                00040000   0000fe00  000005b4  0000f84c  RWIX
  VECS                  0004fe00   00000200  00000100  00000100  RWIX
  PDROM                 00ff8000   00008000  00000000  00008000  R IX

PAGE 2:
  IOPORT                00000000   00020000  00000000  00020000  RWI 


SECTION ALLOCATION MAP
(Addresses surrounded by []'s are displayed for convenience only!)

output                                                          attributes/
section   page  orgn(bytes) orgn(words) len(bytes) len(words)   input sections
--------  ----  ----------- ----------- ---------- ----------   --------------
.pinit       0   [ 00040000 ]  00020000          *   00000000   UNINITIALIZED

.stack       0   [ 000000c0 ]  00000060          *   00001000   UNINITIALIZED
                 [ 000000c0 ]  00000060          *   00001000   --HOLE--

.data        0   [ 000000c0 ]  00000060          *   00000000   UNINITIALIZED

.sysstack 
*            0   [ 000020c0 ]  00001060          *   00000800   UNINITIALIZED
                 [ 000020c0 ]  00001060          *   00000800   --HOLE--

.sysmem      0   [ 000030c0 ]  00001860          *   00001000   UNINITIALIZED
                 [ 000030c0 ]  00001860          *   00001000   --HOLE--

.bss.1       0   [ 000050c0 ]  00002860          *   00000b73   UNINITIALIZED
                 [ 000050c0 ]  00002860          *   00000812   main.obj (.bss)
                 [ 000060e4 ]  00003072          *   00000119   rts55h.lib : defs.obj (.bss)
                 [ 00006316 ]  0000318b          *   000000d0              : trgdrv.obj (.bss)
                 [ 000064b6 ]  0000325b          *   000000bc   oled.obj (.bss)
                 [ 0000662e ]  00003317          *   00000001   ezdsp5535_i2c.obj (.bss)
                 [ 00006630 ]  00003318          *   00000071   rts55h.lib : lowlev.obj (.bss)
                 [ 00006712 ]  00003389          *   00000001              : fopen.obj (.bss)
                 [ 00006714 ]  0000338a          *   00000036   ezdsp5535_pll.obj (.bss)
                 [ 00006780 ]  000033c0          *   0000000c   pushbuttons.obj (.bss)
                 [ 00006798 ]  000033cc          *   00000007   rts55h.lib : memory.obj (.bss)

.bss.2       0   [ 000067a8 ]  000033d4          *   0000000a   UNINITIALIZED
                 [ 000067a8 ]  000033d4          *   00000004   rts55h.lib : _lock.obj (.bss)
                 [ 000067b0 ]  000033d8          *   00000004              : exit.obj (.bss)
                 [ 000067b8 ]  000033dc          *   00000002   aic3204.obj (.bss)

.const.1     0   [ 000067bc ]  000033de          *   000004ab   
                 [ 000067bc ]  000033de          *   00000236   ezdsp5535_pll.obj (.const:.string)
                 [ 00006c28 ]  00003614          *   00000174   aic3204_init.obj (.const:.string)
                 [ 00006f10 ]  00003788          *   00000101   rts55h.lib : ctype.obj (.const:__ctypes_)

.const.2     0   [ 00007114 ]  0000388a          *   000000e4   
                 [ 00007114 ]  0000388a          *   000000a6   main.obj (.const:.string)
                 [ 00007260 ]  00003930          *   00000024   rts55h.lib : _printfi.obj (.const:.string)
                 [ 000072a8 ]  00003954          *   0000000c              : _printfi.obj (.const)
                 [ 000072c0 ]  00003960          *   00000008              : divd.obj (.const:_initial_approx$1)
                 [ 000072d0 ]  00003968          *   00000002              : fputs.obj (.const:.string)
                 [ 000072d4 ]  0000396a          *   00000002              : divd.obj (.const)
                 [ 000072d8 ]  0000396c          *   00000002              : fltlid.obj (.const)

.text        0     00020000  [ 00010000 ] 00005717          *   
                   00020000  [ 00010000 ] 00001526          *   rts55h.lib : _printfi.obj (.text)
                   00021526  [ 00010a93 ] 0000053a          *   aic3204_init.obj (.text)
                   00021a60  [ 00010d30 ] 00000538          *   rts55h.lib : trgdrv.obj (.text)
                   00021f98  [ 00010fcc ] 0000052a          *              : memory.obj (.text)
                   000224c2  [ 00011261 ] 00000518          *              : lowlev.obj (.text)
                   000229da  [ 000114ed ] 00000367          *              : divd.obj (.text)
                   00022d41  [ 000116a0+] 0000034b          *   oled.obj (.text)
                   0002308c  [ 00011846 ] 00000340          *   ezdsp5535_pll.obj (.text)
                   000233cc  [ 000119e6 ] 000002b6          *   pushbuttons.obj (.text)
                   00023682  [ 00011b41 ] 000002ad          *   CSLc55x5h.lib : csl_pll.obj (.text)
                   0002392f  [ 00011c97+] 0000026c          *   rts55h.lib : fopen.obj (.text)
                   00023b9b  [ 00011dcd+] 0000025c          *              : llmpy.obj (.text)
                   00023df7  [ 00011efb+] 00000257          *              : addd.obj (.text)
                   0002404e  [ 00012027 ] 000001ea          *              : cmpd.obj (.text)
                   00024238  [ 0001211c ] 0000017b          *              : fputs.obj (.text)
                   000243b3  [ 000121d9+] 0000016b          *   ezdsp5535_gpio.obj (.text)
                   0002451e  [ 0001228f ] 0000014b          *   rts55h.lib : mpyd.obj (.text)
                   00024669  [ 00012334+] 0000012a          *   ezdsp5535_i2c.obj (.text)
                   00024793  [ 000123c9+] 00000113          *   aic3204.obj (.text)
                   000248a6  [ 00012453 ] 00000113          *   main.obj (.text)
                   000249b9  [ 000124dc+] 000000f3          *   rts55h.lib : setvbuf.obj (.text)
                   00024aac  [ 00012556 ] 000000da          *              : _io_perm.obj (.text)
                   00024b86  [ 000125c3 ] 000000c8          *              : frcmpyd_div.obj (.text)
                   00024c4e  [ 00012627 ] 000000be          *              : trgmsg.obj (.text:CIO_breakpoint)
                   00024d0c  [ 00012686 ] 000000ba          *              : fflush.obj (.text)
                   00024dc6  [ 000126e3 ] 000000a2          *              : fputc.obj (.text)
                   00024e68  [ 00012734 ] 000000a0          *              : divul.obj (.text)
                   00024f08  [ 00012784 ] 0000008b          *   55xdsph.lib : fir2.obj (.text)
                   00024f93  [ 000127c9+] 00000079          *   rts55h.lib : ltoa.obj (.text)
                   0002500c  [ 00012806 ] 00000076          *              : fclose.obj (.text)
                   00025082  [ 00012841 ] 00000076          *              : frcmpyd.obj (.text)
                   000250f8  [ 0001287c ] 00000070          *              : remul.obj (.text)
                   00025168  [ 000128b4 ] 0000006e          *              : fixdli.obj (.text)
                   000251d6  [ 000128eb ] 0000006b          *              : trgmsg.obj (.text)
                   00025241  [ 00012920+] 00000068          *              : fseek.obj (.text)
                   000252a9  [ 00012954+] 00000067          *              : fltlid.obj (.text)
                   00025310  [ 00012988 ] 00000059          *              : atoi.obj (.text)
                   00025369  [ 000129b4+] 00000056          *              : memcpy.obj (.text)
                   000253bf  [ 000129df+] 00000054          *   ezdsp5535.obj (.text)
                   00025413  [ 00012a09+] 0000004e          *   rts55h.lib : printf.obj (.text)
                   00025461  [ 00012a30+] 0000004d          *              : autoinit.obj (.text)
                   000254ae  [ 00012a57 ] 0000004b          *              : remli.obj (.text)
                   000254f9  [ 00012a7c+] 00000049          *              : args_main.obj (.text)
                   00025542  [ 00012aa1 ] 00000048          *              : divli.obj (.text)
                   0002558a  [ 00012ac5 ] 0000003e          *              : exit.obj (.text)
                   000255c8  [ 00012ae4 ] 00000034          *              : boot.obj (.text)
                   000255fc  [ 00012afe ] 0000002d          *   ezdsp5535_led.obj (.text)
                   00025629  [ 00012b14+] 0000002a          *   rts55h.lib : fixdi.obj (.text)
                   00025653  [ 00012b29+] 0000002a          *              : udiv.obj (.text)
                   0002567d  [ 00012b3e+] 00000022          *              : memccpy.obj (.text)
                   0002569f  [ 00012b4f+] 0000001b          *              : isinf.obj (.text)
                   000256ba  [ 00012b5d ] 00000014          *              : subd.obj (.text)
                   000256ce  [ 00012b67 ] 00000013          *              : lmpy.obj (.text)
                   000256e1  [ 00012b70+] 00000012          *              : _lock.obj (.text)
                   000256f3  [ 00012b79+] 00000010          *              : negd.obj (.text)
                   00025703  [ 00012b81+] 0000000a          *              : remove.obj (.text)
                   0002570d  [ 00012b86+] 00000007          *              : exit.obj (.text:CIO_breakpoint)
                   00025714  [ 00012b8a ] 00000002          *              : vectors.obj (.text)
                   00025716  [ 00012b8b ] 00000001          *   --HOLE-- [fill = 20]

.cinit       0   [ 00040000 ]  00020000          *   000001ba   
                 [ 00040000 ]  00020000          *   000000c2   oled.obj (.cinit)
                 [ 00040184 ]  000200c2          *   00000046   ezdsp5535_pll.obj (.cinit)
                 [ 00040210 ]  00020108          *   0000002d   rts55h.lib : lowlev.obj (.cinit)
                 [ 0004026a ]  00020135          *   0000002a              : defs.obj (.cinit)
                 [ 000402be ]  0002015f          *   00000024   pushbuttons.obj (.cinit)
                 [ 00040306 ]  00020183          *   00000016   main.obj (.cinit)
                 [ 00040332 ]  00020199          *   0000000a   rts55h.lib : _lock.obj (.cinit)
                 [ 00040346 ]  000201a3          *   0000000a              : exit.obj (.cinit)
                 [ 0004035a ]  000201ad          *   00000004   ezdsp5535_i2c.obj (.cinit)
                 [ 00040362 ]  000201b1          *   00000004   rts55h.lib : fopen.obj (.cinit)
                 [ 0004036a ]  000201b5          *   00000004              : memory.obj (.cinit)
                 [ 00040372 ]  000201b9          *   00000001   --HOLE-- [fill = 0]

.cio         0   [ 00040378 ]  000201bc          *   00000120   UNINITIALIZED
                 [ 00040378 ]  000201bc          *   00000120   rts55h.lib : trgmsg.obj (.cio)

vectors      0     0004fe00  [ 00027f00 ] 00000100          *   
                   0004fe00  [ 00027f00 ] 00000100          *   rts55h.lib : vectors.obj (vectors)


GLOBAL SYMBOLS: SORTED ALPHABETICALLY BY Name 

abs. value/
byte addr   word addr   name
---------   ---------   ----
00000002                $TI_capability$C5500$CallingConvention
00000008                $TI_capability$C5500$MemoryModel
00000001                $TI_capability_requires_rev3
ffffffff                .bss
ffffffff                .data
ffffffff                .text
0002570e                C$$EXIT
00024d07                C$$IO$$
000256ce                I$$LMPY
00025653                I$$UDIV
00025668                I$$UMOD
00024793                _AIC3204_rget
000247de                _AIC3204_rset
00021f3a                _HOSTclock
00021ecf                _HOSTclose
00021e1a                _HOSTlseek
00021d79                _HOSTopen
00021cee                _HOSTread
00021c35                _HOSTrename
00021bd7                _HOSTtime
00021b6b                _HOSTunlink
00021ae0                _HOSTwrite
            00002861    _Nyquist_Filter
            00002860    _Nyquist_Filter_NL
00022d61                _OSD9616_multiSend
00022d41                _OSD9616_send
00023874                _PLL_bypass
000236e4                _PLL_config
0002380d                _PLL_enable
000236ac                _PLL_init
000238c3                _PLL_reset
0004fe00                _Reset
000233cc                _SAR_init
            000201bc    __CIOBUF_
            00001060    __STACK_END
00002000                __STACK_SIZE
00002000                __SYSMEM_SIZE
00001000                __SYSSTACK_SIZE
ffffffff                ___binit__
ffffffff                ___bss__
ffffffff                ___c_args__
            00020000    ___cinit__
ffffffff                ___data__
ffffffff                ___edata__
ffffffff                ___end__
ffffffff                ___etext__
0002569f                ___isinf
ffffffff                ___pinit__
ffffffff                ___text__
00023df7                __addd
000254f9                __args_main
00023a44                __cleanup
            000033d8    __cleanup_ptr
000241e0                __cmpd
            00003788    __ctypes_
000229fc                __divd
00025542                __divli
00023dc3                __divlli
00025653                __divu
00024e68                __divul
00023ccf                __divull
00024d0c                __doflush
            000033da    __dtors_ptr
000241ac                __eqld
00025629                __fixdi
00025168                __fixdli
000252a9                __fltlid
00025082                __frcmpyd
00024b86                __frcmpyd_div
            0000318a    __ft_end
            00003072    __ftable
00024162                __geqd
00024117                __gtrd
000240ca                __leqd
            000033d4    __lock
00024082                __lssd
0002451e                __mpyd
000256ce                __mpyli
00023c18                __mpylli
000256f3                __negd
0002404e                __neqd
000256f1                __nop
00021308                __printfi
00024b29                __rd_ok
000256e9                __register_lock
000256e1                __register_unlock
000254ae                __remli
00023be9                __remlli
00025668                __remu
000250f8                __remul
00023b9b                __remull
            00000060    __stack
000256ba                __subd
            00001860    __sys_memory
            00001060    __sysstack
            000030ea    __tmpnams
            000033d6    __unlock
00024aac                __wrt_ok
0002570d                _abort
000228f2                _add_device
00024824                _aic3204_codec_read
0002486a                _aic3204_codec_write
00024812                _aic3204_disable
00024800                _aic3204_hardware_init
00021526                _aic3204_init
00025310                _atoi
00025461                _auto_init
000255c8                _c_int00
00022476                _calloc
            0000325b    _character_set
0002246e                _chkheap
00022882                _close
            000033dc    _counter1
            000033dd    _counter2
            0000306a    _dBuffer
0002558a                _exit
000244bf                _ezdsp5535_GPIO_getInput
000243b3                _ezdsp5535_GPIO_init
000243b7                _ezdsp5535_GPIO_setDirection
00024442                _ezdsp5535_GPIO_setOutput
00024688                _ezdsp5535_I2C_close
00024669                _ezdsp5535_I2C_init
0002471a                _ezdsp5535_I2C_read
00024691                _ezdsp5535_I2C_reset
0002469f                _ezdsp5535_I2C_write
0002561e                _ezdsp5535_LED_init
0002560d                _ezdsp5535_LED_off
000255fc                _ezdsp5535_LED_on
00025405                _ezdsp5535_init
000253bf                _ezdsp5535_wait
000253f3                _ezdsp5535_waitusec
0002500c                _fclose
00024d6e                _fflush
00022879                _find_registered_device
00024f08                _fir2
00023b62                _fopen
00024dc6                _fputc
00024238                _fputs
00021f98                _free
00022407                _free_memory
00023a9c                _freopen
00025241                _fseek
00021a60                _getenv
            00003394    _hPll
            00002868    _i
00022815                _lseek
00024f93                _ltoa
000248a6                _main
000220dc                _malloc
0002239d                _max_free
0002567d                _memccpy
00025369                _memcpy
0002206a                _minit
            000032c3    _number_set
            00002867    _oflag
00022ffc                _oled_display_message
00022edf                _oled_init
00022758                _open
            000033be    _pConfigInfo
            00003390    _pllCfg1
            000033b6    _pllCfg_100MHz
            000033ba    _pllCfg_120MHz
            0000339e    _pllCfg_12MHz
            000033a2    _pllCfg_12p288MHz
            00003396    _pllCfg_1MHz
            0000339a    _pllCfg_2MHz
            000033a6    _pllCfg_40MHz
            000033aa    _pllCfg_60MHz
            000033ae    _pllCfg_75MHz
            000033b2    _pllCfg_98MHz
            0000338a    _pllObj
00023107                _pll_frequency_setup
00022dad                _printCharacter
00022df1                _printMessage
00025413                _printf
000233e4                _pushbuttons_read
00023562                _pushbuttons_read_raw
00024dc6                _putc
00024e59                _putchar
00024387                _puts
            00002c6a    _r
000226ae                _read
000251d6                _readmsg
000221d7                _realloc
00025703                _remove
0002267a                _remove_device
00022623                _rename
00021704                _set_sampling_frequency_and_gain
000249b9                _setvbuf
000225ef                _unlink
000224c2                _write
00024c4e                _writemsg
            0000286a    _x
ffffffff                binit
            00020000    cinit
ffffffff                edata
ffffffff                end
ffffffff                etext
ffffffff                pinit


GLOBAL SYMBOLS: SORTED BY Symbol Address 

abs. value/
byte addr   word addr   name
---------   ---------   ----
00000001                $TI_capability_requires_rev3
00000002                $TI_capability$C5500$CallingConvention
00000008                $TI_capability$C5500$MemoryModel
            00000060    __stack
00001000                __SYSSTACK_SIZE
00002000                __STACK_SIZE
00002000                __SYSMEM_SIZE
            00001060    __STACK_END
            00001060    __sysstack
            00001860    __sys_memory
            00002860    _Nyquist_Filter_NL
            00002861    _Nyquist_Filter
            00002867    _oflag
            00002868    _i
            0000286a    _x
            00002c6a    _r
            0000306a    _dBuffer
            00003072    __ftable
            000030ea    __tmpnams
            0000318a    __ft_end
            0000325b    _character_set
            000032c3    _number_set
            0000338a    _pllObj
            00003390    _pllCfg1
            00003394    _hPll
            00003396    _pllCfg_1MHz
            0000339a    _pllCfg_2MHz
            0000339e    _pllCfg_12MHz
            000033a2    _pllCfg_12p288MHz
            000033a6    _pllCfg_40MHz
            000033aa    _pllCfg_60MHz
            000033ae    _pllCfg_75MHz
            000033b2    _pllCfg_98MHz
            000033b6    _pllCfg_100MHz
            000033ba    _pllCfg_120MHz
            000033be    _pConfigInfo
            000033d4    __lock
            000033d6    __unlock
            000033d8    __cleanup_ptr
            000033da    __dtors_ptr
            000033dc    _counter1
            000033dd    _counter2
            00003788    __ctypes_
00021308                __printfi
00021526                _aic3204_init
00021704                _set_sampling_frequency_and_gain
00021a60                _getenv
00021ae0                _HOSTwrite
00021b6b                _HOSTunlink
00021bd7                _HOSTtime
00021c35                _HOSTrename
00021cee                _HOSTread
00021d79                _HOSTopen
00021e1a                _HOSTlseek
00021ecf                _HOSTclose
00021f3a                _HOSTclock
00021f98                _free
0002206a                _minit
000220dc                _malloc
000221d7                _realloc
0002239d                _max_free
00022407                _free_memory
0002246e                _chkheap
00022476                _calloc
000224c2                _write
000225ef                _unlink
00022623                _rename
0002267a                _remove_device
000226ae                _read
00022758                _open
00022815                _lseek
00022879                _find_registered_device
00022882                _close
000228f2                _add_device
000229fc                __divd
00022d41                _OSD9616_send
00022d61                _OSD9616_multiSend
00022dad                _printCharacter
00022df1                _printMessage
00022edf                _oled_init
00022ffc                _oled_display_message
00023107                _pll_frequency_setup
000233cc                _SAR_init
000233e4                _pushbuttons_read
00023562                _pushbuttons_read_raw
000236ac                _PLL_init
000236e4                _PLL_config
0002380d                _PLL_enable
00023874                _PLL_bypass
000238c3                _PLL_reset
00023a44                __cleanup
00023a9c                _freopen
00023b62                _fopen
00023b9b                __remull
00023be9                __remlli
00023c18                __mpylli
00023ccf                __divull
00023dc3                __divlli
00023df7                __addd
0002404e                __neqd
00024082                __lssd
000240ca                __leqd
00024117                __gtrd
00024162                __geqd
000241ac                __eqld
000241e0                __cmpd
00024238                _fputs
00024387                _puts
000243b3                _ezdsp5535_GPIO_init
000243b7                _ezdsp5535_GPIO_setDirection
00024442                _ezdsp5535_GPIO_setOutput
000244bf                _ezdsp5535_GPIO_getInput
0002451e                __mpyd
00024669                _ezdsp5535_I2C_init
00024688                _ezdsp5535_I2C_close
00024691                _ezdsp5535_I2C_reset
0002469f                _ezdsp5535_I2C_write
0002471a                _ezdsp5535_I2C_read
00024793                _AIC3204_rget
000247de                _AIC3204_rset
00024800                _aic3204_hardware_init
00024812                _aic3204_disable
00024824                _aic3204_codec_read
0002486a                _aic3204_codec_write
000248a6                _main
000249b9                _setvbuf
00024aac                __wrt_ok
00024b29                __rd_ok
00024b86                __frcmpyd_div
00024c4e                _writemsg
00024d07                C$$IO$$
00024d0c                __doflush
00024d6e                _fflush
00024dc6                _fputc
00024dc6                _putc
00024e59                _putchar
00024e68                __divul
00024f08                _fir2
00024f93                _ltoa
0002500c                _fclose
00025082                __frcmpyd
000250f8                __remul
00025168                __fixdli
000251d6                _readmsg
00025241                _fseek
000252a9                __fltlid
00025310                _atoi
00025369                _memcpy
000253bf                _ezdsp5535_wait
000253f3                _ezdsp5535_waitusec
00025405                _ezdsp5535_init
00025413                _printf
00025461                _auto_init
000254ae                __remli
000254f9                __args_main
00025542                __divli
0002558a                _exit
000255c8                _c_int00
000255fc                _ezdsp5535_LED_on
0002560d                _ezdsp5535_LED_off
0002561e                _ezdsp5535_LED_init
00025629                __fixdi
00025653                I$$UDIV
00025653                __divu
00025668                I$$UMOD
00025668                __remu
0002567d                _memccpy
0002569f                ___isinf
000256ba                __subd
000256ce                I$$LMPY
000256ce                __mpyli
000256e1                __register_unlock
000256e9                __register_lock
000256f1                __nop
000256f3                __negd
00025703                _remove
0002570d                _abort
0002570e                C$$EXIT
            00020000    ___cinit__
            00020000    cinit
            000201bc    __CIOBUF_
0004fe00                _Reset
ffffffff                .bss
ffffffff                .data
ffffffff                .text
ffffffff                ___binit__
ffffffff                ___bss__
ffffffff                ___c_args__
ffffffff                ___data__
ffffffff                ___edata__
ffffffff                ___end__
ffffffff                ___etext__
ffffffff                ___pinit__
ffffffff                ___text__
ffffffff                binit
ffffffff                edata
ffffffff                end
ffffffff                etext
ffffffff                pinit

[199 symbols]
