******************************************************************************
              TMS320C55x Linker PC v4.3.8                      
******************************************************************************
>> Linked Tue May 19 11:05:33 2020

OUTPUT FILE NAME:   <REB_freqs.out>
ENTRY POINT SYMBOL: "_c_int00"  address: 00025664


MEMORY CONFIGURATION

         name            origin    length      used     unused   attr    fill
                        (bytes)   (bytes)    (bytes)   (bytes)
----------------------  --------  ---------  --------  --------  ----  --------
PAGE 0:
  MMR                   00000000   000000c0  00000000  000000c0  RWIX
  DARAM0                000000c0   0000ff40  00008b58  000073e8  RWIX
  SARAM0                00010000   00010000  00000000  00010000  RWIX
  SARAM1                00020000   00020000  000057b3  0001a84d  RWIX
  SARAM2                00040000   0000fe00  000005c4  0000f83c  RWIX
  VECS                  0004fe00   00000200  00000100  00000100  RWIX
  PDROM                 00ff8000   00008000  00000000  00008000  R IX

PAGE 2:
  IOPORT                00000000   00020000  00000000  00020000  RWI 


SECTION ALLOCATION MAP
(Addresses surrounded by []'s are displayed for convenience only!)

output                                                          attributes/
section   page  orgn(bytes) orgn(words) len(bytes) len(words)   input sections
--------  ----  ----------- ----------- ---------- ----------   --------------
.pinit       0   [ 00040000 ]  00020000          *   00000000   UNINITIALIZED

.stack       0   [ 000000c0 ]  00000060          *   00001000   UNINITIALIZED
                 [ 000000c0 ]  00000060          *   00001000   --HOLE--

.data        0   [ 000000c0 ]  00000060          *   00000000   UNINITIALIZED

.sysstack 
*            0   [ 000020c0 ]  00001060          *   00000800   UNINITIALIZED
                 [ 000020c0 ]  00001060          *   00000800   --HOLE--

.const.1     0   [ 000030c0 ]  00001860          *   000019f5   
                 [ 000030c0 ]  00001860          *   000006a4   main.obj (.const:_bpfi)
                 [ 00003e08 ]  00001f04          *   000006a4   main.obj (.const:_bpfo)
                 [ 00004b50 ]  000025a8          *   000006a4   main.obj (.const:_rpm)
                 [ 00005898 ]  00002c4c          *   00000236   ezdsp5535_pll.obj (.const:.string)
                 [ 00005d04 ]  00002e82          *   00000174   aic3204_init.obj (.const:.string)
                 [ 00005fec ]  00002ff6          *   0000015e   main.obj (.const:.string)
                 [ 000062a8 ]  00003154          *   00000101   rts55h.lib : ctype.obj (.const:__ctypes_)

.const.2     0   [ 000064ac ]  00003256          *   0000003e   
                 [ 000064ac ]  00003256          *   00000024   rts55h.lib : _printfi.obj (.const:.string)
                 [ 000064f4 ]  0000327a          *   0000000c              : _printfi.obj (.const)
                 [ 0000650c ]  00003286          *   00000008              : divd.obj (.const:_initial_approx$1)
                 [ 0000651c ]  0000328e          *   00000002              : fputs.obj (.const:.string)
                 [ 00006520 ]  00003290          *   00000002              : divd.obj (.const)
                 [ 00006524 ]  00003292          *   00000002              : fltlid.obj (.const)

.sysmem      0   [ 00006528 ]  00003294          *   00001000   UNINITIALIZED
                 [ 00006528 ]  00003294          *   00001000   --HOLE--

.bss.1       0   [ 00008528 ]  00004294          *   0000036f   UNINITIALIZED
                 [ 00008528 ]  00004294          *   00000119   rts55h.lib : defs.obj (.bss)
                 [ 0000875a ]  000043ad          *   000000d0              : trgdrv.obj (.bss)
                 [ 000088fa ]  0000447d          *   000000bc   oled.obj (.bss)
                 [ 00008a72 ]  00004539          *   00000001   ezdsp5535_i2c.obj (.bss)
                 [ 00008a74 ]  0000453a          *   00000071   rts55h.lib : lowlev.obj (.bss)
                 [ 00008b56 ]  000045ab          *   00000001              : fopen.obj (.bss)
                 [ 00008b58 ]  000045ac          *   00000036   ezdsp5535_pll.obj (.bss)
                 [ 00008bc4 ]  000045e2          *   0000000e   main.obj (.bss)
                 [ 00008be0 ]  000045f0          *   0000000c   pushbuttons.obj (.bss)
                 [ 00008bf8 ]  000045fc          *   00000007   rts55h.lib : memory.obj (.bss)

.bss.2       0   [ 00008c08 ]  00004604          *   0000000a   UNINITIALIZED
                 [ 00008c08 ]  00004604          *   00000004   rts55h.lib : _lock.obj (.bss)
                 [ 00008c10 ]  00004608          *   00000004              : exit.obj (.bss)
                 [ 00008c18 ]  0000460c          *   00000002   aic3204.obj (.bss)

.text        0     00020000  [ 00010000 ] 000057b3          *   
                   00020000  [ 00010000 ] 00001526          *   rts55h.lib : _printfi.obj (.text)
                   00021526  [ 00010a93 ] 0000053a          *   aic3204_init.obj (.text)
                   00021a60  [ 00010d30 ] 00000538          *   rts55h.lib : trgdrv.obj (.text)
                   00021f98  [ 00010fcc ] 0000052a          *              : memory.obj (.text)
                   000224c2  [ 00011261 ] 00000518          *              : lowlev.obj (.text)
                   000229da  [ 000114ed ] 00000367          *              : divd.obj (.text)
                   00022d41  [ 000116a0+] 0000034b          *   oled.obj (.text)
                   0002308c  [ 00011846 ] 00000340          *   ezdsp5535_pll.obj (.text)
                   000233cc  [ 000119e6 ] 000002b6          *   pushbuttons.obj (.text)
                   00023682  [ 00011b41 ] 000002ad          *   CSLc55x5h.lib : csl_pll.obj (.text)
                   0002392f  [ 00011c97+] 0000026c          *   rts55h.lib : fopen.obj (.text)
                   00023b9b  [ 00011dcd+] 0000025c          *              : llmpy.obj (.text)
                   00023df7  [ 00011efb+] 00000257          *              : addd.obj (.text)
                   0002404e  [ 00012027 ] 0000023a          *   main.obj (.text)
                   00024288  [ 00012144 ] 000001ea          *   rts55h.lib : cmpd.obj (.text)
                   00024472  [ 00012239 ] 0000017b          *              : fputs.obj (.text)
                   000245ed  [ 000122f6+] 0000016b          *   ezdsp5535_gpio.obj (.text)
                   00024758  [ 000123ac ] 0000014b          *   rts55h.lib : mpyd.obj (.text)
                   000248a3  [ 00012451+] 0000012a          *   ezdsp5535_i2c.obj (.text)
                   000249cd  [ 000124e6+] 00000113          *   aic3204.obj (.text)
                   00024ae0  [ 00012570 ] 000000f3          *   rts55h.lib : setvbuf.obj (.text)
                   00024bd3  [ 000125e9+] 000000da          *              : _io_perm.obj (.text)
                   00024cad  [ 00012656+] 000000c8          *              : frcmpyd_div.obj (.text)
                   00024d75  [ 000126ba+] 000000be          *              : trgmsg.obj (.text:CIO_breakpoint)
                   00024e33  [ 00012719+] 000000ba          *              : fflush.obj (.text)
                   00024eed  [ 00012776+] 000000a2          *              : fputc.obj (.text)
                   00024f8f  [ 000127c7+] 000000a0          *              : divul.obj (.text)
                   0002502f  [ 00012817+] 00000079          *              : ltoa.obj (.text)
                   000250a8  [ 00012854 ] 00000076          *              : fclose.obj (.text)
                   0002511e  [ 0001288f ] 00000076          *              : frcmpyd.obj (.text)
                   00025194  [ 000128ca ] 00000070          *              : remul.obj (.text)
                   00025204  [ 00012902 ] 0000006e          *              : fixdli.obj (.text)
                   00025272  [ 00012939 ] 0000006b          *              : trgmsg.obj (.text)
                   000252dd  [ 0001296e+] 00000068          *              : fseek.obj (.text)
                   00025345  [ 000129a2+] 00000067          *              : fltlid.obj (.text)
                   000253ac  [ 000129d6 ] 00000059          *              : atoi.obj (.text)
                   00025405  [ 00012a02+] 00000056          *              : memcpy.obj (.text)
                   0002545b  [ 00012a2d+] 00000054          *   ezdsp5535.obj (.text)
                   000254af  [ 00012a57+] 0000004e          *   rts55h.lib : printf.obj (.text)
                   000254fd  [ 00012a7e+] 0000004d          *              : autoinit.obj (.text)
                   0002554a  [ 00012aa5 ] 0000004b          *              : remli.obj (.text)
                   00025595  [ 00012aca+] 00000049          *              : args_main.obj (.text)
                   000255de  [ 00012aef ] 00000048          *              : divli.obj (.text)
                   00025626  [ 00012b13 ] 0000003e          *              : exit.obj (.text)
                   00025664  [ 00012b32 ] 00000034          *              : boot.obj (.text)
                   00025698  [ 00012b4c ] 0000002d          *   ezdsp5535_led.obj (.text)
                   000256c5  [ 00012b62+] 0000002a          *   rts55h.lib : fixdi.obj (.text)
                   000256ef  [ 00012b77+] 0000002a          *              : udiv.obj (.text)
                   00025719  [ 00012b8c+] 00000022          *              : memccpy.obj (.text)
                   0002573b  [ 00012b9d+] 0000001b          *              : isinf.obj (.text)
                   00025756  [ 00012bab ] 00000014          *              : subd.obj (.text)
                   0002576a  [ 00012bb5 ] 00000013          *              : lmpy.obj (.text)
                   0002577d  [ 00012bbe+] 00000012          *              : _lock.obj (.text)
                   0002578f  [ 00012bc7+] 00000010          *              : negd.obj (.text)
                   0002579f  [ 00012bcf+] 0000000a          *              : remove.obj (.text)
                   000257a9  [ 00012bd4+] 00000007          *              : exit.obj (.text:CIO_breakpoint)
                   000257b0  [ 00012bd8 ] 00000002          *              : vectors.obj (.text)
                   000257b2  [ 00012bd9 ] 00000001          *   --HOLE-- [fill = 20]

.cinit       0   [ 00040000 ]  00020000          *   000001c2   
                 [ 00040000 ]  00020000          *   000000c2   oled.obj (.cinit)
                 [ 00040184 ]  000200c2          *   00000046   ezdsp5535_pll.obj (.cinit)
                 [ 00040210 ]  00020108          *   0000002d   rts55h.lib : lowlev.obj (.cinit)
                 [ 0004026a ]  00020135          *   0000002a              : defs.obj (.cinit)
                 [ 000402be ]  0002015f          *   00000024   pushbuttons.obj (.cinit)
                 [ 00040306 ]  00020183          *   0000001e   main.obj (.cinit)
                 [ 00040342 ]  000201a1          *   0000000a   rts55h.lib : _lock.obj (.cinit)
                 [ 00040356 ]  000201ab          *   0000000a              : exit.obj (.cinit)
                 [ 0004036a ]  000201b5          *   00000004   ezdsp5535_i2c.obj (.cinit)
                 [ 00040372 ]  000201b9          *   00000004   rts55h.lib : fopen.obj (.cinit)
                 [ 0004037a ]  000201bd          *   00000004              : memory.obj (.cinit)
                 [ 00040382 ]  000201c1          *   00000001   --HOLE-- [fill = 0]

.cio         0   [ 00040388 ]  000201c4          *   00000120   UNINITIALIZED
                 [ 00040388 ]  000201c4          *   00000120   rts55h.lib : trgmsg.obj (.cio)

vectors      0     0004fe00  [ 00027f00 ] 00000100          *   
                   0004fe00  [ 00027f00 ] 00000100          *   rts55h.lib : vectors.obj (vectors)


GLOBAL SYMBOLS: SORTED ALPHABETICALLY BY Name 

abs. value/
byte addr   word addr   name
---------   ---------   ----
00000002                $TI_capability$C5500$CallingConvention
00000008                $TI_capability$C5500$MemoryModel
00000001                $TI_capability_requires_rev3
ffffffff                .bss
ffffffff                .data
ffffffff                .text
000257aa                C$$EXIT
00024e2e                C$$IO$$
0002576a                I$$LMPY
000256ef                I$$UDIV
00025704                I$$UMOD
000249cd                _AIC3204_rget
00024a18                _AIC3204_rset
00021f3a                _HOSTclock
00021ecf                _HOSTclose
00021e1a                _HOSTlseek
00021d79                _HOSTopen
00021cee                _HOSTread
00021c35                _HOSTrename
00021bd7                _HOSTtime
00021b6b                _HOSTunlink
00021ae0                _HOSTwrite
            000045e3    _Nyquist_Filter
            000045e2    _Nyquist_Filter_NL
00022d61                _OSD9616_multiSend
00022d41                _OSD9616_send
00023874                _PLL_bypass
000236e4                _PLL_config
0002380d                _PLL_enable
000236ac                _PLL_init
000238c3                _PLL_reset
0004fe00                _Reset
000233cc                _SAR_init
            000201c4    __CIOBUF_
            00001060    __STACK_END
00002000                __STACK_SIZE
00002000                __SYSMEM_SIZE
00001000                __SYSSTACK_SIZE
ffffffff                ___binit__
ffffffff                ___bss__
ffffffff                ___c_args__
            00020000    ___cinit__
ffffffff                ___data__
ffffffff                ___edata__
ffffffff                ___end__
ffffffff                ___etext__
0002573b                ___isinf
ffffffff                ___pinit__
ffffffff                ___text__
00023df7                __addd
00025595                __args_main
00023a44                __cleanup
            00004608    __cleanup_ptr
0002441a                __cmpd
            00003154    __ctypes_
000229fc                __divd
000255de                __divli
00023dc3                __divlli
000256ef                __divu
00024f8f                __divul
00023ccf                __divull
00024e33                __doflush
            0000460a    __dtors_ptr
000243e6                __eqld
000256c5                __fixdi
00025204                __fixdli
00025345                __fltlid
0002511e                __frcmpyd
00024cad                __frcmpyd_div
            000043ac    __ft_end
            00004294    __ftable
0002439c                __geqd
00024351                __gtrd
00024304                __leqd
            00004604    __lock
000242bc                __lssd
00024758                __mpyd
0002576a                __mpyli
00023c18                __mpylli
0002578f                __negd
00024288                __neqd
0002578d                __nop
00021308                __printfi
00024c50                __rd_ok
00025785                __register_lock
0002577d                __register_unlock
0002554a                __remli
00023be9                __remlli
00025704                __remu
00025194                __remul
00023b9b                __remull
            00000060    __stack
00025756                __subd
            00003294    __sys_memory
            00001060    __sysstack
            0000430c    __tmpnams
            00004606    __unlock
00024bd3                __wrt_ok
000257a9                _abort
000228f2                _add_device
00024a5e                _aic3204_codec_read
00024aa4                _aic3204_codec_write
00024a4c                _aic3204_disable
00024a3a                _aic3204_hardware_init
00021526                _aic3204_init
000253ac                _atoi
000254fd                _auto_init
            00001860    _bpfi
            000045ee    _bpfiCalc
            00001f04    _bpfo
            000045ef    _bpfoCalc
00025664                _c_int00
00024074                _calcBPFI
0002404e                _calcBPFO
00022476                _calloc
            0000447d    _character_set
0002246e                _chkheap
00022882                _close
            0000460c    _counter1
            0000460d    _counter2
00025626                _exit
000246f9                _ezdsp5535_GPIO_getInput
000245ed                _ezdsp5535_GPIO_init
000245f1                _ezdsp5535_GPIO_setDirection
0002467c                _ezdsp5535_GPIO_setOutput
000248c2                _ezdsp5535_I2C_close
000248a3                _ezdsp5535_I2C_init
00024954                _ezdsp5535_I2C_read
000248cb                _ezdsp5535_I2C_reset
000248d9                _ezdsp5535_I2C_write
000256ba                _ezdsp5535_LED_init
000256a9                _ezdsp5535_LED_off
00025698                _ezdsp5535_LED_on
000254a1                _ezdsp5535_init
0002545b                _ezdsp5535_wait
0002548f                _ezdsp5535_waitusec
000250a8                _fclose
00024e95                _fflush
00022879                _find_registered_device
00023b62                _fopen
00024eed                _fputc
00024472                _fputs
00021f98                _free
00022407                _free_memory
00023a9c                _freopen
000252dd                _fseek
00021a60                _getenv
            000045b6    _hPll
            000045ea    _i
            000045e9    _index
            000045ec    _left_input
00022815                _lseek
0002502f                _ltoa
0002409a                _main
000220dc                _malloc
0002239d                _max_free
00025719                _memccpy
00025405                _memcpy
0002206a                _minit
            000044e5    _number_set
00022ffc                _oled_display_message
00022edf                _oled_init
00022758                _open
            000045e0    _pConfigInfo
            000045b2    _pllCfg1
            000045d8    _pllCfg_100MHz
            000045dc    _pllCfg_120MHz
            000045c0    _pllCfg_12MHz
            000045c4    _pllCfg_12p288MHz
            000045b8    _pllCfg_1MHz
            000045bc    _pllCfg_2MHz
            000045c8    _pllCfg_40MHz
            000045cc    _pllCfg_60MHz
            000045d0    _pllCfg_75MHz
            000045d4    _pllCfg_98MHz
            000045ac    _pllObj
00023107                _pll_frequency_setup
00022dad                _printCharacter
00022df1                _printMessage
000254af                _printf
000233e4                _pushbuttons_read
00023562                _pushbuttons_read_raw
00024eed                _putc
00024f80                _putchar
000245c1                _puts
000226ae                _read
00025272                _readmsg
000221d7                _realloc
0002579f                _remove
0002267a                _remove_device
00022623                _rename
            000045ed    _right_input
            000025a8    _rpm
00021704                _set_sampling_frequency_and_gain
00024ae0                _setvbuf
000225ef                _unlink
000224c2                _write
00024d75                _writemsg
ffffffff                binit
            00020000    cinit
ffffffff                edata
ffffffff                end
ffffffff                etext
ffffffff                pinit


GLOBAL SYMBOLS: SORTED BY Symbol Address 

abs. value/
byte addr   word addr   name
---------   ---------   ----
00000001                $TI_capability_requires_rev3
00000002                $TI_capability$C5500$CallingConvention
00000008                $TI_capability$C5500$MemoryModel
            00000060    __stack
00001000                __SYSSTACK_SIZE
00002000                __STACK_SIZE
00002000                __SYSMEM_SIZE
            00001060    __STACK_END
            00001060    __sysstack
            00001860    _bpfi
            00001f04    _bpfo
            000025a8    _rpm
            00003154    __ctypes_
            00003294    __sys_memory
            00004294    __ftable
            0000430c    __tmpnams
            000043ac    __ft_end
            0000447d    _character_set
            000044e5    _number_set
            000045ac    _pllObj
            000045b2    _pllCfg1
            000045b6    _hPll
            000045b8    _pllCfg_1MHz
            000045bc    _pllCfg_2MHz
            000045c0    _pllCfg_12MHz
            000045c4    _pllCfg_12p288MHz
            000045c8    _pllCfg_40MHz
            000045cc    _pllCfg_60MHz
            000045d0    _pllCfg_75MHz
            000045d4    _pllCfg_98MHz
            000045d8    _pllCfg_100MHz
            000045dc    _pllCfg_120MHz
            000045e0    _pConfigInfo
            000045e2    _Nyquist_Filter_NL
            000045e3    _Nyquist_Filter
            000045e9    _index
            000045ea    _i
            000045ec    _left_input
            000045ed    _right_input
            000045ee    _bpfiCalc
            000045ef    _bpfoCalc
            00004604    __lock
            00004606    __unlock
            00004608    __cleanup_ptr
            0000460a    __dtors_ptr
            0000460c    _counter1
            0000460d    _counter2
00021308                __printfi
00021526                _aic3204_init
00021704                _set_sampling_frequency_and_gain
00021a60                _getenv
00021ae0                _HOSTwrite
00021b6b                _HOSTunlink
00021bd7                _HOSTtime
00021c35                _HOSTrename
00021cee                _HOSTread
00021d79                _HOSTopen
00021e1a                _HOSTlseek
00021ecf                _HOSTclose
00021f3a                _HOSTclock
00021f98                _free
0002206a                _minit
000220dc                _malloc
000221d7                _realloc
0002239d                _max_free
00022407                _free_memory
0002246e                _chkheap
00022476                _calloc
000224c2                _write
000225ef                _unlink
00022623                _rename
0002267a                _remove_device
000226ae                _read
00022758                _open
00022815                _lseek
00022879                _find_registered_device
00022882                _close
000228f2                _add_device
000229fc                __divd
00022d41                _OSD9616_send
00022d61                _OSD9616_multiSend
00022dad                _printCharacter
00022df1                _printMessage
00022edf                _oled_init
00022ffc                _oled_display_message
00023107                _pll_frequency_setup
000233cc                _SAR_init
000233e4                _pushbuttons_read
00023562                _pushbuttons_read_raw
000236ac                _PLL_init
000236e4                _PLL_config
0002380d                _PLL_enable
00023874                _PLL_bypass
000238c3                _PLL_reset
00023a44                __cleanup
00023a9c                _freopen
00023b62                _fopen
00023b9b                __remull
00023be9                __remlli
00023c18                __mpylli
00023ccf                __divull
00023dc3                __divlli
00023df7                __addd
0002404e                _calcBPFO
00024074                _calcBPFI
0002409a                _main
00024288                __neqd
000242bc                __lssd
00024304                __leqd
00024351                __gtrd
0002439c                __geqd
000243e6                __eqld
0002441a                __cmpd
00024472                _fputs
000245c1                _puts
000245ed                _ezdsp5535_GPIO_init
000245f1                _ezdsp5535_GPIO_setDirection
0002467c                _ezdsp5535_GPIO_setOutput
000246f9                _ezdsp5535_GPIO_getInput
00024758                __mpyd
000248a3                _ezdsp5535_I2C_init
000248c2                _ezdsp5535_I2C_close
000248cb                _ezdsp5535_I2C_reset
000248d9                _ezdsp5535_I2C_write
00024954                _ezdsp5535_I2C_read
000249cd                _AIC3204_rget
00024a18                _AIC3204_rset
00024a3a                _aic3204_hardware_init
00024a4c                _aic3204_disable
00024a5e                _aic3204_codec_read
00024aa4                _aic3204_codec_write
00024ae0                _setvbuf
00024bd3                __wrt_ok
00024c50                __rd_ok
00024cad                __frcmpyd_div
00024d75                _writemsg
00024e2e                C$$IO$$
00024e33                __doflush
00024e95                _fflush
00024eed                _fputc
00024eed                _putc
00024f80                _putchar
00024f8f                __divul
0002502f                _ltoa
000250a8                _fclose
0002511e                __frcmpyd
00025194                __remul
00025204                __fixdli
00025272                _readmsg
000252dd                _fseek
00025345                __fltlid
000253ac                _atoi
00025405                _memcpy
0002545b                _ezdsp5535_wait
0002548f                _ezdsp5535_waitusec
000254a1                _ezdsp5535_init
000254af                _printf
000254fd                _auto_init
0002554a                __remli
00025595                __args_main
000255de                __divli
00025626                _exit
00025664                _c_int00
00025698                _ezdsp5535_LED_on
000256a9                _ezdsp5535_LED_off
000256ba                _ezdsp5535_LED_init
000256c5                __fixdi
000256ef                I$$UDIV
000256ef                __divu
00025704                I$$UMOD
00025704                __remu
00025719                _memccpy
0002573b                ___isinf
00025756                __subd
0002576a                I$$LMPY
0002576a                __mpyli
0002577d                __register_unlock
00025785                __register_lock
0002578d                __nop
0002578f                __negd
0002579f                _remove
000257a9                _abort
000257aa                C$$EXIT
            00020000    ___cinit__
            00020000    cinit
            000201c4    __CIOBUF_
0004fe00                _Reset
ffffffff                .bss
ffffffff                .data
ffffffff                .text
ffffffff                ___binit__
ffffffff                ___bss__
ffffffff                ___c_args__
ffffffff                ___data__
ffffffff                ___edata__
ffffffff                ___end__
ffffffff                ___etext__
ffffffff                ___pinit__
ffffffff                ___text__
ffffffff                binit
ffffffff                edata
ffffffff                end
ffffffff                etext
ffffffff                pinit

[204 symbols]
