******************************************************************************
              TMS320C55x Linker PC v4.3.8                      
******************************************************************************
>> Linked Mon May 11 14:28:57 2020

OUTPUT FILE NAME:   <VC5505_FFT_Filter_Demo.out>
ENTRY POINT SYMBOL: "reset_isr"  address: 00017724


MEMORY CONFIGURATION

         name            origin    length      used     unused   attr    fill
                        (bytes)   (bytes)    (bytes)   (bytes)
----------------------  --------  ---------  --------  --------  ----  --------
  MMR                   00000000   000000c0  00000000  000000c0  RW  
  DARAM_0               000000c0   00001f40  00001ccc  00000274  RW  
  DARAM_1               00002000   00002000  00002000  00000000  RW  
  DARAM_2               00004000   00002000  00002000  00000000  RW  
  DARAM_3               00006000   00002000  00002000  00000000  RW  
  DARAM_4               00008000   00002000  00002000  00000000  RW  
  DARAM_5               0000a000   00002000  00001fc8  00000038  RW  
  DARAM_6               0000c000   00002000  00001010  00000ff0  RW  
  DARAM_7               0000e000   00002000  00001010  00000ff0  RW  
  SARAM                 00010000   00020000  0000e4ac  00011b54  RW  
  SARAM_2               00030000   0001c000  00000000  0001c000  RW  
  SARAM_3               0004c000   00001000  00000000  00001000  RWIX
  SARAM_4               0004d000   00001000  00000000  00001000  RWIX
  SARAM_5               0004e000   00001000  00000000  00001000  RW  
  SARAM_6               0004f000   00001000  00000000  00001000  RW  
  EMIF_CS0              00050000   007b0000  00000000  007b0000  RW  
  EMIF_CS2              00800000   00400000  00000000  00400000  RW  
  EMIF_CS3              00c00000   00200000  00000000  00200000  RW  
  EMIF_CS4              00e00000   00100000  00000000  00100000  RW  
  EMIF_CS5              00f00000   000e0000  00000000  000e0000  RW  
  SAROM_0               00fe0000   00008000  00000000  00008000  R  X
  SAROM_1               00fe8000   00008000  00000000  00008000  R  X
  SAROM_2               00ff0000   00008000  00000000  00008000  R  X
  SAROM_3               00ff8000   00007f00  00000000  00007f00  R  X
  VECS                  00ffff00   00000100  00000000  00000100  R  X


SECTION ALLOCATION MAP
(Addresses surrounded by []'s are displayed for convenience only!)

output                                                          attributes/
section   page  orgn(bytes) orgn(words) len(bytes) len(words)   input sections
--------  ----  ----------- ----------- ---------- ----------   --------------
.stack       0   [ 000000c0 ]  00000060          *   000001f4   UNINITIALIZED
                 [ 000000c0 ]  00000060          *   000001f4   --HOLE--

.sysstack 
*            0   [ 000004a8 ]  00000254          *   000001f4   UNINITIALIZED
                 [ 000004a8 ]  00000254          *   000001f4   --HOLE--

vector       0     00000900  [ 00000480 ] 00000100          *   
                   00000900  [ 00000480 ] 00000100          *   vector.obj (vector)

.const       0   [ 00000a00 ]  00000500          *   0000085e   
                 [ 00000a00 ]  00000500          *   000002f3   main.obj (.const:.string)
                 [ 00000fe6 ]  000007f3          *   00000001   main.obj (.const)
                 [ 00000fe8 ]  000007f4          *   00000236   pll.obj (.const:.string)
                 [ 00001454 ]  00000a2a          *   00000174   aic3204_init.obj (.const:.string)
                 [ 0000173c ]  00000b9e          *   00000101   rts55h.lib : ctype.obj (.const:__ctypes_)
                 [ 0000193e ]  00000c9f          *   00000001   --HOLE-- [fill = 0]
                 [ 00001940 ]  00000ca0          *   00000055   MMA8451.obj (.const:.string)
                 [ 000019ea ]  00000cf5          *   00000001   --HOLE-- [fill = 0]
                 [ 000019ec ]  00000cf6          *   00000024   rts55h.lib : _printfi.obj (.const:.string)
                 [ 00001a34 ]  00000d1a          *   0000000c              : _printfi.obj (.const)
                 [ 00001a4c ]  00000d26          *   0000000a              : ldexp.obj (.const)
                 [ 00001a60 ]  00000d30          *   0000000a              : sqrt.obj (.const)
                 [ 00001a74 ]  00000d3a          *   00000008              : divd.obj (.const:_initial_approx$1)
                 [ 00001a84 ]  00000d42          *   00000008              : frexp.obj (.const)
                 [ 00001a94 ]  00000d4a          *   00000002              : fputs.obj (.const:.string)
                 [ 00001a98 ]  00000d4c          *   00000002   MMA8451.obj (.const:_$P$T0$1)
                 [ 00001a9c ]  00000d4e          *   00000002   MMA8451.obj (.const:_$P$T1$2)
                 [ 00001aa0 ]  00000d50          *   00000002   MMA8451.obj (.const:_$P$T2$3)
                 [ 00001aa4 ]  00000d52          *   00000002   MMA8451.obj (.const:_$P$T3$4)
                 [ 00001aa8 ]  00000d54          *   00000002   MMA8451.obj (.const:_$P$T4$5)
                 [ 00001aac ]  00000d56          *   00000002   MMA8451.obj (.const:_$P$T5$6)
                 [ 00001ab0 ]  00000d58          *   00000002   MMA8451.obj (.const:_$P$T6$7)
                 [ 00001ab4 ]  00000d5a          *   00000002   rts55h.lib : divd.obj (.const)
                 [ 00001ab8 ]  00000d5c          *   00000002              : fltlid.obj (.const)

.cio         0   [ 00001ac0 ]  00000d60          *   00000120   UNINITIALIZED
                 [ 00001ac0 ]  00000d60          *   00000120   rts55h.lib : trgmsg.obj (.cio)

vectors      0     00001d00  [ 00000e80 ] 00000100          *   NOLOAD SECTION
                   00001d00  [ 00000e80 ] 00000100          *   rts55h.lib : vectors.obj (vectors)

data_br_buf 
*            0   [ 00002000 ]  00001000          *   00000800   UNINITIALIZED
                 [ 00002000 ]  00001000          *   00000800   main.obj (data_br_buf)

scratch_buf 
*            0   [ 00003000 ]  00001800          *   00000800   UNINITIALIZED
                 [ 00003000 ]  00001800          *   00000800   main.obj (scratch_buf)

coeffs_fft_buf 
*            0   [ 00004000 ]  00002000          *   00000800   UNINITIALIZED
                 [ 00004000 ]  00002000          *   00000800   configuration.obj (coeffs_fft_buf)

convolved_buf 
*            0   [ 00005000 ]  00002800          *   00000800   UNINITIALIZED
                 [ 00005000 ]  00002800          *   00000800   configuration.obj (convolved_buf)

RcvL1        0   [ 00006000 ]  00003000          *   00000800   UNINITIALIZED
                 [ 00006000 ]  00003000          *   00000800   configuration.obj (RcvL1)

RcvL2        0   [ 00007000 ]  00003800          *   00000800   UNINITIALIZED
                 [ 00007000 ]  00003800          *   00000800   configuration.obj (RcvL2)

RcvR1        0   [ 00008000 ]  00004000          *   00000800   UNINITIALIZED
                 [ 00008000 ]  00004000          *   00000800   configuration.obj (RcvR1)

RcvR2        0   [ 00009000 ]  00004800          *   00000800   UNINITIALIZED
                 [ 00009000 ]  00004800          *   00000800   configuration.obj (RcvR2)

FilterOut 
*            0   [ 0000a000 ]  00005000          *   00000800   UNINITIALIZED
                 [ 0000a000 ]  00005000          *   00000800   configuration.obj (FilterOut)

OverlapL     0   [ 0000b000 ]  00005800          *   000001fe   UNINITIALIZED
                 [ 0000b000 ]  00005800          *   000001fe   configuration.obj (OverlapL)

OverlapR     0   [ 0000b3fc ]  000059fe          *   000001fe   UNINITIALIZED
                 [ 0000b3fc ]  000059fe          *   000001fe   configuration.obj (OverlapR)

.sysmem      0   [ 0000b7f8 ]  00005bfc          *   000003e8   UNINITIALIZED
                 [ 0000b7f8 ]  00005bfc          *   000003e8   --HOLE--

XmitL1       0   [ 0000c000 ]  00006000          *   00000404   UNINITIALIZED
                 [ 0000c000 ]  00006000          *   00000404   configuration.obj (XmitL1)

XmitL2       0   [ 0000c808 ]  00006404          *   00000404   UNINITIALIZED
                 [ 0000c808 ]  00006404          *   00000404   configuration.obj (XmitL2)

XmitR1       0   [ 0000e000 ]  00007000          *   00000404   UNINITIALIZED
                 [ 0000e000 ]  00007000          *   00000404   configuration.obj (XmitR1)

XmitR2       0   [ 0000e808 ]  00007404          *   00000404   UNINITIALIZED
                 [ 0000e808 ]  00007404          *   00000404   configuration.obj (XmitR2)

.text        0     00010000  [ 00008000 ] 00007fa2          *   
                   00010000  [ 00008000 ] 00001526          *   rts55h.lib : _printfi.obj (.text)
                   00011526  [ 00008a93 ] 00000fe7          *   hwafft.obj (.text)
                   0001250d  [ 00009286+] 00000949          *   main.obj (.text)
                   00012e56  [ 0000972b ] 0000053a          *   aic3204_init.obj (.text)
                   00013390  [ 000099c8 ] 00000538          *   rts55h.lib : trgdrv.obj (.text)
                   000138c8  [ 00009c64 ] 0000052a          *              : memory.obj (.text)
                   00013df2  [ 00009ef9 ] 00000518          *              : lowlev.obj (.text)
                   0001430a  [ 0000a185 ] 00000493          *   filter_routines.obj (.text)
                   0001479d  [ 0000a3ce+] 00000492          *   dma_routines.obj (.text)
                   00014c2f  [ 0000a617+] 00000367          *   rts55h.lib : divd.obj (.text)
                   00014f96  [ 0000a7cb ] 00000340          *   pll.obj (.text)
                   000152d6  [ 0000a96b ] 000002ef          *   codec_routines.obj (.text)
                   000155c5  [ 0000aae2+] 000002ad          *   CSLc55x5h.lib : csl_pll.obj (.text)
                   00015872  [ 0000ac39 ] 00000298          *   i2s_register.obj (.text)
                   00015b0a  [ 0000ad85 ] 0000026c          *   rts55h.lib : fopen.obj (.text)
                   00015d76  [ 0000aebb ] 0000025c          *              : llmpy.obj (.text)
                   00015fd2  [ 0000afe9 ] 00000257          *              : addd.obj (.text)
                   00016229  [ 0000b114+] 00000230          *   MMA8451.obj (.text)
                   00016459  [ 0000b22c+] 000001ea          *   rts55h.lib : cmpd.obj (.text)
                   00016643  [ 0000b321+] 0000019f          *   ezdsp5535_i2c.obj (.text)
                   000167e2  [ 0000b3f1 ] 0000018a          *   aic3204.obj (.text)
                   0001696c  [ 0000b4b6 ] 0000017b          *   rts55h.lib : fputs.obj (.text)
                   00016ae7  [ 0000b573+] 0000016b          *   ezdsp5535_gpio.obj (.text)
                   00016c52  [ 0000b629 ] 0000014b          *   rts55h.lib : mpyd.obj (.text)
                   00016d9d  [ 0000b6ce+] 00000118          *              : sqrt.obj (.text)
                   00016eb5  [ 0000b75a+] 000000f3          *              : setvbuf.obj (.text)
                   00016fa8  [ 0000b7d4 ] 000000ee          *              : ldexp.obj (.text)
                   00017096  [ 0000b84b ] 000000dc          *   rtc_routines.obj (.text)
                   00017172  [ 0000b8b9 ] 000000da          *   rts55h.lib : _io_perm.obj (.text)
                   0001724c  [ 0000b926 ] 000000cb          *              : frexp.obj (.text)
                   00017317  [ 0000b98b+] 000000c8          *              : frcmpyd_div.obj (.text)
                   000173df  [ 0000b9ef+] 000000be          *              : trgmsg.obj (.text:CIO_breakpoint)
                   0001749d  [ 0000ba4e+] 000000ba          *              : fflush.obj (.text)
                   00017557  [ 0000baab+] 000000a2          *              : fputc.obj (.text)
                   000175f9  [ 0000bafc+] 000000a0          *              : divul.obj (.text)
                   00017699  [ 0000bb4c+] 0000008b          *   55xdsph.lib : fir2.obj (.text)
                   00017724  [ 0000bb92 ] 0000007b          *   vector.obj (.text)
                   0001779f  [ 0000bbcf+] 00000079          *   rts55h.lib : ltoa.obj (.text)
                   00017818  [ 0000bc0c ] 00000076          *              : fclose.obj (.text)
                   0001788e  [ 0000bc47 ] 00000076          *              : frcmpyd.obj (.text)
                   00017904  [ 0000bc82 ] 00000070          *              : remul.obj (.text)
                   00017974  [ 0000bcba ] 0000006e          *              : fixdli.obj (.text)
                   000179e2  [ 0000bcf1 ] 0000006b          *              : trgmsg.obj (.text)
                   00017a4d  [ 0000bd26+] 00000068          *              : fseek.obj (.text)
                   00017ab5  [ 0000bd5a+] 00000067          *              : fltlid.obj (.text)
                   00017b1c  [ 0000bd8e ] 00000059          *              : atoi.obj (.text)
                   00017b75  [ 0000bdba+] 00000056          *              : memcpy.obj (.text)
                   00017bcb  [ 0000bde5+] 00000054          *   ezdsp5535.obj (.text)
                   00017c1f  [ 0000be0f+] 00000051          *   i2s_routines.obj (.text)
                   00017c70  [ 0000be38 ] 0000004e          *   rts55h.lib : printf.obj (.text)
                   00017cbe  [ 0000be5f ] 0000004d          *              : autoinit.obj (.text)
                   00017d0b  [ 0000be85+] 0000004b          *              : remli.obj (.text)
                   00017d56  [ 0000beab ] 00000049          *              : args_main.obj (.text)
                   00017d9f  [ 0000becf+] 00000048          *              : divli.obj (.text)
                   00017de7  [ 0000bef3+] 0000003e          *              : exit.obj (.text)
                   00017e25  [ 0000bf12+] 0000003c          *              : idiv.obj (.text)
                   00017e61  [ 0000bf30+] 00000034          *              : boot.obj (.text)
                   00017e95  [ 0000bf4a+] 0000002a          *              : fixdi.obj (.text)
                   00017ebf  [ 0000bf5f+] 0000002a          *              : udiv.obj (.text)
                   00017ee9  [ 0000bf74+] 00000022          *              : memccpy.obj (.text)
                   00017f0b  [ 0000bf85+] 0000001f          *   ezdsp5535_led.obj (.text)
                   00017f2a  [ 0000bf95 ] 0000001b          *   rts55h.lib : isinf.obj (.text)
                   00017f45  [ 0000bfa2+] 00000014          *              : subd.obj (.text)
                   00017f59  [ 0000bfac+] 00000013          *              : lmpy.obj (.text)
                   00017f6c  [ 0000bfb6 ] 00000012          *              : _lock.obj (.text)
                   00017f7e  [ 0000bfbf ] 00000010          *              : negd.obj (.text)
                   00017f8e  [ 0000bfc7 ] 0000000a          *              : remove.obj (.text)
                   00017f98  [ 0000bfcc ] 00000007          *              : exit.obj (.text:CIO_breakpoint)
                   00017f9f  [ 0000bfcf+] 00000002          *              : vectors.obj (.text)
                   00017fa1  [ 0000bfd0 ] 00000001          *   --HOLE-- [fill = 20]

.bss         0   [ 00017fa4 ]  0000bfd2          *   00000e14   UNINITIALIZED
                 [ 00017fa4 ]  0000bfd2          *   000008f8   main.obj (.bss)
                 [ 00019194 ]  0000c8ca          *   0000025f   configuration.obj (.bss)
                 [ 00019652 ]  0000cb29          *   00000001   ezdsp5535_i2c.obj (.bss)
                 [ 00019654 ]  0000cb2a          *   00000119   rts55h.lib : defs.obj (.bss)
                 [ 00019886 ]  0000cc43          *   000000d0              : trgdrv.obj (.bss)
                 [ 00019a26 ]  0000cd13          *   00000001   rtc_routines.obj (.bss)
                 [ 00019a28 ]  0000cd14          *   00000071   rts55h.lib : lowlev.obj (.bss)
                 [ 00019b0a ]  0000cd85          *   00000001              : errno.obj (.bss)
                 [ 00019b0c ]  0000cd86          *   00000036   pll.obj (.bss)
                 [ 00019b78 ]  0000cdbc          *   00000016   dma_routines.obj (.bss)
                 [ 00019ba4 ]  0000cdd2          *   00000007   rts55h.lib : memory.obj (.bss)
                 [ 00019bb2 ]  0000cdd9          *   00000001              : fopen.obj (.bss)
                 [ 00019bb4 ]  0000cdda          *   00000004              : _lock.obj (.bss)
                 [ 00019bbc ]  0000cdde          *   00000004              : exit.obj (.bss)
                 [ 00019bc4 ]  0000cde2          *   00000002   aic3204.obj (.bss)
                 [ 00019bc8 ]  0000cde4          *   00000002   filter_routines.obj (.bss)

RcvL1_copy 
*            0   [ 00019bcc ]  0000cde6          *   00000800   UNINITIALIZED
                 [ 00019bcc ]  0000cde6          *   00000800   configuration.obj (RcvL1_copy)

RcvL2_copy 
*            0   [ 0001abcc ]  0000d5e6          *   00000800   UNINITIALIZED
                 [ 0001abcc ]  0000d5e6          *   00000800   configuration.obj (RcvL2_copy)

RcvR1_copy 
*            0   [ 0001bbcc ]  0000dde6          *   00000800   UNINITIALIZED
                 [ 0001bbcc ]  0000dde6          *   00000800   configuration.obj (RcvR1_copy)

RcvR2_copy 
*            0   [ 0001cbcc ]  0000e5e6          *   00000800   UNINITIALIZED
                 [ 0001cbcc ]  0000e5e6          *   00000800   configuration.obj (RcvR2_copy)

.cinit       0   [ 0001dbcc ]  0000ede6          *   00000471   
                 [ 0001dbcc ]  0000ede6          *   00000286   configuration.obj (.cinit)
                 [ 0001e0d8 ]  0000f06c          *   00000108   main.obj (.cinit)
                 [ 0001e2e8 ]  0000f174          *   00000046   pll.obj (.cinit)
                 [ 0001e374 ]  0000f1ba          *   0000002d   rts55h.lib : lowlev.obj (.cinit)
                 [ 0001e3ce ]  0000f1e7          *   0000002a              : defs.obj (.cinit)
                 [ 0001e422 ]  0000f211          *   00000018   dma_routines.obj (.cinit)
                 [ 0001e452 ]  0000f229          *   0000000a   rts55h.lib : _lock.obj (.cinit)
                 [ 0001e466 ]  0000f233          *   0000000a              : exit.obj (.cinit)
                 [ 0001e47a ]  0000f23d          *   00000005   filter_routines.obj (.cinit)
                 [ 0001e484 ]  0000f242          *   00000004   ezdsp5535_i2c.obj (.cinit)
                 [ 0001e48c ]  0000f246          *   00000004   rtc_routines.obj (.cinit)
                 [ 0001e494 ]  0000f24a          *   00000004   rts55h.lib : errno.obj (.cinit)
                 [ 0001e49c ]  0000f24e          *   00000004              : fopen.obj (.cinit)
                 [ 0001e4a4 ]  0000f252          *   00000004              : memory.obj (.cinit)
                 [ 0001e4ac ]  0000f256          *   00000001   --HOLE-- [fill = 0]


GLOBAL SYMBOLS: SORTED ALPHABETICALLY BY Name 

abs. value/
byte addr   word addr   name
---------   ---------   ----
00000002                $TI_capability$C5500$CallingConvention
00000008                $TI_capability$C5500$MemoryModel
00000001                $TI_capability_requires_rev3
            0000bfd2    .bss
00010000                .text
00017f99                C$$EXIT
00017498                C$$IO$$
00017e25                I$$DIV
00017f59                I$$LMPY
00017e44                I$$MOD
00017ebf                I$$UDIV
00017ed4                I$$UMOD
000152d6                _AIC3204_init
000167e2                _AIC3204_rget
0001682d                _AIC3204_rset
000145e6                _COLA_Output
000146b5                _CPLX_Mul
000143d9                _Clear_COLA_Overlaps
00012df6                _ConfigPort
            0000cd13    _Count_RTC
            0000cdcc    _CurrentRxL_DMAChannel
            0000cdcd    _CurrentRxR_DMAChannel
            0000cdce    _CurrentTxL_DMAChannel
            0000cdcf    _CurrentTxR_DMAChannel
00014a7a                _DMA_Isr
00014420                _FFT_Coeffs
000144f2                _FFT_Filter
            0000bfd2    _FIR_HP_1000Hz
            00005000    _FilterOut
0001386a                _HOSTclock
000137ff                _HOSTclose
0001374a                _HOSTlseek
000136a9                _HOSTopen
0001361e                _HOSTread
00013565                _HOSTrename
00013507                _HOSTtime
0001349b                _HOSTunlink
00013410                _HOSTwrite
            0000cde4    _Hwafft_Func
00012d90                _InitSystem
            0000c04b    _LP
            000007f3    _LP_length
00016257                _MMAbegin
0001638a                _MMAread
            00005800    _OverlapL
            000059fe    _OverlapR
00012d5e                _PLL_98MHz
000157b7                _PLL_bypass
00015627                _PLL_config
00015750                _PLL_enable
000155ef                _PLL_init
00015806                _PLL_reset
00012555                _RMS
00000900                _RST
000170f0                _RTC_Isr
            00003000    _RcvL1
            0000cde6    _RcvL1_copy
            00003800    _RcvL2
            0000d5e6    _RcvL2_copy
            00004000    _RcvR1
            0000dde6    _RcvR1_copy
            00004800    _RcvR2
            0000e5e6    _RcvR2_copy
00001d00                _Reset
            0000cdd0    _RunFilterForL
            0000cdd1    _RunFilterForR
            0000cdbc    _RxL1_DMA_address
            0000cdbe    _RxL2_DMA_address
            0000cdc0    _RxR1_DMA_address
            0000cdc2    _RxR2_DMA_address
            0000cac9    _Simulation
            0000cdc4    _TxL1_DMA_address
            0000cdc6    _TxL2_DMA_address
            0000cdc8    _TxR1_DMA_address
            0000cdca    _TxR2_DMA_address
            00006000    _XmitL1
            00006404    _XmitL2
            00007000    _XmitR1
            00007404    _XmitR2
0001430a                _Zero_Pad_Inputs
            00000d60    __CIOBUF_
            00000254    __STACK_END
000003e8                __STACK_SIZE
000007d0                __SYSMEM_SIZE
000003e8                __SYSSTACK_SIZE
ffffffff                ___binit__
            0000bfd2    ___bss__
ffffffff                ___c_args__
            0000ede6    ___cinit__
            0000cde6    ___end__
00017fa2                ___etext__
00017f2a                ___isinf
ffffffff                ___pinit__
00010000                ___text__
00015fd2                __addd
00017d56                __args_main
00015c1f                __cleanup
            0000cdde    __cleanup_ptr
000165eb                __cmpd
            00000b9e    __ctypes_
00014c51                __divd
00017e25                __divi
00017d9f                __divli
00015f9e                __divlli
00017ebf                __divu
000175f9                __divul
00015eaa                __divull
0001749d                __doflush
            0000cde0    __dtors_ptr
000165b7                __eqld
00017e95                __fixdi
00017974                __fixdli
00017ab5                __fltlid
0001788e                __frcmpyd
00017317                __frcmpyd_div
            0000cc42    __ft_end
            0000cb2a    __ftable
0001656d                __geqd
00016522                __gtrd
000164d5                __leqd
            0000cdda    __lock
0001648d                __lssd
00016c52                __mpyd
00017f59                __mpyli
00015df3                __mpylli
00017f7e                __negd
00016459                __neqd
00017f7c                __nop
00011308                __printfi
000171ef                __rd_ok
00017f74                __register_lock
00017f6c                __register_unlock
00017e44                __remi
00017d0b                __remli
00015dc4                __remlli
00017ed4                __remu
00017904                __remul
00015d76                __remull
            00000060    __stack
00017f45                __subd
            00005bfc    __sys_memory
            00000254    __sysstack
            0000cba2    __tmpnams
            0000cddc    __unlock
00017172                __wrt_ok
00017f98                _abort
            0000c0ca    _absolute_value
00014222                _add_device
0001689b                _aic3204_codec_read
000168e1                _aic3204_codec_read_MONO
00016930                _aic3204_codec_write
0001687f                _aic3204_disable
0001684f                _aic3204_hardware_init
00012e56                _aic3204_init
00017b1c                _atoi
00017cbe                _auto_init
0001471d                _buff_copy16
00014756                _buff_copy32
00017e61                _c_int00
00012806                _calculate_abs
00013da6                _calloc
00013d9e                _chkheap
            0000c0c6    _clearOverlaps
000141b2                _close
000125ba                _codecRead
            0000c8ca    _coeffs
            00002000    _coeffs_fft_buf
            00002800    _convolved_buf
            0000cde2    _counter1
            0000cde3    _counter2
            00001000    _data_br_buf
00015ad2                _disable_i2s0
00015ae0                _disable_i2s1
00015aee                _disable_i2s2
00015afc                _disable_i2s3
            0000c0c7    _dummy1
00014a6d                _enable_dma_int
00015a9a                _enable_i2s0
00015aa8                _enable_i2s1
00015ab6                _enable_i2s2
00015ac4                _enable_i2s3
00017096                _enable_rtc_second_int
            0000cd85    _errno
            0000c0c8    _errorFlag
00017de7                _exit
00016bf3                _ezdsp5535_GPIO_getInput
00016ae7                _ezdsp5535_GPIO_init
00016aeb                _ezdsp5535_GPIO_setDirection
00016b76                _ezdsp5535_GPIO_setOutput
00016662                _ezdsp5535_I2C_close
00016643                _ezdsp5535_I2C_init
00016769                _ezdsp5535_I2C_read
0001666b                _ezdsp5535_I2C_reset
00016679                _ezdsp5535_I2C_write
000166f4                _ezdsp5535_I2C_write_SR
00017f1f                _ezdsp5535_LED_init
00017f15                _ezdsp5535_LED_off
00017f0b                _ezdsp5535_LED_on
00017c11                _ezdsp5535_init
00017bcb                _ezdsp5535_wait
00017bff                _ezdsp5535_waitusec
            0000c0c5    _fBypassOn
            0000c0c4    _fFilterOn
00017818                _fclose
000174ff                _fflush
0001250d                _fft_create_datapoint_array
000141a9                _find_registered_device
00017699                _fir2
00015d3d                _fopen
00017557                _fputc
0001696c                _fputs
000138c8                _free
00013d37                _free_memory
00015c77                _freopen
0001724c                _frexp
00017a4d                _fseek
00013390                _getenv
            0000cd90    _hPll
00012887                _homemadePOW
000122a6                _hwafft_1024pts
00011c1d                _hwafft_128pts
00011629                _hwafft_16pts
00011e2e                _hwafft_256pts
0001177f                _hwafft_32pts
0001202c                _hwafft_512pts
00011a88                _hwafft_64pts
0001153a                _hwafft_8pts
00011526                _hwafft_br
00015872                _i2s0_read_CR
000158ba                _i2s0_read_INTR
000158c0                _i2s0_read_INT_MASK
000158cc                _i2s0_read_RXL_LSW
000158d8                _i2s0_read_RXL_MSW
000158e4                _i2s0_read_RXR_LSW
000158f0                _i2s0_read_RXR_MSW
0001587e                _i2s0_read_SRGR
0001588a                _i2s0_read_TXL_LSW
00015896                _i2s0_read_TXL_MSW
000158a2                _i2s0_read_TXR_LSW
000158ae                _i2s0_read_TXR_MSW
00015878                _i2s0_write_CR
000158c6                _i2s0_write_INT_MASK
000158d2                _i2s0_write_RXL_LSW
000158de                _i2s0_write_RXL_MSW
000158ea                _i2s0_write_RXR_LSW
000158f6                _i2s0_write_RXR_MSW
00015884                _i2s0_write_SRGR
00015890                _i2s0_write_TXL_LSW
0001589c                _i2s0_write_TXL_MSW
000158a8                _i2s0_write_TXR_LSW
000158b4                _i2s0_write_TXR_MSW
000158fc                _i2s1_read_CR
00015944                _i2s1_read_INTR
0001594a                _i2s1_read_INT_MASK
00015956                _i2s1_read_RXL_LSW
00015962                _i2s1_read_RXL_MSW
0001596e                _i2s1_read_RXR_LSW
0001597a                _i2s1_read_RXR_MSW
00015908                _i2s1_read_SRGR
00015914                _i2s1_read_TXL_LSW
00015920                _i2s1_read_TXL_MSW
0001592c                _i2s1_read_TXR_LSW
00015938                _i2s1_read_TXR_MSW
00015902                _i2s1_write_CR
00015950                _i2s1_write_INT_MASK
0001595c                _i2s1_write_RXL_LSW
00015968                _i2s1_write_RXL_MSW
00015974                _i2s1_write_RXR_LSW
00015980                _i2s1_write_RXR_MSW
0001590e                _i2s1_write_SRGR
0001591a                _i2s1_write_TXL_LSW
00015926                _i2s1_write_TXL_MSW
00015932                _i2s1_write_TXR_LSW
0001593e                _i2s1_write_TXR_MSW
00015986                _i2s2_read_CR
000159ce                _i2s2_read_INTR
000159d4                _i2s2_read_INT_MASK
000159e0                _i2s2_read_RXL_LSW
000159ec                _i2s2_read_RXL_MSW
000159f8                _i2s2_read_RXR_LSW
00015a04                _i2s2_read_RXR_MSW
00015992                _i2s2_read_SRGR
0001599e                _i2s2_read_TXL_LSW
000159aa                _i2s2_read_TXL_MSW
000159b6                _i2s2_read_TXR_LSW
000159c2                _i2s2_read_TXR_MSW
0001598c                _i2s2_write_CR
000159da                _i2s2_write_INT_MASK
000159e6                _i2s2_write_RXL_LSW
000159f2                _i2s2_write_RXL_MSW
000159fe                _i2s2_write_RXR_LSW
00015a0a                _i2s2_write_RXR_MSW
00015998                _i2s2_write_SRGR
000159a4                _i2s2_write_TXL_LSW
000159b0                _i2s2_write_TXL_MSW
000159bc                _i2s2_write_TXR_LSW
000159c8                _i2s2_write_TXR_MSW
00015a10                _i2s3_read_CR
00015a58                _i2s3_read_INTR
00015a5e                _i2s3_read_INT_MASK
00015a6a                _i2s3_read_RXL_LSW
00015a76                _i2s3_read_RXL_MSW
00015a82                _i2s3_read_RXR_LSW
00015a8e                _i2s3_read_RXR_MSW
00015a1c                _i2s3_read_SRGR
00015a28                _i2s3_read_TXL_LSW
00015a34                _i2s3_read_TXL_MSW
00015a40                _i2s3_read_TXR_LSW
00015a4c                _i2s3_read_TXR_MSW
00015a16                _i2s3_write_CR
00015a64                _i2s3_write_INT_MASK
00015a70                _i2s3_write_RXL_LSW
00015a7c                _i2s3_write_RXL_MSW
00015a88                _i2s3_write_RXR_LSW
00015a94                _i2s3_write_RXR_MSW
00015a22                _i2s3_write_SRGR
00015a2e                _i2s3_write_TXL_LSW
00015a3a                _i2s3_write_TXL_MSW
00015a46                _i2s3_write_TXR_LSW
00015a52                _i2s3_write_TXR_MSW
00016229                _inits
00016fa8                _ldexp
00014145                _lseek
0001779f                _ltoa
00012904                _main
00013a0c                _malloc
00013ccd                _max_free
00017ee9                _memccpy
00017b75                _memcpy
0001399a                _minit
00014088                _open
            0000cdba    _pConfigInfo
000125fe                _peakDetect
000128c1                _peaksPerRev
            0000cd8c    _pllCfg1
            0000cdb2    _pllCfg_100MHz
            0000cdb6    _pllCfg_120MHz
            0000cd9a    _pllCfg_12MHz
            0000cd9e    _pllCfg_12p288MHz
            0000cd92    _pllCfg_1MHz
            0000cd96    _pllCfg_2MHz
            0000cda2    _pllCfg_40MHz
            0000cda6    _pllCfg_60MHz
            0000cdaa    _pllCfg_75MHz
            0000cdae    _pllCfg_98MHz
            0000cd86    _pllObj
00015011                _pll_frequency_setup
00012684                _printErrorMessages
00017c70                _printf
00017557                _putc
000175ea                _putchar
00016abb                _puts
00013fde                _read
000179e2                _readmsg
00013b07                _realloc
00017f8e                _remove
00013faa                _remove_device
00013f53                _rename
00016317                _requestFromArduino
000170a2                _reset_RTC
0001634f                _rpmReadI2C
            00001800    _scratch_buf
0001479d                _setDMA_address
000148fd                _set_dma0_ch0_i2s0_Lout
000148a5                _set_dma0_ch0_stop
00014959                _set_dma0_ch1_i2s0_Rout
000148bb                _set_dma0_ch1_stop
000149b5                _set_dma0_ch2_i2s0_Lin
000148d1                _set_dma0_ch2_stop
00014a11                _set_dma0_ch3_i2s0_Rin
000148e7                _set_dma0_ch3_stop
00017c1f                _set_i2s0_master
00017c50                _set_i2s0_slave
00013034                _set_sampling_frequency_and_gain
00016eb5                _setvbuf
00016d9d                _sqrt
00012e39                _turnOffLED
00012e1c                _turnOnLED
00013f1f                _unlink
00013df2                _write
000173df                _writemsg
ffffffff                binit
            0000ede6    cinit
            0000cde6    end
00017fa2                etext
ffffffff                pinit
00017724                reset_isr


GLOBAL SYMBOLS: SORTED BY Symbol Address 

abs. value/
byte addr   word addr   name
---------   ---------   ----
00000001                $TI_capability_requires_rev3
00000002                $TI_capability$C5500$CallingConvention
00000008                $TI_capability$C5500$MemoryModel
            00000060    __stack
000003e8                __STACK_SIZE
000003e8                __SYSSTACK_SIZE
            00000254    __STACK_END
            00000254    __sysstack
000007d0                __SYSMEM_SIZE
00000900                _RST
            000007f3    _LP_length
            00000b9e    __ctypes_
            00000d60    __CIOBUF_
00001d00                _Reset
            00001000    _data_br_buf
            00001800    _scratch_buf
            00002000    _coeffs_fft_buf
            00002800    _convolved_buf
            00003000    _RcvL1
            00003800    _RcvL2
            00004000    _RcvR1
            00004800    _RcvR2
            00005000    _FilterOut
            00005800    _OverlapL
            000059fe    _OverlapR
            00005bfc    __sys_memory
            00006000    _XmitL1
            00006404    _XmitL2
            00007000    _XmitR1
            00007404    _XmitR2
00010000                .text
00010000                ___text__
00011308                __printfi
00011526                _hwafft_br
0001153a                _hwafft_8pts
00011629                _hwafft_16pts
0001177f                _hwafft_32pts
00011a88                _hwafft_64pts
00011c1d                _hwafft_128pts
00011e2e                _hwafft_256pts
0001202c                _hwafft_512pts
000122a6                _hwafft_1024pts
0001250d                _fft_create_datapoint_array
00012555                _RMS
000125ba                _codecRead
000125fe                _peakDetect
00012684                _printErrorMessages
00012806                _calculate_abs
00012887                _homemadePOW
000128c1                _peaksPerRev
00012904                _main
00012d5e                _PLL_98MHz
00012d90                _InitSystem
00012df6                _ConfigPort
00012e1c                _turnOnLED
00012e39                _turnOffLED
00012e56                _aic3204_init
00013034                _set_sampling_frequency_and_gain
00013390                _getenv
00013410                _HOSTwrite
0001349b                _HOSTunlink
00013507                _HOSTtime
00013565                _HOSTrename
0001361e                _HOSTread
000136a9                _HOSTopen
0001374a                _HOSTlseek
000137ff                _HOSTclose
0001386a                _HOSTclock
000138c8                _free
0001399a                _minit
00013a0c                _malloc
00013b07                _realloc
00013ccd                _max_free
00013d37                _free_memory
00013d9e                _chkheap
00013da6                _calloc
00013df2                _write
00013f1f                _unlink
00013f53                _rename
00013faa                _remove_device
00013fde                _read
00014088                _open
00014145                _lseek
000141a9                _find_registered_device
000141b2                _close
00014222                _add_device
0001430a                _Zero_Pad_Inputs
000143d9                _Clear_COLA_Overlaps
00014420                _FFT_Coeffs
000144f2                _FFT_Filter
000145e6                _COLA_Output
000146b5                _CPLX_Mul
0001471d                _buff_copy16
00014756                _buff_copy32
0001479d                _setDMA_address
000148a5                _set_dma0_ch0_stop
000148bb                _set_dma0_ch1_stop
000148d1                _set_dma0_ch2_stop
000148e7                _set_dma0_ch3_stop
000148fd                _set_dma0_ch0_i2s0_Lout
00014959                _set_dma0_ch1_i2s0_Rout
000149b5                _set_dma0_ch2_i2s0_Lin
00014a11                _set_dma0_ch3_i2s0_Rin
00014a6d                _enable_dma_int
00014a7a                _DMA_Isr
00014c51                __divd
00015011                _pll_frequency_setup
000152d6                _AIC3204_init
000155ef                _PLL_init
00015627                _PLL_config
00015750                _PLL_enable
000157b7                _PLL_bypass
00015806                _PLL_reset
00015872                _i2s0_read_CR
00015878                _i2s0_write_CR
0001587e                _i2s0_read_SRGR
00015884                _i2s0_write_SRGR
0001588a                _i2s0_read_TXL_LSW
00015890                _i2s0_write_TXL_LSW
00015896                _i2s0_read_TXL_MSW
0001589c                _i2s0_write_TXL_MSW
000158a2                _i2s0_read_TXR_LSW
000158a8                _i2s0_write_TXR_LSW
000158ae                _i2s0_read_TXR_MSW
000158b4                _i2s0_write_TXR_MSW
000158ba                _i2s0_read_INTR
000158c0                _i2s0_read_INT_MASK
000158c6                _i2s0_write_INT_MASK
000158cc                _i2s0_read_RXL_LSW
000158d2                _i2s0_write_RXL_LSW
000158d8                _i2s0_read_RXL_MSW
000158de                _i2s0_write_RXL_MSW
000158e4                _i2s0_read_RXR_LSW
000158ea                _i2s0_write_RXR_LSW
000158f0                _i2s0_read_RXR_MSW
000158f6                _i2s0_write_RXR_MSW
000158fc                _i2s1_read_CR
00015902                _i2s1_write_CR
00015908                _i2s1_read_SRGR
0001590e                _i2s1_write_SRGR
00015914                _i2s1_read_TXL_LSW
0001591a                _i2s1_write_TXL_LSW
00015920                _i2s1_read_TXL_MSW
00015926                _i2s1_write_TXL_MSW
0001592c                _i2s1_read_TXR_LSW
00015932                _i2s1_write_TXR_LSW
00015938                _i2s1_read_TXR_MSW
0001593e                _i2s1_write_TXR_MSW
00015944                _i2s1_read_INTR
0001594a                _i2s1_read_INT_MASK
00015950                _i2s1_write_INT_MASK
00015956                _i2s1_read_RXL_LSW
0001595c                _i2s1_write_RXL_LSW
00015962                _i2s1_read_RXL_MSW
00015968                _i2s1_write_RXL_MSW
0001596e                _i2s1_read_RXR_LSW
00015974                _i2s1_write_RXR_LSW
0001597a                _i2s1_read_RXR_MSW
00015980                _i2s1_write_RXR_MSW
00015986                _i2s2_read_CR
0001598c                _i2s2_write_CR
00015992                _i2s2_read_SRGR
00015998                _i2s2_write_SRGR
0001599e                _i2s2_read_TXL_LSW
000159a4                _i2s2_write_TXL_LSW
000159aa                _i2s2_read_TXL_MSW
000159b0                _i2s2_write_TXL_MSW
000159b6                _i2s2_read_TXR_LSW
000159bc                _i2s2_write_TXR_LSW
000159c2                _i2s2_read_TXR_MSW
000159c8                _i2s2_write_TXR_MSW
000159ce                _i2s2_read_INTR
000159d4                _i2s2_read_INT_MASK
000159da                _i2s2_write_INT_MASK
000159e0                _i2s2_read_RXL_LSW
000159e6                _i2s2_write_RXL_LSW
000159ec                _i2s2_read_RXL_MSW
000159f2                _i2s2_write_RXL_MSW
000159f8                _i2s2_read_RXR_LSW
000159fe                _i2s2_write_RXR_LSW
00015a04                _i2s2_read_RXR_MSW
00015a0a                _i2s2_write_RXR_MSW
00015a10                _i2s3_read_CR
00015a16                _i2s3_write_CR
00015a1c                _i2s3_read_SRGR
00015a22                _i2s3_write_SRGR
00015a28                _i2s3_read_TXL_LSW
00015a2e                _i2s3_write_TXL_LSW
00015a34                _i2s3_read_TXL_MSW
00015a3a                _i2s3_write_TXL_MSW
00015a40                _i2s3_read_TXR_LSW
00015a46                _i2s3_write_TXR_LSW
00015a4c                _i2s3_read_TXR_MSW
00015a52                _i2s3_write_TXR_MSW
00015a58                _i2s3_read_INTR
00015a5e                _i2s3_read_INT_MASK
00015a64                _i2s3_write_INT_MASK
00015a6a                _i2s3_read_RXL_LSW
00015a70                _i2s3_write_RXL_LSW
00015a76                _i2s3_read_RXL_MSW
00015a7c                _i2s3_write_RXL_MSW
00015a82                _i2s3_read_RXR_LSW
00015a88                _i2s3_write_RXR_LSW
00015a8e                _i2s3_read_RXR_MSW
00015a94                _i2s3_write_RXR_MSW
00015a9a                _enable_i2s0
00015aa8                _enable_i2s1
00015ab6                _enable_i2s2
00015ac4                _enable_i2s3
00015ad2                _disable_i2s0
00015ae0                _disable_i2s1
00015aee                _disable_i2s2
00015afc                _disable_i2s3
00015c1f                __cleanup
00015c77                _freopen
00015d3d                _fopen
00015d76                __remull
00015dc4                __remlli
00015df3                __mpylli
00015eaa                __divull
00015f9e                __divlli
00015fd2                __addd
00016229                _inits
00016257                _MMAbegin
00016317                _requestFromArduino
0001634f                _rpmReadI2C
0001638a                _MMAread
00016459                __neqd
0001648d                __lssd
000164d5                __leqd
00016522                __gtrd
0001656d                __geqd
000165b7                __eqld
000165eb                __cmpd
00016643                _ezdsp5535_I2C_init
00016662                _ezdsp5535_I2C_close
0001666b                _ezdsp5535_I2C_reset
00016679                _ezdsp5535_I2C_write
000166f4                _ezdsp5535_I2C_write_SR
00016769                _ezdsp5535_I2C_read
000167e2                _AIC3204_rget
0001682d                _AIC3204_rset
0001684f                _aic3204_hardware_init
0001687f                _aic3204_disable
0001689b                _aic3204_codec_read
000168e1                _aic3204_codec_read_MONO
00016930                _aic3204_codec_write
0001696c                _fputs
00016abb                _puts
00016ae7                _ezdsp5535_GPIO_init
00016aeb                _ezdsp5535_GPIO_setDirection
00016b76                _ezdsp5535_GPIO_setOutput
00016bf3                _ezdsp5535_GPIO_getInput
00016c52                __mpyd
00016d9d                _sqrt
00016eb5                _setvbuf
00016fa8                _ldexp
00017096                _enable_rtc_second_int
000170a2                _reset_RTC
000170f0                _RTC_Isr
00017172                __wrt_ok
000171ef                __rd_ok
0001724c                _frexp
00017317                __frcmpyd_div
000173df                _writemsg
00017498                C$$IO$$
0001749d                __doflush
000174ff                _fflush
00017557                _fputc
00017557                _putc
000175ea                _putchar
000175f9                __divul
00017699                _fir2
00017724                reset_isr
0001779f                _ltoa
00017818                _fclose
0001788e                __frcmpyd
00017904                __remul
00017974                __fixdli
000179e2                _readmsg
00017a4d                _fseek
00017ab5                __fltlid
00017b1c                _atoi
00017b75                _memcpy
00017bcb                _ezdsp5535_wait
00017bff                _ezdsp5535_waitusec
00017c11                _ezdsp5535_init
00017c1f                _set_i2s0_master
00017c50                _set_i2s0_slave
00017c70                _printf
00017cbe                _auto_init
00017d0b                __remli
00017d56                __args_main
00017d9f                __divli
00017de7                _exit
00017e25                I$$DIV
00017e25                __divi
00017e44                I$$MOD
00017e44                __remi
00017e61                _c_int00
00017e95                __fixdi
00017ebf                I$$UDIV
00017ebf                __divu
00017ed4                I$$UMOD
00017ed4                __remu
00017ee9                _memccpy
00017f0b                _ezdsp5535_LED_on
00017f15                _ezdsp5535_LED_off
00017f1f                _ezdsp5535_LED_init
00017f2a                ___isinf
00017f45                __subd
00017f59                I$$LMPY
00017f59                __mpyli
00017f6c                __register_unlock
00017f74                __register_lock
00017f7c                __nop
00017f7e                __negd
00017f8e                _remove
00017f98                _abort
00017f99                C$$EXIT
00017fa2                ___etext__
00017fa2                etext
            0000bfd2    .bss
            0000bfd2    _FIR_HP_1000Hz
            0000bfd2    ___bss__
            0000c04b    _LP
            0000c0c4    _fFilterOn
            0000c0c5    _fBypassOn
            0000c0c6    _clearOverlaps
            0000c0c7    _dummy1
            0000c0c8    _errorFlag
            0000c0ca    _absolute_value
            0000c8ca    _coeffs
            0000cac9    _Simulation
            0000cb2a    __ftable
            0000cba2    __tmpnams
            0000cc42    __ft_end
            0000cd13    _Count_RTC
            0000cd85    _errno
            0000cd86    _pllObj
            0000cd8c    _pllCfg1
            0000cd90    _hPll
            0000cd92    _pllCfg_1MHz
            0000cd96    _pllCfg_2MHz
            0000cd9a    _pllCfg_12MHz
            0000cd9e    _pllCfg_12p288MHz
            0000cda2    _pllCfg_40MHz
            0000cda6    _pllCfg_60MHz
            0000cdaa    _pllCfg_75MHz
            0000cdae    _pllCfg_98MHz
            0000cdb2    _pllCfg_100MHz
            0000cdb6    _pllCfg_120MHz
            0000cdba    _pConfigInfo
            0000cdbc    _RxL1_DMA_address
            0000cdbe    _RxL2_DMA_address
            0000cdc0    _RxR1_DMA_address
            0000cdc2    _RxR2_DMA_address
            0000cdc4    _TxL1_DMA_address
            0000cdc6    _TxL2_DMA_address
            0000cdc8    _TxR1_DMA_address
            0000cdca    _TxR2_DMA_address
            0000cdcc    _CurrentRxL_DMAChannel
            0000cdcd    _CurrentRxR_DMAChannel
            0000cdce    _CurrentTxL_DMAChannel
            0000cdcf    _CurrentTxR_DMAChannel
            0000cdd0    _RunFilterForL
            0000cdd1    _RunFilterForR
            0000cdda    __lock
            0000cddc    __unlock
            0000cdde    __cleanup_ptr
            0000cde0    __dtors_ptr
            0000cde2    _counter1
            0000cde3    _counter2
            0000cde4    _Hwafft_Func
            0000cde6    _RcvL1_copy
            0000cde6    ___end__
            0000cde6    end
            0000d5e6    _RcvL2_copy
            0000dde6    _RcvR1_copy
            0000e5e6    _RcvR2_copy
            0000ede6    ___cinit__
            0000ede6    cinit
ffffffff                ___binit__
ffffffff                ___c_args__
ffffffff                ___pinit__
ffffffff                binit
ffffffff                pinit

[387 symbols]
