******************************************************************************
              TMS320C55x Linker PC v4.3.8                      
******************************************************************************
>> Linked Tue May 19 18:58:50 2020

OUTPUT FILE NAME:   <execution_speed.out>
ENTRY POINT SYMBOL: "reset_isr"  address: 0001775a


MEMORY CONFIGURATION

         name            origin    length      used     unused   attr    fill
                        (bytes)   (bytes)    (bytes)   (bytes)
----------------------  --------  ---------  --------  --------  ----  --------
  MMR                   00000000   000000c0  00000000  000000c0  RW  
  DARAM_0               000000c0   00001f40  00001e00  00000140  RW  
  DARAM_1               00002000   00002000  00002000  00000000  RW  
  DARAM_2               00004000   00002000  00002000  00000000  RW  
  DARAM_3               00006000   00002000  00002000  00000000  RW  
  DARAM_4               00008000   00002000  00002000  00000000  RW  
  DARAM_5               0000a000   00002000  00001a38  000005c8  RW  
  DARAM_6               0000c000   00002000  00001010  00000ff0  RW  
  DARAM_7               0000e000   00002000  00001010  00000ff0  RW  
  SARAM_0               00010000   00020000  00015abc  0000a544  RW  
  SARAM_1               00030000   0001c000  00000000  0001c000  RW  
  SARAM_2               0004c000   00001000  00000000  00001000  RWIX
  SARAM_3               0004d000   00001000  00000000  00001000  RWIX
  SARAM_4               0004e000   00001000  00000000  00001000  RW  
  SARAM_5               0004f000   00001000  00000000  00001000  RW  
  EMIF_CS0              00050000   007b0000  00000000  007b0000  RW  
  EMIF_CS2              00800000   00400000  00000000  00400000  RW  
  EMIF_CS3              00c00000   00200000  00000000  00200000  RW  
  EMIF_CS4              00e00000   00100000  00000000  00100000  RW  
  EMIF_CS5              00f00000   000e0000  00000000  000e0000  RW  
  SAROM_0               00fe0000   00008000  00000000  00008000  R  X
  SAROM_1               00fe8000   00008000  00000000  00008000  R  X
  SAROM_2               00ff0000   00008000  00000000  00008000  R  X
  SAROM_3               00ff8000   00007f00  00000000  00007f00  R  X
  VECS                  00ffff00   00000100  00000000  00000100  R  X


SECTION ALLOCATION MAP
(Addresses surrounded by []'s are displayed for convenience only!)

output                                                          attributes/
section   page  orgn(bytes) orgn(words) len(bytes) len(words)   input sections
--------  ----  ----------- ----------- ---------- ----------   --------------
.stack       0   [ 000000c0 ]  00000060          *   00000400   UNINITIALIZED
                 [ 000000c0 ]  00000060          *   00000400   --HOLE--

.sysstack 
*            0   [ 000008c0 ]  00000460          *   00000200   UNINITIALIZED
                 [ 000008c0 ]  00000460          *   00000200   --HOLE--

vector       0     00000d00  [ 00000680 ] 00000100          *   
                   00000d00  [ 00000680 ] 00000100          *   vector.obj (vector)

.sysmem      0   [ 00000e00 ]  00000700          *   00000800   UNINITIALIZED
                 [ 00000e00 ]  00000700          *   00000800   --HOLE--

vectors      0     00001e00  [ 00000f00 ] 00000100          *   NOLOAD SECTION
                   00001e00  [ 00000f00 ] 00000100          *   rts55h.lib : vectors.obj (vectors)

data_br_buf 
*            0   [ 00002000 ]  00001000          *   00000800   UNINITIALIZED
                 [ 00002000 ]  00001000          *   00000800   main.obj (data_br_buf)

scratch_buf 
*            0   [ 00003000 ]  00001800          *   00000800   UNINITIALIZED
                 [ 00003000 ]  00001800          *   00000800   main.obj (scratch_buf)

coeffs_fft_buf 
*            0   [ 00004000 ]  00002000          *   00000800   UNINITIALIZED
                 [ 00004000 ]  00002000          *   00000800   configuration.obj (coeffs_fft_buf)

convolved_buf 
*            0   [ 00005000 ]  00002800          *   00000800   UNINITIALIZED
                 [ 00005000 ]  00002800          *   00000800   configuration.obj (convolved_buf)

RcvL1        0   [ 00006000 ]  00003000          *   00000800   UNINITIALIZED
                 [ 00006000 ]  00003000          *   00000800   configuration.obj (RcvL1)

RcvL2        0   [ 00007000 ]  00003800          *   00000800   UNINITIALIZED
                 [ 00007000 ]  00003800          *   00000800   configuration.obj (RcvL2)

RcvR1        0   [ 00008000 ]  00004000          *   00000800   UNINITIALIZED
                 [ 00008000 ]  00004000          *   00000800   configuration.obj (RcvR1)

RcvR2        0   [ 00009000 ]  00004800          *   00000800   UNINITIALIZED
                 [ 00009000 ]  00004800          *   00000800   configuration.obj (RcvR2)

FilterOut 
*            0   [ 0000a000 ]  00005000          *   00000800   UNINITIALIZED
                 [ 0000a000 ]  00005000          *   00000800   configuration.obj (FilterOut)

OverlapL     0   [ 0000b000 ]  00005800          *   000001fe   UNINITIALIZED
                 [ 0000b000 ]  00005800          *   000001fe   configuration.obj (OverlapL)

OverlapR     0   [ 0000b3fc ]  000059fe          *   000001fe   UNINITIALIZED
                 [ 0000b3fc ]  000059fe          *   000001fe   configuration.obj (OverlapR)

.cio         0   [ 0000b7f8 ]  00005bfc          *   00000120   UNINITIALIZED
                 [ 0000b7f8 ]  00005bfc          *   00000120   rts55h.lib : trgmsg.obj (.cio)

XmitL1       0   [ 0000c000 ]  00006000          *   00000404   UNINITIALIZED
                 [ 0000c000 ]  00006000          *   00000404   configuration.obj (XmitL1)

XmitL2       0   [ 0000c808 ]  00006404          *   00000404   UNINITIALIZED
                 [ 0000c808 ]  00006404          *   00000404   configuration.obj (XmitL2)

XmitR1       0   [ 0000e000 ]  00007000          *   00000404   UNINITIALIZED
                 [ 0000e000 ]  00007000          *   00000404   configuration.obj (XmitR1)

XmitR2       0   [ 0000e808 ]  00007404          *   00000404   UNINITIALIZED
                 [ 0000e808 ]  00007404          *   00000404   configuration.obj (XmitR2)

.text        0     00010000  [ 00008000 ] 00007fd8          *   
                   00010000  [ 00008000 ] 00001526          *   rts55h.lib : _printfi.obj (.text)
                   00011526  [ 00008a93 ] 00000fe7          *   hwafft.obj (.text)
                   0001250d  [ 00009286+] 000008d7          *   main.obj (.text)
                   00012de4  [ 000096f2 ] 0000053a          *   aic3204_init.obj (.text)
                   0001331e  [ 0000998f ] 00000538          *   rts55h.lib : trgdrv.obj (.text)
                   00013856  [ 00009c2b ] 0000052a          *              : memory.obj (.text)
                   00013d80  [ 00009ec0 ] 00000518          *              : lowlev.obj (.text)
                   00014298  [ 0000a14c ] 00000493          *   filter_routines.obj (.text)
                   0001472b  [ 0000a395+] 00000492          *   dma_routines.obj (.text)
                   00014bbd  [ 0000a5de+] 00000367          *   rts55h.lib : divd.obj (.text)
                   00014f24  [ 0000a792 ] 00000340          *   pll.obj (.text)
                   00015264  [ 0000a932 ] 000002ef          *   codec_routines.obj (.text)
                   00015553  [ 0000aaa9+] 000002ad          *   CSLc55x5h.lib : csl_pll.obj (.text)
                   00015800  [ 0000ac00 ] 00000298          *   i2s_register.obj (.text)
                   00015a98  [ 0000ad4c ] 0000026c          *   rts55h.lib : fopen.obj (.text)
                   00015d04  [ 0000ae82 ] 0000025c          *              : llmpy.obj (.text)
                   00015f60  [ 0000afb0 ] 00000257          *              : addd.obj (.text)
                   000161b7  [ 0000b0db+] 00000230          *   MMA8451.obj (.text)
                   000163e7  [ 0000b1f3+] 000001ea          *   rts55h.lib : cmpd.obj (.text)
                   000165d1  [ 0000b2e8+] 0000019f          *   ezdsp5535_i2c.obj (.text)
                   00016770  [ 0000b3b8 ] 00000187          *   aic3204.obj (.text)
                   000168f7  [ 0000b47b+] 0000017b          *   rts55h.lib : fputs.obj (.text)
                   00016a72  [ 0000b539 ] 0000016b          *   ezdsp5535_gpio.obj (.text)
                   00016bdd  [ 0000b5ee+] 0000014b          *   rts55h.lib : mpyd.obj (.text)
                   00016d28  [ 0000b694 ] 00000118          *              : sqrt.obj (.text)
                   00016e40  [ 0000b720 ] 000000f3          *              : setvbuf.obj (.text)
                   00016f33  [ 0000b799+] 000000ee          *              : ldexp.obj (.text)
                   00017021  [ 0000b810+] 000000dc          *   rtc_routines.obj (.text)
                   000170fd  [ 0000b87e+] 000000da          *   rts55h.lib : _io_perm.obj (.text)
                   000171d7  [ 0000b8eb+] 000000cb          *              : frexp.obj (.text)
                   000172a2  [ 0000b951 ] 000000c8          *              : frcmpyd_div.obj (.text)
                   0001736a  [ 0000b9b5 ] 000000be          *              : trgmsg.obj (.text:CIO_breakpoint)
                   00017428  [ 0000ba14 ] 000000ba          *              : fflush.obj (.text)
                   000174e2  [ 0000ba71 ] 000000ab          *   55xdsph.lib : decimate.obj (.text)
                   0001758d  [ 0000bac6+] 000000a2          *   rts55h.lib : fputc.obj (.text)
                   0001762f  [ 0000bb17+] 000000a0          *              : divul.obj (.text)
                   000176cf  [ 0000bb67+] 0000008b          *   55xdsph.lib : fir2.obj (.text)
                   0001775a  [ 0000bbad ] 0000007b          *   vector.obj (.text)
                   000177d5  [ 0000bbea+] 00000079          *   rts55h.lib : ltoa.obj (.text)
                   0001784e  [ 0000bc27 ] 00000076          *              : fclose.obj (.text)
                   000178c4  [ 0000bc62 ] 00000076          *              : frcmpyd.obj (.text)
                   0001793a  [ 0000bc9d ] 00000070          *              : remul.obj (.text)
                   000179aa  [ 0000bcd5 ] 0000006e          *              : fixdli.obj (.text)
                   00017a18  [ 0000bd0c ] 0000006b          *              : trgmsg.obj (.text)
                   00017a83  [ 0000bd41+] 00000068          *              : fseek.obj (.text)
                   00017aeb  [ 0000bd75+] 00000067          *              : fltlid.obj (.text)
                   00017b52  [ 0000bda9 ] 00000059          *              : atoi.obj (.text)
                   00017bab  [ 0000bdd5+] 00000056          *              : memcpy.obj (.text)
                   00017c01  [ 0000be00+] 00000054          *   ezdsp5535.obj (.text)
                   00017c55  [ 0000be2a+] 00000051          *   i2s_routines.obj (.text)
                   00017ca6  [ 0000be53 ] 0000004e          *   rts55h.lib : printf.obj (.text)
                   00017cf4  [ 0000be7a ] 0000004d          *              : autoinit.obj (.text)
                   00017d41  [ 0000bea0+] 0000004b          *              : remli.obj (.text)
                   00017d8c  [ 0000bec6 ] 00000049          *              : args_main.obj (.text)
                   00017dd5  [ 0000beea+] 00000048          *              : divli.obj (.text)
                   00017e1d  [ 0000bf0e+] 0000003e          *              : exit.obj (.text)
                   00017e5b  [ 0000bf2d+] 0000003c          *              : idiv.obj (.text)
                   00017e97  [ 0000bf4b+] 00000034          *              : boot.obj (.text)
                   00017ecb  [ 0000bf65+] 0000002a          *              : fixdi.obj (.text)
                   00017ef5  [ 0000bf7a+] 0000002a          *              : udiv.obj (.text)
                   00017f1f  [ 0000bf8f+] 00000022          *              : memccpy.obj (.text)
                   00017f41  [ 0000bfa0+] 0000001f          *   ezdsp5535_led.obj (.text)
                   00017f60  [ 0000bfb0 ] 0000001b          *   rts55h.lib : isinf.obj (.text)
                   00017f7b  [ 0000bfbd+] 00000014          *              : subd.obj (.text)
                   00017f8f  [ 0000bfc7+] 00000013          *              : lmpy.obj (.text)
                   00017fa2  [ 0000bfd1 ] 00000012          *              : _lock.obj (.text)
                   00017fb4  [ 0000bfda ] 00000010          *              : negd.obj (.text)
                   00017fc4  [ 0000bfe2 ] 0000000a          *              : remove.obj (.text)
                   00017fce  [ 0000bfe7 ] 00000007          *              : exit.obj (.text:CIO_breakpoint)
                   00017fd5  [ 0000bfea+] 00000002          *              : vectors.obj (.text)
                   00017fd7  [ 0000bfeb ] 00000001          *   --HOLE-- [fill = 20]

.bss         0   [ 00017fd8 ]  0000bfec          *   00003f3c   UNINITIALIZED
                 [ 00017fd8 ]  0000bfec          *   00003a20   main.obj (.bss)
                 [ 0001f418 ]  0000fa0c          *   0000025f   configuration.obj (.bss)
                 [ 0001f8d6 ]  0000fc6b          *   00000001   ezdsp5535_i2c.obj (.bss)
                 [ 0001f8d8 ]  0000fc6c          *   00000119   rts55h.lib : defs.obj (.bss)
                 [ 0001fb0a ]  0000fd85          *   000000d0              : trgdrv.obj (.bss)
                 [ 0001fcaa ]  0000fe55          *   00000001   rtc_routines.obj (.bss)
                 [ 0001fcac ]  0000fe56          *   00000071   rts55h.lib : lowlev.obj (.bss)
                 [ 0001fd8e ]  0000fec7          *   00000001              : errno.obj (.bss)
                 [ 0001fd90 ]  0000fec8          *   00000036   pll.obj (.bss)
                 [ 0001fdfc ]  0000fefe          *   00000016   dma_routines.obj (.bss)
                 [ 0001fe28 ]  0000ff14          *   00000007   rts55h.lib : memory.obj (.bss)
                 [ 0001fe36 ]  0000ff1b          *   00000001              : fopen.obj (.bss)
                 [ 0001fe38 ]  0000ff1c          *   00000004              : _lock.obj (.bss)
                 [ 0001fe40 ]  0000ff20          *   00000004              : exit.obj (.bss)
                 [ 0001fe48 ]  0000ff24          *   00000002   aic3204.obj (.bss)
                 [ 0001fe4c ]  0000ff26          *   00000002   filter_routines.obj (.bss)

RcvL1_copy 
*            0   [ 0001fe50 ]  0000ff28          *   00000800   UNINITIALIZED
                 [ 0001fe50 ]  0000ff28          *   00000800   configuration.obj (RcvL1_copy)

RcvL2_copy 
*            0   [ 00020e50 ]  00010728          *   00000800   UNINITIALIZED
                 [ 00020e50 ]  00010728          *   00000800   configuration.obj (RcvL2_copy)

RcvR1_copy 
*            0   [ 00021e50 ]  00010f28          *   00000800   UNINITIALIZED
                 [ 00021e50 ]  00010f28          *   00000800   configuration.obj (RcvR1_copy)

RcvR2_copy 
*            0   [ 00022e50 ]  00011728          *   00000800   UNINITIALIZED
                 [ 00022e50 ]  00011728          *   00000800   configuration.obj (RcvR2_copy)

.cinit       0   [ 00023e50 ]  00011f28          *   0000052a   
                 [ 00023e50 ]  00011f28          *   00000286   configuration.obj (.cinit)
                 [ 0002435c ]  000121ae          *   000001c1   main.obj (.cinit)
                 [ 000246de ]  0001236f          *   00000046   pll.obj (.cinit)
                 [ 0002476a ]  000123b5          *   0000002d   rts55h.lib : lowlev.obj (.cinit)
                 [ 000247c4 ]  000123e2          *   0000002a              : defs.obj (.cinit)
                 [ 00024818 ]  0001240c          *   00000018   dma_routines.obj (.cinit)
                 [ 00024848 ]  00012424          *   0000000a   rts55h.lib : _lock.obj (.cinit)
                 [ 0002485c ]  0001242e          *   0000000a              : exit.obj (.cinit)
                 [ 00024870 ]  00012438          *   00000005   filter_routines.obj (.cinit)
                 [ 0002487a ]  0001243d          *   00000004   ezdsp5535_i2c.obj (.cinit)
                 [ 00024882 ]  00012441          *   00000004   rtc_routines.obj (.cinit)
                 [ 0002488a ]  00012445          *   00000004   rts55h.lib : errno.obj (.cinit)
                 [ 00024892 ]  00012449          *   00000004              : fopen.obj (.cinit)
                 [ 0002489a ]  0001244d          *   00000004              : memory.obj (.cinit)
                 [ 000248a2 ]  00012451          *   00000001   --HOLE-- [fill = 0]

.const       0   [ 000248a4 ]  00012452          *   0000090c   
                 [ 000248a4 ]  00012452          *   0000039d   main.obj (.const:.string)
                 [ 00024fde ]  000127ef          *   00000001   --HOLE-- [fill = 0]
                 [ 00024fe0 ]  000127f0          *   00000236   pll.obj (.const:.string)
                 [ 0002544c ]  00012a26          *   00000174   aic3204_init.obj (.const:.string)
                 [ 00025734 ]  00012b9a          *   00000101   rts55h.lib : ctype.obj (.const:__ctypes_)
                 [ 00025936 ]  00012c9b          *   00000001   --HOLE-- [fill = 0]
                 [ 00025938 ]  00012c9c          *   00000055   MMA8451.obj (.const:.string)
                 [ 000259e2 ]  00012cf1          *   00000001   --HOLE-- [fill = 0]
                 [ 000259e4 ]  00012cf2          *   00000024   rts55h.lib : _printfi.obj (.const:.string)
                 [ 00025a2c ]  00012d16          *   0000000c              : _printfi.obj (.const)
                 [ 00025a44 ]  00012d22          *   0000000a              : ldexp.obj (.const)
                 [ 00025a58 ]  00012d2c          *   0000000a              : sqrt.obj (.const)
                 [ 00025a6c ]  00012d36          *   00000008              : divd.obj (.const:_initial_approx$1)
                 [ 00025a7c ]  00012d3e          *   00000008              : frexp.obj (.const)
                 [ 00025a8c ]  00012d46          *   00000003   main.obj (.const)
                 [ 00025a92 ]  00012d49          *   00000001   --HOLE-- [fill = 0]
                 [ 00025a94 ]  00012d4a          *   00000002   rts55h.lib : fputs.obj (.const:.string)
                 [ 00025a98 ]  00012d4c          *   00000002   MMA8451.obj (.const:_$P$T0$1)
                 [ 00025a9c ]  00012d4e          *   00000002   MMA8451.obj (.const:_$P$T1$2)
                 [ 00025aa0 ]  00012d50          *   00000002   MMA8451.obj (.const:_$P$T2$3)
                 [ 00025aa4 ]  00012d52          *   00000002   MMA8451.obj (.const:_$P$T3$4)
                 [ 00025aa8 ]  00012d54          *   00000002   MMA8451.obj (.const:_$P$T4$5)
                 [ 00025aac ]  00012d56          *   00000002   MMA8451.obj (.const:_$P$T5$6)
                 [ 00025ab0 ]  00012d58          *   00000002   MMA8451.obj (.const:_$P$T6$7)
                 [ 00025ab4 ]  00012d5a          *   00000002   rts55h.lib : divd.obj (.const)
                 [ 00025ab8 ]  00012d5c          *   00000002              : fltlid.obj (.const)


GLOBAL SYMBOLS: SORTED ALPHABETICALLY BY Name 

abs. value/
byte addr   word addr   name
---------   ---------   ----
00000002                $TI_capability$C5500$CallingConvention
00000008                $TI_capability$C5500$MemoryModel
00000001                $TI_capability_requires_rev3
            0000bfec    .bss
00010000                .text
00017fcf                C$$EXIT
00017423                C$$IO$$
00017e5b                I$$DIV
00017f8f                I$$LMPY
00017e7a                I$$MOD
00017ef5                I$$UDIV
00017f0a                I$$UMOD
00015264                _AIC3204_init
00016770                _AIC3204_rget
000167bb                _AIC3204_rset
00014574                _COLA_Output
00014643                _CPLX_Mul
00014367                _Clear_COLA_Overlaps
00012d84                _ConfigPort
            0000fe55    _Count_RTC
            0000fa02    _CrestFactor
            0000ff0e    _CurrentRxL_DMAChannel
            0000ff0f    _CurrentRxR_DMAChannel
            0000ff10    _CurrentTxL_DMAChannel
            0000ff11    _CurrentTxR_DMAChannel
00014a08                _DMA_Isr
000143ae                _FFT_Coeffs
00014480                _FFT_Filter
            0000bfec    _FIR_HP_1000Hz
            00005000    _FilterOut
000137f8                _HOSTclock
0001378d                _HOSTclose
000136d8                _HOSTlseek
00013637                _HOSTopen
000135ac                _HOSTread
000134f3                _HOSTrename
00013495                _HOSTtime
00013429                _HOSTunlink
0001339e                _HOSTwrite
            0000c0de    _HP_coeffs
            00012d47    _HP_length
            0000ff26    _Hwafft_Func
00012d1e                _InitSystem
            0000c065    _LP_coeffs
000161e5                _MMAbegin
00016318                _MMAread
            00005800    _OverlapL
            000059fe    _OverlapR
00012cec                _PLL_98MHz
00015745                _PLL_bypass
000155b5                _PLL_config
000156de                _PLL_enable
0001557d                _PLL_init
00015794                _PLL_reset
00012555                _RMS
00000d00                _RST
0001707b                _RTC_Isr
            00003000    _RcvL1
            0000ff28    _RcvL1_copy
            00003800    _RcvL2
            00010728    _RcvL2_copy
            00004000    _RcvR1
            00010f28    _RcvR1_copy
            00004800    _RcvR2
            00011728    _RcvR2_copy
00001e00                _Reset
            0000ff12    _RunFilterForL
            0000ff13    _RunFilterForR
            0000fefe    _RxL1_DMA_address
            0000ff00    _RxL2_DMA_address
            0000ff02    _RxR1_DMA_address
            0000ff04    _RxR2_DMA_address
            0000fc0b    _Simulation
            0000ff06    _TxL1_DMA_address
            0000ff08    _TxL2_DMA_address
            0000ff0a    _TxR1_DMA_address
            0000ff0c    _TxR2_DMA_address
            00006000    _XmitL1
            00006404    _XmitL2
            00007000    _XmitR1
            00007404    _XmitR2
00014298                _Zero_Pad_Inputs
            00005bfc    __CIOBUF_
            00000460    __STACK_END
00000800                __STACK_SIZE
00001000                __SYSMEM_SIZE
00000400                __SYSSTACK_SIZE
ffffffff                ___binit__
            0000bfec    ___bss__
ffffffff                ___c_args__
            00011f28    ___cinit__
            0000ff28    ___end__
00017fd8                ___etext__
00017f60                ___isinf
ffffffff                ___pinit__
00010000                ___text__
00015f60                __addd
00017d8c                __args_main
00015bad                __cleanup
            0000ff20    __cleanup_ptr
00016579                __cmpd
            00012b9a    __ctypes_
00014bdf                __divd
00017e5b                __divi
00017dd5                __divli
00015f2c                __divlli
00017ef5                __divu
0001762f                __divul
00015e38                __divull
00017428                __doflush
            0000ff22    __dtors_ptr
00016545                __eqld
00017ecb                __fixdi
000179aa                __fixdli
00017aeb                __fltlid
000178c4                __frcmpyd
000172a2                __frcmpyd_div
            0000fd84    __ft_end
            0000fc6c    __ftable
000164fb                __geqd
000164b0                __gtrd
00016463                __leqd
            0000ff1c    __lock
0001641b                __lssd
00016bdd                __mpyd
00017f8f                __mpyli
00015d81                __mpylli
00017fb4                __negd
000163e7                __neqd
00017fb2                __nop
00011308                __printfi
0001717a                __rd_ok
00017faa                __register_lock
00017fa2                __register_unlock
00017e7a                __remi
00017d41                __remli
00015d52                __remlli
00017f0a                __remu
0001793a                __remul
00015d04                __remull
            00000060    __stack
00017f7b                __subd
            00000700    __sys_memory
            00000460    __sysstack
            0000fce4    __tmpnams
            0000ff1e    __unlock
000170fd                __wrt_ok
00017fce                _abort
            0000c15c    _absolute_value
000141b0                _add_device
00016829                _aic3204_codec_read
0001686f                _aic3204_codec_read_MONO
000168bb                _aic3204_codec_write
0001680d                _aic3204_disable
000167dd                _aic3204_hardware_init
00012de4                _aic3204_init
00017b52                _atoi
00017cf4                _auto_init
000146ab                _buff_copy16
000146e4                _buff_copy32
00017e97                _c_int00
000127f7                _calculate_abs
00013d34                _calloc
00013d2c                _chkheap
            0000c159    _clearOverlaps
00014140                _close
000125b7                _codecRead
            0000fa0c    _coeffs
            00002000    _coeffs_fft_buf
            00002800    _convolved_buf
            0000ed7d    _dBuffer
            0000edf8    _dBufferer_ptr
            00001000    _data_br_buf
            0000fa03    _digit
00015a60                _disable_i2s0
00015a6e                _disable_i2s1
00015a7c                _disable_i2s2
00015a8a                _disable_i2s3
            0000c15a    _dummy1
000149fb                _enable_dma_int
00015a28                _enable_i2s0
00015a36                _enable_i2s1
00015a44                _enable_i2s2
00015a52                _enable_i2s3
00017021                _enable_rtc_second_int
            0000e95c    _envelope_data
            0000fec7    _errno
            0000c15b    _errorFlag
00017e1d                _exit
            0000fa0a    _expBits
00016b7e                _ezdsp5535_GPIO_getInput
00016a72                _ezdsp5535_GPIO_init
00016a76                _ezdsp5535_GPIO_setDirection
00016b01                _ezdsp5535_GPIO_setOutput
000165f0                _ezdsp5535_I2C_close
000165d1                _ezdsp5535_I2C_init
000166f7                _ezdsp5535_I2C_read
000165f9                _ezdsp5535_I2C_reset
00016607                _ezdsp5535_I2C_write
00016682                _ezdsp5535_I2C_write_SR
00017f55                _ezdsp5535_LED_init
00017f4b                _ezdsp5535_LED_off
00017f41                _ezdsp5535_LED_on
00017c47                _ezdsp5535_init
00017c01                _ezdsp5535_wait
00017c35                _ezdsp5535_waitusec
            0000c158    _fBypassOn
            0000c157    _fFilterOn
0001784e                _fclose
0001748a                _fflush
0001250d                _fft_create_datapoint_array
            0000edfb    _fft_datapoints
            00012d48    _fft_length
            0000f9fc    _fft_output_location
            0000f9fe    _fft_save_location
00014137                _find_registered_device
000176cf                _fir2
000174e2                _firdec
            0000edfa    _firflag
00015ccb                _fopen
0001758d                _fputc
000168f7                _fputs
            0000fa06    _fraction
            0000fa08    _fractionBits
00013856                _free
00013cc5                _free_memory
00015c05                _freopen
000171d7                _frexp
00017a83                _fseek
000128f6                _getAbs
0001331e                _getenv
            0000fed2    _hPll
00012878                _homemadePOW
000122a6                _hwafft_1024pts
00011c1d                _hwafft_128pts
00011629                _hwafft_16pts
00011e2e                _hwafft_256pts
0001177f                _hwafft_32pts
0001202c                _hwafft_512pts
00011a88                _hwafft_64pts
0001153a                _hwafft_8pts
00011526                _hwafft_br
            0000ed5c    _i
00015800                _i2s0_read_CR
00015848                _i2s0_read_INTR
0001584e                _i2s0_read_INT_MASK
0001585a                _i2s0_read_RXL_LSW
00015866                _i2s0_read_RXL_MSW
00015872                _i2s0_read_RXR_LSW
0001587e                _i2s0_read_RXR_MSW
0001580c                _i2s0_read_SRGR
00015818                _i2s0_read_TXL_LSW
00015824                _i2s0_read_TXL_MSW
00015830                _i2s0_read_TXR_LSW
0001583c                _i2s0_read_TXR_MSW
00015806                _i2s0_write_CR
00015854                _i2s0_write_INT_MASK
00015860                _i2s0_write_RXL_LSW
0001586c                _i2s0_write_RXL_MSW
00015878                _i2s0_write_RXR_LSW
00015884                _i2s0_write_RXR_MSW
00015812                _i2s0_write_SRGR
0001581e                _i2s0_write_TXL_LSW
0001582a                _i2s0_write_TXL_MSW
00015836                _i2s0_write_TXR_LSW
00015842                _i2s0_write_TXR_MSW
0001588a                _i2s1_read_CR
000158d2                _i2s1_read_INTR
000158d8                _i2s1_read_INT_MASK
000158e4                _i2s1_read_RXL_LSW
000158f0                _i2s1_read_RXL_MSW
000158fc                _i2s1_read_RXR_LSW
00015908                _i2s1_read_RXR_MSW
00015896                _i2s1_read_SRGR
000158a2                _i2s1_read_TXL_LSW
000158ae                _i2s1_read_TXL_MSW
000158ba                _i2s1_read_TXR_LSW
000158c6                _i2s1_read_TXR_MSW
00015890                _i2s1_write_CR
000158de                _i2s1_write_INT_MASK
000158ea                _i2s1_write_RXL_LSW
000158f6                _i2s1_write_RXL_MSW
00015902                _i2s1_write_RXR_LSW
0001590e                _i2s1_write_RXR_MSW
0001589c                _i2s1_write_SRGR
000158a8                _i2s1_write_TXL_LSW
000158b4                _i2s1_write_TXL_MSW
000158c0                _i2s1_write_TXR_LSW
000158cc                _i2s1_write_TXR_MSW
00015914                _i2s2_read_CR
0001595c                _i2s2_read_INTR
00015962                _i2s2_read_INT_MASK
0001596e                _i2s2_read_RXL_LSW
0001597a                _i2s2_read_RXL_MSW
00015986                _i2s2_read_RXR_LSW
00015992                _i2s2_read_RXR_MSW
00015920                _i2s2_read_SRGR
0001592c                _i2s2_read_TXL_LSW
00015938                _i2s2_read_TXL_MSW
00015944                _i2s2_read_TXR_LSW
00015950                _i2s2_read_TXR_MSW
0001591a                _i2s2_write_CR
00015968                _i2s2_write_INT_MASK
00015974                _i2s2_write_RXL_LSW
00015980                _i2s2_write_RXL_MSW
0001598c                _i2s2_write_RXR_LSW
00015998                _i2s2_write_RXR_MSW
00015926                _i2s2_write_SRGR
00015932                _i2s2_write_TXL_LSW
0001593e                _i2s2_write_TXL_MSW
0001594a                _i2s2_write_TXR_LSW
00015956                _i2s2_write_TXR_MSW
0001599e                _i2s3_read_CR
000159e6                _i2s3_read_INTR
000159ec                _i2s3_read_INT_MASK
000159f8                _i2s3_read_RXL_LSW
00015a04                _i2s3_read_RXL_MSW
00015a10                _i2s3_read_RXR_LSW
00015a1c                _i2s3_read_RXR_MSW
000159aa                _i2s3_read_SRGR
000159b6                _i2s3_read_TXL_LSW
000159c2                _i2s3_read_TXL_MSW
000159ce                _i2s3_read_TXR_LSW
000159da                _i2s3_read_TXR_MSW
000159a4                _i2s3_write_CR
000159f2                _i2s3_write_INT_MASK
000159fe                _i2s3_write_RXL_LSW
00015a0a                _i2s3_write_RXL_MSW
00015a16                _i2s3_write_RXR_LSW
00015a22                _i2s3_write_RXR_MSW
000159b0                _i2s3_write_SRGR
000159bc                _i2s3_write_TXL_LSW
000159c8                _i2s3_write_TXL_MSW
000159d4                _i2s3_write_TXR_LSW
000159e0                _i2s3_write_TXR_MSW
000161b7                _inits
00016f33                _ldexp
            0000ff24    _localCounter1
            0000ff25    _localCounter2
            0000f5fb    _loopCounter
            00012d46    _lowpass_length
000140d3                _lseek
000177d5                _ltoa
0001290d                _main
0001399a                _malloc
            0000fa00    _maxValue
00013c5b                _max_free
00017f1f                _memccpy
00017bab                _memcpy
00013928                _minit
            0000ed5e    _nrOfPeaks
00014016                _open
            0000fefc    _pConfigInfo
000125ef                _peakDetect
            0000fa04    _peakFreq
            0000ed5f    _peakIndices
000128b2                _peaksPerRev
            0000fece    _pllCfg1
            0000fef4    _pllCfg_100MHz
            0000fef8    _pllCfg_120MHz
            0000fedc    _pllCfg_12MHz
            0000fee0    _pllCfg_12p288MHz
            0000fed4    _pllCfg_1MHz
            0000fed8    _pllCfg_2MHz
            0000fee4    _pllCfg_40MHz
            0000fee8    _pllCfg_60MHz
            0000feec    _pllCfg_75MHz
            0000fef0    _pllCfg_98MHz
            0000fec8    _pllObj
00014f9f                _pll_frequency_setup
00012675                _printErrorMessages
00017ca6                _printf
0001758d                _putc
00017620                _putchar
00016a46                _puts
00013f6c                _read
00017a18                _readmsg
            0000f5fc    _real_freq
            0000c95c    _real_part
00013a95                _realloc
00017fc4                _remove
00013f38                _remove_device
00013ee1                _rename
000162a5                _requestFromArduino
0001702d                _reset_RTC
            0000f9ff    _rmsValue
            0000fa01    _rmsValueRaw
            0000ed5d    _rpm
000162dd                _rpmReadI2C
            00001800    _scratch_buf
0001472b                _setDMA_address
0001488b                _set_dma0_ch0_i2s0_Lout
00014833                _set_dma0_ch0_stop
000148e7                _set_dma0_ch1_i2s0_Rout
00014849                _set_dma0_ch1_stop
00014943                _set_dma0_ch2_i2s0_Lin
0001485f                _set_dma0_ch2_stop
0001499f                _set_dma0_ch3_i2s0_Rin
00014875                _set_dma0_ch3_stop
00017c55                _set_i2s0_master
00017c86                _set_i2s0_slave
00012fc2                _set_sampling_frequency_and_gain
00016e40                _setvbuf
00016d28                _sqrt
00012dc7                _turnOffLED
00012daa                _turnOnLED
00013ead                _unlink
00013d80                _write
0001736a                _writemsg
ffffffff                binit
            00011f28    cinit
            0000ff28    end
00017fd8                etext
ffffffff                pinit
0001775a                reset_isr


GLOBAL SYMBOLS: SORTED BY Symbol Address 

abs. value/
byte addr   word addr   name
---------   ---------   ----
00000001                $TI_capability_requires_rev3
00000002                $TI_capability$C5500$CallingConvention
00000008                $TI_capability$C5500$MemoryModel
            00000060    __stack
00000400                __SYSSTACK_SIZE
00000800                __STACK_SIZE
            00000460    __STACK_END
            00000460    __sysstack
00000d00                _RST
            00000700    __sys_memory
00001000                __SYSMEM_SIZE
00001e00                _Reset
            00001000    _data_br_buf
            00001800    _scratch_buf
            00002000    _coeffs_fft_buf
            00002800    _convolved_buf
            00003000    _RcvL1
            00003800    _RcvL2
            00004000    _RcvR1
            00004800    _RcvR2
            00005000    _FilterOut
            00005800    _OverlapL
            000059fe    _OverlapR
            00005bfc    __CIOBUF_
            00006000    _XmitL1
            00006404    _XmitL2
            00007000    _XmitR1
            00007404    _XmitR2
00010000                .text
00010000                ___text__
00011308                __printfi
00011526                _hwafft_br
0001153a                _hwafft_8pts
00011629                _hwafft_16pts
0001177f                _hwafft_32pts
00011a88                _hwafft_64pts
00011c1d                _hwafft_128pts
00011e2e                _hwafft_256pts
0001202c                _hwafft_512pts
000122a6                _hwafft_1024pts
0001250d                _fft_create_datapoint_array
00012555                _RMS
000125b7                _codecRead
000125ef                _peakDetect
00012675                _printErrorMessages
000127f7                _calculate_abs
00012878                _homemadePOW
000128b2                _peaksPerRev
000128f6                _getAbs
0001290d                _main
00012cec                _PLL_98MHz
00012d1e                _InitSystem
00012d84                _ConfigPort
00012daa                _turnOnLED
00012dc7                _turnOffLED
00012de4                _aic3204_init
00012fc2                _set_sampling_frequency_and_gain
0001331e                _getenv
0001339e                _HOSTwrite
00013429                _HOSTunlink
00013495                _HOSTtime
000134f3                _HOSTrename
000135ac                _HOSTread
00013637                _HOSTopen
000136d8                _HOSTlseek
0001378d                _HOSTclose
000137f8                _HOSTclock
00013856                _free
00013928                _minit
0001399a                _malloc
00013a95                _realloc
00013c5b                _max_free
00013cc5                _free_memory
00013d2c                _chkheap
00013d34                _calloc
00013d80                _write
00013ead                _unlink
00013ee1                _rename
00013f38                _remove_device
00013f6c                _read
00014016                _open
000140d3                _lseek
00014137                _find_registered_device
00014140                _close
000141b0                _add_device
00014298                _Zero_Pad_Inputs
00014367                _Clear_COLA_Overlaps
000143ae                _FFT_Coeffs
00014480                _FFT_Filter
00014574                _COLA_Output
00014643                _CPLX_Mul
000146ab                _buff_copy16
000146e4                _buff_copy32
0001472b                _setDMA_address
00014833                _set_dma0_ch0_stop
00014849                _set_dma0_ch1_stop
0001485f                _set_dma0_ch2_stop
00014875                _set_dma0_ch3_stop
0001488b                _set_dma0_ch0_i2s0_Lout
000148e7                _set_dma0_ch1_i2s0_Rout
00014943                _set_dma0_ch2_i2s0_Lin
0001499f                _set_dma0_ch3_i2s0_Rin
000149fb                _enable_dma_int
00014a08                _DMA_Isr
00014bdf                __divd
00014f9f                _pll_frequency_setup
00015264                _AIC3204_init
0001557d                _PLL_init
000155b5                _PLL_config
000156de                _PLL_enable
00015745                _PLL_bypass
00015794                _PLL_reset
00015800                _i2s0_read_CR
00015806                _i2s0_write_CR
0001580c                _i2s0_read_SRGR
00015812                _i2s0_write_SRGR
00015818                _i2s0_read_TXL_LSW
0001581e                _i2s0_write_TXL_LSW
00015824                _i2s0_read_TXL_MSW
0001582a                _i2s0_write_TXL_MSW
00015830                _i2s0_read_TXR_LSW
00015836                _i2s0_write_TXR_LSW
0001583c                _i2s0_read_TXR_MSW
00015842                _i2s0_write_TXR_MSW
00015848                _i2s0_read_INTR
0001584e                _i2s0_read_INT_MASK
00015854                _i2s0_write_INT_MASK
0001585a                _i2s0_read_RXL_LSW
00015860                _i2s0_write_RXL_LSW
00015866                _i2s0_read_RXL_MSW
0001586c                _i2s0_write_RXL_MSW
00015872                _i2s0_read_RXR_LSW
00015878                _i2s0_write_RXR_LSW
0001587e                _i2s0_read_RXR_MSW
00015884                _i2s0_write_RXR_MSW
0001588a                _i2s1_read_CR
00015890                _i2s1_write_CR
00015896                _i2s1_read_SRGR
0001589c                _i2s1_write_SRGR
000158a2                _i2s1_read_TXL_LSW
000158a8                _i2s1_write_TXL_LSW
000158ae                _i2s1_read_TXL_MSW
000158b4                _i2s1_write_TXL_MSW
000158ba                _i2s1_read_TXR_LSW
000158c0                _i2s1_write_TXR_LSW
000158c6                _i2s1_read_TXR_MSW
000158cc                _i2s1_write_TXR_MSW
000158d2                _i2s1_read_INTR
000158d8                _i2s1_read_INT_MASK
000158de                _i2s1_write_INT_MASK
000158e4                _i2s1_read_RXL_LSW
000158ea                _i2s1_write_RXL_LSW
000158f0                _i2s1_read_RXL_MSW
000158f6                _i2s1_write_RXL_MSW
000158fc                _i2s1_read_RXR_LSW
00015902                _i2s1_write_RXR_LSW
00015908                _i2s1_read_RXR_MSW
0001590e                _i2s1_write_RXR_MSW
00015914                _i2s2_read_CR
0001591a                _i2s2_write_CR
00015920                _i2s2_read_SRGR
00015926                _i2s2_write_SRGR
0001592c                _i2s2_read_TXL_LSW
00015932                _i2s2_write_TXL_LSW
00015938                _i2s2_read_TXL_MSW
0001593e                _i2s2_write_TXL_MSW
00015944                _i2s2_read_TXR_LSW
0001594a                _i2s2_write_TXR_LSW
00015950                _i2s2_read_TXR_MSW
00015956                _i2s2_write_TXR_MSW
0001595c                _i2s2_read_INTR
00015962                _i2s2_read_INT_MASK
00015968                _i2s2_write_INT_MASK
0001596e                _i2s2_read_RXL_LSW
00015974                _i2s2_write_RXL_LSW
0001597a                _i2s2_read_RXL_MSW
00015980                _i2s2_write_RXL_MSW
00015986                _i2s2_read_RXR_LSW
0001598c                _i2s2_write_RXR_LSW
00015992                _i2s2_read_RXR_MSW
00015998                _i2s2_write_RXR_MSW
0001599e                _i2s3_read_CR
000159a4                _i2s3_write_CR
000159aa                _i2s3_read_SRGR
000159b0                _i2s3_write_SRGR
000159b6                _i2s3_read_TXL_LSW
000159bc                _i2s3_write_TXL_LSW
000159c2                _i2s3_read_TXL_MSW
000159c8                _i2s3_write_TXL_MSW
000159ce                _i2s3_read_TXR_LSW
000159d4                _i2s3_write_TXR_LSW
000159da                _i2s3_read_TXR_MSW
000159e0                _i2s3_write_TXR_MSW
000159e6                _i2s3_read_INTR
000159ec                _i2s3_read_INT_MASK
000159f2                _i2s3_write_INT_MASK
000159f8                _i2s3_read_RXL_LSW
000159fe                _i2s3_write_RXL_LSW
00015a04                _i2s3_read_RXL_MSW
00015a0a                _i2s3_write_RXL_MSW
00015a10                _i2s3_read_RXR_LSW
00015a16                _i2s3_write_RXR_LSW
00015a1c                _i2s3_read_RXR_MSW
00015a22                _i2s3_write_RXR_MSW
00015a28                _enable_i2s0
00015a36                _enable_i2s1
00015a44                _enable_i2s2
00015a52                _enable_i2s3
00015a60                _disable_i2s0
00015a6e                _disable_i2s1
00015a7c                _disable_i2s2
00015a8a                _disable_i2s3
00015bad                __cleanup
00015c05                _freopen
00015ccb                _fopen
00015d04                __remull
00015d52                __remlli
00015d81                __mpylli
00015e38                __divull
00015f2c                __divlli
00015f60                __addd
000161b7                _inits
000161e5                _MMAbegin
000162a5                _requestFromArduino
000162dd                _rpmReadI2C
00016318                _MMAread
000163e7                __neqd
0001641b                __lssd
00016463                __leqd
000164b0                __gtrd
000164fb                __geqd
00016545                __eqld
00016579                __cmpd
000165d1                _ezdsp5535_I2C_init
000165f0                _ezdsp5535_I2C_close
000165f9                _ezdsp5535_I2C_reset
00016607                _ezdsp5535_I2C_write
00016682                _ezdsp5535_I2C_write_SR
000166f7                _ezdsp5535_I2C_read
00016770                _AIC3204_rget
000167bb                _AIC3204_rset
000167dd                _aic3204_hardware_init
0001680d                _aic3204_disable
00016829                _aic3204_codec_read
0001686f                _aic3204_codec_read_MONO
000168bb                _aic3204_codec_write
000168f7                _fputs
00016a46                _puts
00016a72                _ezdsp5535_GPIO_init
00016a76                _ezdsp5535_GPIO_setDirection
00016b01                _ezdsp5535_GPIO_setOutput
00016b7e                _ezdsp5535_GPIO_getInput
00016bdd                __mpyd
00016d28                _sqrt
00016e40                _setvbuf
00016f33                _ldexp
00017021                _enable_rtc_second_int
0001702d                _reset_RTC
0001707b                _RTC_Isr
000170fd                __wrt_ok
0001717a                __rd_ok
000171d7                _frexp
000172a2                __frcmpyd_div
0001736a                _writemsg
00017423                C$$IO$$
00017428                __doflush
0001748a                _fflush
000174e2                _firdec
0001758d                _fputc
0001758d                _putc
00017620                _putchar
0001762f                __divul
000176cf                _fir2
0001775a                reset_isr
000177d5                _ltoa
0001784e                _fclose
000178c4                __frcmpyd
0001793a                __remul
000179aa                __fixdli
00017a18                _readmsg
00017a83                _fseek
00017aeb                __fltlid
00017b52                _atoi
00017bab                _memcpy
00017c01                _ezdsp5535_wait
00017c35                _ezdsp5535_waitusec
00017c47                _ezdsp5535_init
00017c55                _set_i2s0_master
00017c86                _set_i2s0_slave
00017ca6                _printf
00017cf4                _auto_init
00017d41                __remli
00017d8c                __args_main
00017dd5                __divli
00017e1d                _exit
00017e5b                I$$DIV
00017e5b                __divi
00017e7a                I$$MOD
00017e7a                __remi
00017e97                _c_int00
00017ecb                __fixdi
00017ef5                I$$UDIV
00017ef5                __divu
00017f0a                I$$UMOD
00017f0a                __remu
00017f1f                _memccpy
00017f41                _ezdsp5535_LED_on
00017f4b                _ezdsp5535_LED_off
00017f55                _ezdsp5535_LED_init
00017f60                ___isinf
00017f7b                __subd
00017f8f                I$$LMPY
00017f8f                __mpyli
00017fa2                __register_unlock
00017faa                __register_lock
00017fb2                __nop
00017fb4                __negd
00017fc4                _remove
00017fce                _abort
00017fcf                C$$EXIT
            0000bfec    .bss
            0000bfec    _FIR_HP_1000Hz
            0000bfec    ___bss__
00017fd8                ___etext__
00017fd8                etext
            0000c065    _LP_coeffs
            0000c0de    _HP_coeffs
            0000c157    _fFilterOn
            0000c158    _fBypassOn
            0000c159    _clearOverlaps
            0000c15a    _dummy1
            0000c15b    _errorFlag
            0000c15c    _absolute_value
            0000c95c    _real_part
            0000e95c    _envelope_data
            0000ed5c    _i
            0000ed5d    _rpm
            0000ed5e    _nrOfPeaks
            0000ed5f    _peakIndices
            0000ed7d    _dBuffer
            0000edf8    _dBufferer_ptr
            0000edfa    _firflag
            0000edfb    _fft_datapoints
            0000f5fb    _loopCounter
            0000f5fc    _real_freq
            0000f9fc    _fft_output_location
            0000f9fe    _fft_save_location
            0000f9ff    _rmsValue
            0000fa00    _maxValue
            0000fa01    _rmsValueRaw
            0000fa02    _CrestFactor
            0000fa03    _digit
            0000fa04    _peakFreq
            0000fa06    _fraction
            0000fa08    _fractionBits
            0000fa0a    _expBits
            0000fa0c    _coeffs
            0000fc0b    _Simulation
            0000fc6c    __ftable
            0000fce4    __tmpnams
            0000fd84    __ft_end
            0000fe55    _Count_RTC
            0000fec7    _errno
            0000fec8    _pllObj
            0000fece    _pllCfg1
            0000fed2    _hPll
            0000fed4    _pllCfg_1MHz
            0000fed8    _pllCfg_2MHz
            0000fedc    _pllCfg_12MHz
            0000fee0    _pllCfg_12p288MHz
            0000fee4    _pllCfg_40MHz
            0000fee8    _pllCfg_60MHz
            0000feec    _pllCfg_75MHz
            0000fef0    _pllCfg_98MHz
            0000fef4    _pllCfg_100MHz
            0000fef8    _pllCfg_120MHz
            0000fefc    _pConfigInfo
            0000fefe    _RxL1_DMA_address
            0000ff00    _RxL2_DMA_address
            0000ff02    _RxR1_DMA_address
            0000ff04    _RxR2_DMA_address
            0000ff06    _TxL1_DMA_address
            0000ff08    _TxL2_DMA_address
            0000ff0a    _TxR1_DMA_address
            0000ff0c    _TxR2_DMA_address
            0000ff0e    _CurrentRxL_DMAChannel
            0000ff0f    _CurrentRxR_DMAChannel
            0000ff10    _CurrentTxL_DMAChannel
            0000ff11    _CurrentTxR_DMAChannel
            0000ff12    _RunFilterForL
            0000ff13    _RunFilterForR
            0000ff1c    __lock
            0000ff1e    __unlock
            0000ff20    __cleanup_ptr
            0000ff22    __dtors_ptr
            0000ff24    _localCounter1
            0000ff25    _localCounter2
            0000ff26    _Hwafft_Func
            0000ff28    _RcvL1_copy
            0000ff28    ___end__
            0000ff28    end
            00010728    _RcvL2_copy
            00010f28    _RcvR1_copy
            00011728    _RcvR2_copy
            00011f28    ___cinit__
            00011f28    cinit
            00012b9a    __ctypes_
            00012d46    _lowpass_length
            00012d47    _HP_length
            00012d48    _fft_length
ffffffff                ___binit__
ffffffff                ___c_args__
ffffffff                ___pinit__
ffffffff                binit
ffffffff                pinit

[415 symbols]
